Archive member included to satisfy reference by file (symbol)

c:/intelfpga_lite/18.1/nios2eds/bin/gnu/h-x86_64-mingw32/bin/../lib/gcc/nios2-elf/5.3.0/../../../../../H-x86_64-mingw32/nios2-elf/lib/mno-hw-mul\libsmallc.a(lib_a-exit.o)
                              obj/default/lab6_part4.o (exit)
c:/intelfpga_lite/18.1/nios2eds/bin/gnu/h-x86_64-mingw32/bin/../lib/gcc/nios2-elf/5.3.0/../../../../../H-x86_64-mingw32/nios2-elf/lib/mno-hw-mul\libsmallc.a(lib_a-printf.o)
                              obj/default/lab6_part4.o (printf)
c:/intelfpga_lite/18.1/nios2eds/bin/gnu/h-x86_64-mingw32/bin/../lib/gcc/nios2-elf/5.3.0/../../../../../H-x86_64-mingw32/nios2-elf/lib/mno-hw-mul\libsmallc.a(lib_a-vfprintf.o)
                              c:/intelfpga_lite/18.1/nios2eds/bin/gnu/h-x86_64-mingw32/bin/../lib/gcc/nios2-elf/5.3.0/../../../../../H-x86_64-mingw32/nios2-elf/lib/mno-hw-mul\libsmallc.a(lib_a-printf.o) (___vfprintf_internal_r)
c:/intelfpga_lite/18.1/nios2eds/bin/gnu/h-x86_64-mingw32/bin/../lib/gcc/nios2-elf/5.3.0/../../../../../H-x86_64-mingw32/nios2-elf/lib/mno-hw-mul\libsmallc.a(lib_a-__call_atexit.o)
                              c:/intelfpga_lite/18.1/nios2eds/bin/gnu/h-x86_64-mingw32/bin/../lib/gcc/nios2-elf/5.3.0/../../../../../H-x86_64-mingw32/nios2-elf/lib/mno-hw-mul\libsmallc.a(lib_a-exit.o) (__call_exitprocs)
c:/intelfpga_lite/18.1/nios2eds/bin/gnu/h-x86_64-mingw32/bin/../lib/gcc/nios2-elf/5.3.0/../../../../../H-x86_64-mingw32/nios2-elf/lib/mno-hw-mul\libsmallc.a(lib_a-fvwrite_small_dev.o)
                              c:/intelfpga_lite/18.1/nios2eds/bin/gnu/h-x86_64-mingw32/bin/../lib/gcc/nios2-elf/5.3.0/../../../../../H-x86_64-mingw32/nios2-elf/lib/mno-hw-mul\libsmallc.a(lib_a-printf.o) (__sfvwrite_small_dev)
c:/intelfpga_lite/18.1/nios2eds/bin/gnu/h-x86_64-mingw32/bin/../lib/gcc/nios2-elf/5.3.0/../../../../../H-x86_64-mingw32/nios2-elf/lib/mno-hw-mul\libsmallc.a(lib_a-impure.o)
                              c:/intelfpga_lite/18.1/nios2eds/bin/gnu/h-x86_64-mingw32/bin/../lib/gcc/nios2-elf/5.3.0/../../../../../H-x86_64-mingw32/nios2-elf/lib/mno-hw-mul\libsmallc.a(lib_a-__call_atexit.o) (_global_impure_ptr)
c:/intelfpga_lite/18.1/nios2eds/bin/gnu/h-x86_64-mingw32/bin/../lib/gcc/nios2-elf/5.3.0/../../../../../H-x86_64-mingw32/nios2-elf/lib/mno-hw-mul\libsmallc.a(lib_a-strlen.o)
                              c:/intelfpga_lite/18.1/nios2eds/bin/gnu/h-x86_64-mingw32/bin/../lib/gcc/nios2-elf/5.3.0/../../../../../H-x86_64-mingw32/nios2-elf/lib/mno-hw-mul\libsmallc.a(lib_a-vfprintf.o) (strlen)
c:/intelfpga_lite/18.1/nios2eds/bin/gnu/h-x86_64-mingw32/bin/../lib/gcc/nios2-elf/5.3.0/../../../../../H-x86_64-mingw32/nios2-elf/lib/mno-hw-mul\libsmallc.a(lib_a-writer.o)
                              c:/intelfpga_lite/18.1/nios2eds/bin/gnu/h-x86_64-mingw32/bin/../lib/gcc/nios2-elf/5.3.0/../../../../../H-x86_64-mingw32/nios2-elf/lib/mno-hw-mul\libsmallc.a(lib_a-fvwrite_small_dev.o) (_write_r)
c:/intelfpga_lite/18.1/nios2eds/bin/gnu/h-x86_64-mingw32/bin/../lib/gcc/nios2-elf/5.3.0/../../../../../H-x86_64-mingw32/nios2-elf/lib/mno-hw-mul\libsmallc.a(lib_a-int_errno.o)
                              c:/intelfpga_lite/18.1/nios2eds/bin/gnu/h-x86_64-mingw32/bin/../lib/gcc/nios2-elf/5.3.0/../../../../../H-x86_64-mingw32/nios2-elf/lib/mno-hw-mul\libsmallc.a(lib_a-writer.o) (errno)
c:/intelfpga_lite/18.1/nios2eds/bin/gnu/h-x86_64-mingw32/bin/../lib/gcc/nios2-elf/5.3.0/mno-hw-mul\libgcc.a(lib2-divmod.o)
                              c:/intelfpga_lite/18.1/nios2eds/bin/gnu/h-x86_64-mingw32/bin/../lib/gcc/nios2-elf/5.3.0/../../../../../H-x86_64-mingw32/nios2-elf/lib/mno-hw-mul\libsmallc.a(lib_a-vfprintf.o) (__udivsi3)
c:/intelfpga_lite/18.1/nios2eds/bin/gnu/h-x86_64-mingw32/bin/../lib/gcc/nios2-elf/5.3.0/mno-hw-mul\libgcc.a(lib2-mul.o)
                              c:/intelfpga_lite/18.1/nios2eds/bin/gnu/h-x86_64-mingw32/bin/../lib/gcc/nios2-elf/5.3.0/../../../../../H-x86_64-mingw32/nios2-elf/lib/mno-hw-mul\libsmallc.a(lib_a-vfprintf.o) (__mulsi3)
../lab6_part4_ap_bsp/\libhal_bsp.a(alt_exit.o)
                              c:/intelfpga_lite/18.1/nios2eds/bin/gnu/h-x86_64-mingw32/bin/../lib/gcc/nios2-elf/5.3.0/../../../../../H-x86_64-mingw32/nios2-elf/lib/mno-hw-mul\libsmallc.a(lib_a-exit.o) (_exit)
../lab6_part4_ap_bsp/\libhal_bsp.a(alt_load.o)
                              ../lab6_part4_ap_bsp//obj/HAL/src/crt0.o (alt_load)
../lab6_part4_ap_bsp/\libhal_bsp.a(alt_main.o)
                              ../lab6_part4_ap_bsp//obj/HAL/src/crt0.o (alt_main)
../lab6_part4_ap_bsp/\libhal_bsp.a(alt_write.o)
                              c:/intelfpga_lite/18.1/nios2eds/bin/gnu/h-x86_64-mingw32/bin/../lib/gcc/nios2-elf/5.3.0/../../../../../H-x86_64-mingw32/nios2-elf/lib/mno-hw-mul\libsmallc.a(lib_a-writer.o) (write)
../lab6_part4_ap_bsp/\libhal_bsp.a(alt_sys_init.o)
                              ../lab6_part4_ap_bsp/\libhal_bsp.a(alt_main.o) (alt_irq_init)
../lab6_part4_ap_bsp/\libhal_bsp.a(altera_avalon_jtag_uart_fd.o)
                              ../lab6_part4_ap_bsp/\libhal_bsp.a(alt_sys_init.o) (altera_avalon_jtag_uart_read_fd)
../lab6_part4_ap_bsp/\libhal_bsp.a(altera_avalon_jtag_uart_read.o)
                              ../lab6_part4_ap_bsp/\libhal_bsp.a(altera_avalon_jtag_uart_fd.o) (altera_avalon_jtag_uart_read)
../lab6_part4_ap_bsp/\libhal_bsp.a(altera_avalon_jtag_uart_write.o)
                              ../lab6_part4_ap_bsp/\libhal_bsp.a(altera_avalon_jtag_uart_fd.o) (altera_avalon_jtag_uart_write)
../lab6_part4_ap_bsp/\libhal_bsp.a(alt_close.o)
                              ../lab6_part4_ap_bsp/\libhal_bsp.a(alt_main.o) (close)
../lab6_part4_ap_bsp/\libhal_bsp.a(alt_dcache_flush_all.o)
                              ../lab6_part4_ap_bsp/\libhal_bsp.a(alt_load.o) (alt_dcache_flush_all)
../lab6_part4_ap_bsp/\libhal_bsp.a(alt_dev.o)
                              ../lab6_part4_ap_bsp/\libhal_bsp.a(alt_sys_init.o) (alt_dev_list)
../lab6_part4_ap_bsp/\libhal_bsp.a(alt_dev_llist_insert.o)
                              ../lab6_part4_ap_bsp/\libhal_bsp.a(alt_sys_init.o) (alt_dev_llist_insert)
../lab6_part4_ap_bsp/\libhal_bsp.a(alt_do_ctors.o)
                              ../lab6_part4_ap_bsp/\libhal_bsp.a(alt_main.o) (_do_ctors)
../lab6_part4_ap_bsp/\libhal_bsp.a(alt_do_dtors.o)
                              ../lab6_part4_ap_bsp/\libhal_bsp.a(alt_main.o) (_do_dtors)
../lab6_part4_ap_bsp/\libhal_bsp.a(alt_errno.o)
                              ../lab6_part4_ap_bsp/\libhal_bsp.a(alt_write.o) (alt_errno)
../lab6_part4_ap_bsp/\libhal_bsp.a(alt_icache_flush_all.o)
                              ../lab6_part4_ap_bsp/\libhal_bsp.a(alt_load.o) (alt_icache_flush_all)
../lab6_part4_ap_bsp/\libhal_bsp.a(alt_io_redirect.o)
                              ../lab6_part4_ap_bsp/\libhal_bsp.a(alt_main.o) (alt_io_redirect)
../lab6_part4_ap_bsp/\libhal_bsp.a(alt_open.o)
                              ../lab6_part4_ap_bsp/\libhal_bsp.a(alt_io_redirect.o) (open)
../lab6_part4_ap_bsp/\libhal_bsp.a(alt_release_fd.o)
                              ../lab6_part4_ap_bsp/\libhal_bsp.a(alt_close.o) (alt_release_fd)
../lab6_part4_ap_bsp/\libhal_bsp.a(altera_nios2_gen2_irq.o)
                              ../lab6_part4_ap_bsp/\libhal_bsp.a(alt_sys_init.o) (altera_nios2_gen2_irq_init)
../lab6_part4_ap_bsp/\libhal_bsp.a(alt_find_dev.o)
                              ../lab6_part4_ap_bsp/\libhal_bsp.a(alt_open.o) (alt_find_dev)
../lab6_part4_ap_bsp/\libhal_bsp.a(alt_find_file.o)
                              ../lab6_part4_ap_bsp/\libhal_bsp.a(alt_open.o) (alt_find_file)
../lab6_part4_ap_bsp/\libhal_bsp.a(alt_get_fd.o)
                              ../lab6_part4_ap_bsp/\libhal_bsp.a(alt_open.o) (alt_get_fd)
c:/intelfpga_lite/18.1/nios2eds/bin/gnu/h-x86_64-mingw32/bin/../lib/gcc/nios2-elf/5.3.0/../../../../../H-x86_64-mingw32/nios2-elf/lib/mno-hw-mul\libsmallc.a(lib_a-atexit.o)
                              ../lab6_part4_ap_bsp/\libhal_bsp.a(alt_main.o) (atexit)
c:/intelfpga_lite/18.1/nios2eds/bin/gnu/h-x86_64-mingw32/bin/../lib/gcc/nios2-elf/5.3.0/../../../../../H-x86_64-mingw32/nios2-elf/lib/mno-hw-mul\libsmallc.a(lib_a-memcmp.o)
                              ../lab6_part4_ap_bsp/\libhal_bsp.a(alt_find_dev.o) (memcmp)
c:/intelfpga_lite/18.1/nios2eds/bin/gnu/h-x86_64-mingw32/bin/../lib/gcc/nios2-elf/5.3.0/../../../../../H-x86_64-mingw32/nios2-elf/lib/mno-hw-mul\libsmallc.a(lib_a-__atexit.o)
                              c:/intelfpga_lite/18.1/nios2eds/bin/gnu/h-x86_64-mingw32/bin/../lib/gcc/nios2-elf/5.3.0/../../../../../H-x86_64-mingw32/nios2-elf/lib/mno-hw-mul\libsmallc.a(lib_a-atexit.o) (__register_exitproc)

Allocating common symbols
Common symbol       size              file

Ramp16              0x2               obj/default/lab6_part4.o
Ramp8               0x1               obj/default/lab6_part4.o
Check32bit          0x4               obj/default/lab6_part4.o
errno               0x4               c:/intelfpga_lite/18.1/nios2eds/bin/gnu/h-x86_64-mingw32/bin/../lib/gcc/nios2-elf/5.3.0/../../../../../H-x86_64-mingw32/nios2-elf/lib/mno-hw-mul\libsmallc.a(lib_a-int_errno.o)
Check16bit          0x4               obj/default/lab6_part4.o
sAddress            0x4               obj/default/lab6_part4.o
Check8bit           0x4               obj/default/lab6_part4.o
Ramp32              0x4               obj/default/lab6_part4.o
Push_read           0x1               obj/default/lab6_part4.o

Memory Configuration

Name             Origin             Length             Attributes
reset            0x0000000000004000 0x0000000000000020
onchip_memory2_0 0x0000000000004020 0x0000000000003fe0
*default*        0x0000000000000000 0xffffffffffffffff

Linker script and memory map

LOAD ../lab6_part4_ap_bsp//obj/HAL/src/crt0.o
LOAD obj/default/lab6_part4.o
LOAD c:/intelfpga_lite/18.1/nios2eds/bin/gnu/h-x86_64-mingw32/bin/../lib/gcc/nios2-elf/5.3.0/../../../../../H-x86_64-mingw32/nios2-elf/lib/mno-hw-mul\libstdc++.a
LOAD c:/intelfpga_lite/18.1/nios2eds/bin/gnu/h-x86_64-mingw32/bin/../lib/gcc/nios2-elf/5.3.0/../../../../../H-x86_64-mingw32/nios2-elf/lib/mno-hw-mul\libm.a
LOAD c:/intelfpga_lite/18.1/nios2eds/bin/gnu/h-x86_64-mingw32/bin/../lib/gcc/nios2-elf/5.3.0/mno-hw-mul\libgcc.a
START GROUP
LOAD c:/intelfpga_lite/18.1/nios2eds/bin/gnu/h-x86_64-mingw32/bin/../lib/gcc/nios2-elf/5.3.0/../../../../../H-x86_64-mingw32/nios2-elf/lib/mno-hw-mul\libsmallc.a
LOAD c:/intelfpga_lite/18.1/nios2eds/bin/gnu/h-x86_64-mingw32/bin/../lib/gcc/nios2-elf/5.3.0/mno-hw-mul\libgcc.a
LOAD ../lab6_part4_ap_bsp/\libhal_bsp.a
LOAD c:/intelfpga_lite/18.1/nios2eds/bin/gnu/h-x86_64-mingw32/bin/../lib/gcc/nios2-elf/5.3.0/../../../../../H-x86_64-mingw32/nios2-elf/lib/mno-hw-mul\libm.a
END GROUP
LOAD c:/intelfpga_lite/18.1/nios2eds/bin/gnu/h-x86_64-mingw32/bin/../lib/gcc/nios2-elf/5.3.0/mno-hw-mul\libgcc.a
                0x0000000000004000                __alt_mem_onchip_memory2_0 = 0x4000

.entry          0x0000000000004000       0x20
 *(.entry)
 .entry         0x0000000000004000       0x20 ../lab6_part4_ap_bsp//obj/HAL/src/crt0.o
                0x0000000000004000                __reset

.exceptions     0x0000000000004020        0x0
                0x0000000000004020                PROVIDE (__ram_exceptions_start, ABSOLUTE (.))
                0x0000000000004020                . = ALIGN (0x20)
 *(.irq)
 *(.exceptions.entry.label)
 *(.exceptions.entry.user)
 *(.exceptions.entry.ecc_fatal)
 *(.exceptions.entry)
 *(.exceptions.irqtest.user)
 *(.exceptions.irqtest)
 *(.exceptions.irqhandler.user)
 *(.exceptions.irqhandler)
 *(.exceptions.irqreturn.user)
 *(.exceptions.irqreturn)
 *(.exceptions.notirq.label)
 *(.exceptions.notirq.user)
 *(.exceptions.notirq)
 *(.exceptions.soft.user)
 *(.exceptions.soft)
 *(.exceptions.unknown.user)
 *(.exceptions.unknown)
 *(.exceptions.exit.label)
 *(.exceptions.exit.user)
 *(.exceptions.exit)
 *(.exceptions)
                0x0000000000004020                PROVIDE (__ram_exceptions_end, ABSOLUTE (.))
                0x0000000000004020                PROVIDE (__flash_exceptions_start, LOADADDR (.exceptions))

.text           0x0000000000004020     0x204c
                [!provide]                        PROVIDE (stext, ABSOLUTE (.))
 *(.interp)
 *(.hash)
 *(.dynsym)
 *(.dynstr)
 *(.gnu.version)
 *(.gnu.version_d)
 *(.gnu.version_r)
 *(.rel.init)
 *(.rela.init)
 *(.rel.text .rel.text.* .rel.gnu.linkonce.t.*)
 *(.rela.text .rela.text.* .rela.gnu.linkonce.t.*)
 *(.rel.fini)
 *(.rela.fini)
 *(.rel.rodata .rel.rodata.* .rel.gnu.linkonce.r.*)
 *(.rela.rodata .rela.rodata.* .rela.gnu.linkonce.r.*)
 *(.rel.data .rel.data.* .rel.gnu.linkonce.d.*)
 *(.rela.data .rela.data.* .rela.gnu.linkonce.d.*)
 *(.rel.tdata .rel.tdata.* .rel.gnu.linkonce.td.*)
 *(.rela.tdata .rela.tdata.* .rela.gnu.linkonce.td.*)
 *(.rel.tbss .rel.tbss.* .rel.gnu.linkonce.tb.*)
 *(.rela.tbss .rela.tbss.* .rela.gnu.linkonce.tb.*)
 *(.rel.ctors)
 *(.rela.ctors)
 *(.rel.dtors)
 *(.rela.dtors)
 *(.rel.got)
 *(.rela.got)
 *(.rel.sdata .rel.sdata.* .rel.gnu.linkonce.s.*)
 *(.rela.sdata .rela.sdata.* .rela.gnu.linkonce.s.*)
 *(.rel.sbss .rel.sbss.* .rel.gnu.linkonce.sb.*)
 *(.rela.sbss .rela.sbss.* .rela.gnu.linkonce.sb.*)
 *(.rel.sdata2 .rel.sdata2.* .rel.gnu.linkonce.s2.*)
 *(.rela.sdata2 .rela.sdata2.* .rela.gnu.linkonce.s2.*)
 *(.rel.sbss2 .rel.sbss2.* .rel.gnu.linkonce.sb2.*)
 *(.rela.sbss2 .rela.sbss2.* .rela.gnu.linkonce.sb2.*)
 *(.rel.bss .rel.bss.* .rel.gnu.linkonce.b.*)
 *(.rela.bss .rela.bss.* .rela.gnu.linkonce.b.*)
 *(.rel.plt)
 *(.rela.plt)
 *(.rel.dyn)
 *(.init)
 *(.plt)
 *(.text .stub .text.* .gnu.linkonce.t.*)
 .text          0x0000000000004020       0x3c ../lab6_part4_ap_bsp//obj/HAL/src/crt0.o
                0x0000000000004020                _start
 .text          0x000000000000405c      0x3bc obj/default/lab6_part4.o
                0x000000000000405c                Memory_Access_8
                0x0000000000004144                Memory_Access_16
                0x0000000000004254                Memory_Access_32
                0x000000000000435c                main
 .text          0x0000000000004418        0x0 c:/intelfpga_lite/18.1/nios2eds/bin/gnu/h-x86_64-mingw32/bin/../lib/gcc/nios2-elf/5.3.0/../../../../../H-x86_64-mingw32/nios2-elf/lib/mno-hw-mul\libsmallc.a(lib_a-exit.o)
 .text.exit     0x0000000000004418       0x20 c:/intelfpga_lite/18.1/nios2eds/bin/gnu/h-x86_64-mingw32/bin/../lib/gcc/nios2-elf/5.3.0/../../../../../H-x86_64-mingw32/nios2-elf/lib/mno-hw-mul\libsmallc.a(lib_a-exit.o)
                0x0000000000004418                exit
 .text          0x0000000000004438        0x0 c:/intelfpga_lite/18.1/nios2eds/bin/gnu/h-x86_64-mingw32/bin/../lib/gcc/nios2-elf/5.3.0/../../../../../H-x86_64-mingw32/nios2-elf/lib/mno-hw-mul\libsmallc.a(lib_a-printf.o)
 .text._printf_r
                0x0000000000004438       0x3c c:/intelfpga_lite/18.1/nios2eds/bin/gnu/h-x86_64-mingw32/bin/../lib/gcc/nios2-elf/5.3.0/../../../../../H-x86_64-mingw32/nios2-elf/lib/mno-hw-mul\libsmallc.a(lib_a-printf.o)
                0x0000000000004438                _printf_r
 .text.printf   0x0000000000004474       0x4c c:/intelfpga_lite/18.1/nios2eds/bin/gnu/h-x86_64-mingw32/bin/../lib/gcc/nios2-elf/5.3.0/../../../../../H-x86_64-mingw32/nios2-elf/lib/mno-hw-mul\libsmallc.a(lib_a-printf.o)
                0x0000000000004474                printf
 .text          0x00000000000044c0        0x0 c:/intelfpga_lite/18.1/nios2eds/bin/gnu/h-x86_64-mingw32/bin/../lib/gcc/nios2-elf/5.3.0/../../../../../H-x86_64-mingw32/nios2-elf/lib/mno-hw-mul\libsmallc.a(lib_a-vfprintf.o)
 .text.print_repeat
                0x00000000000044c0       0x6c c:/intelfpga_lite/18.1/nios2eds/bin/gnu/h-x86_64-mingw32/bin/../lib/gcc/nios2-elf/5.3.0/../../../../../H-x86_64-mingw32/nios2-elf/lib/mno-hw-mul\libsmallc.a(lib_a-vfprintf.o)
 .text.___vfprintf_internal_r
                0x000000000000452c      0x52c c:/intelfpga_lite/18.1/nios2eds/bin/gnu/h-x86_64-mingw32/bin/../lib/gcc/nios2-elf/5.3.0/../../../../../H-x86_64-mingw32/nios2-elf/lib/mno-hw-mul\libsmallc.a(lib_a-vfprintf.o)
                0x000000000000452c                ___vfprintf_internal_r
 .text.__vfprintf_internal
                0x0000000000004a58       0x1c c:/intelfpga_lite/18.1/nios2eds/bin/gnu/h-x86_64-mingw32/bin/../lib/gcc/nios2-elf/5.3.0/../../../../../H-x86_64-mingw32/nios2-elf/lib/mno-hw-mul\libsmallc.a(lib_a-vfprintf.o)
                0x0000000000004a58                __vfprintf_internal
 .text          0x0000000000004a74        0x0 c:/intelfpga_lite/18.1/nios2eds/bin/gnu/h-x86_64-mingw32/bin/../lib/gcc/nios2-elf/5.3.0/../../../../../H-x86_64-mingw32/nios2-elf/lib/mno-hw-mul\libsmallc.a(lib_a-__call_atexit.o)
 .text.__call_exitprocs
                0x0000000000004a74      0x190 c:/intelfpga_lite/18.1/nios2eds/bin/gnu/h-x86_64-mingw32/bin/../lib/gcc/nios2-elf/5.3.0/../../../../../H-x86_64-mingw32/nios2-elf/lib/mno-hw-mul\libsmallc.a(lib_a-__call_atexit.o)
                0x0000000000004a74                __call_exitprocs
 .text          0x0000000000004c04        0x0 c:/intelfpga_lite/18.1/nios2eds/bin/gnu/h-x86_64-mingw32/bin/../lib/gcc/nios2-elf/5.3.0/../../../../../H-x86_64-mingw32/nios2-elf/lib/mno-hw-mul\libsmallc.a(lib_a-fvwrite_small_dev.o)
 .text.__sfvwrite_small_dev
                0x0000000000004c04       0xb8 c:/intelfpga_lite/18.1/nios2eds/bin/gnu/h-x86_64-mingw32/bin/../lib/gcc/nios2-elf/5.3.0/../../../../../H-x86_64-mingw32/nios2-elf/lib/mno-hw-mul\libsmallc.a(lib_a-fvwrite_small_dev.o)
                0x0000000000004c04                __sfvwrite_small_dev
 .text          0x0000000000004cbc        0x0 c:/intelfpga_lite/18.1/nios2eds/bin/gnu/h-x86_64-mingw32/bin/../lib/gcc/nios2-elf/5.3.0/../../../../../H-x86_64-mingw32/nios2-elf/lib/mno-hw-mul\libsmallc.a(lib_a-impure.o)
 .text          0x0000000000004cbc        0x0 c:/intelfpga_lite/18.1/nios2eds/bin/gnu/h-x86_64-mingw32/bin/../lib/gcc/nios2-elf/5.3.0/../../../../../H-x86_64-mingw32/nios2-elf/lib/mno-hw-mul\libsmallc.a(lib_a-strlen.o)
 .text.strlen   0x0000000000004cbc       0x1c c:/intelfpga_lite/18.1/nios2eds/bin/gnu/h-x86_64-mingw32/bin/../lib/gcc/nios2-elf/5.3.0/../../../../../H-x86_64-mingw32/nios2-elf/lib/mno-hw-mul\libsmallc.a(lib_a-strlen.o)
                0x0000000000004cbc                strlen
 .text          0x0000000000004cd8        0x0 c:/intelfpga_lite/18.1/nios2eds/bin/gnu/h-x86_64-mingw32/bin/../lib/gcc/nios2-elf/5.3.0/../../../../../H-x86_64-mingw32/nios2-elf/lib/mno-hw-mul\libsmallc.a(lib_a-writer.o)
 .text._write_r
                0x0000000000004cd8       0x58 c:/intelfpga_lite/18.1/nios2eds/bin/gnu/h-x86_64-mingw32/bin/../lib/gcc/nios2-elf/5.3.0/../../../../../H-x86_64-mingw32/nios2-elf/lib/mno-hw-mul\libsmallc.a(lib_a-writer.o)
                0x0000000000004cd8                _write_r
 .text          0x0000000000004d30        0x0 c:/intelfpga_lite/18.1/nios2eds/bin/gnu/h-x86_64-mingw32/bin/../lib/gcc/nios2-elf/5.3.0/../../../../../H-x86_64-mingw32/nios2-elf/lib/mno-hw-mul\libsmallc.a(lib_a-int_errno.o)
 .text          0x0000000000004d30      0x1b4 c:/intelfpga_lite/18.1/nios2eds/bin/gnu/h-x86_64-mingw32/bin/../lib/gcc/nios2-elf/5.3.0/mno-hw-mul\libgcc.a(lib2-divmod.o)
                0x0000000000004d30                __divsi3
                0x0000000000004db4                __modsi3
                0x0000000000004e28                __udivsi3
                0x0000000000004e8c                __umodsi3
 .text          0x0000000000004ee4       0x28 c:/intelfpga_lite/18.1/nios2eds/bin/gnu/h-x86_64-mingw32/bin/../lib/gcc/nios2-elf/5.3.0/mno-hw-mul\libgcc.a(lib2-mul.o)
                0x0000000000004ee4                __mulsi3
 .text          0x0000000000004f0c       0x34 ../lab6_part4_ap_bsp/\libhal_bsp.a(alt_exit.o)
                0x0000000000004f0c                _exit
 .text          0x0000000000004f40       0xec ../lab6_part4_ap_bsp/\libhal_bsp.a(alt_load.o)
                0x0000000000004fa8                alt_load
 .text          0x000000000000502c       0x7c ../lab6_part4_ap_bsp/\libhal_bsp.a(alt_main.o)
                0x000000000000502c                alt_main
 .text          0x00000000000050a8      0x13c ../lab6_part4_ap_bsp/\libhal_bsp.a(alt_write.o)
                0x00000000000050e4                write
 .text          0x00000000000051e4       0xa4 ../lab6_part4_ap_bsp/\libhal_bsp.a(alt_sys_init.o)
                0x0000000000005218                alt_irq_init
                0x0000000000005250                alt_sys_init
 .text          0x0000000000005288       0xc0 ../lab6_part4_ap_bsp/\libhal_bsp.a(altera_avalon_jtag_uart_fd.o)
                0x0000000000005288                altera_avalon_jtag_uart_read_fd
                0x00000000000052e8                altera_avalon_jtag_uart_write_fd
 .text          0x0000000000005348       0xec ../lab6_part4_ap_bsp/\libhal_bsp.a(altera_avalon_jtag_uart_read.o)
                0x0000000000005348                altera_avalon_jtag_uart_read
 .text          0x0000000000005434       0x94 ../lab6_part4_ap_bsp/\libhal_bsp.a(altera_avalon_jtag_uart_write.o)
                0x0000000000005434                altera_avalon_jtag_uart_write
 .text          0x00000000000054c8      0x114 ../lab6_part4_ap_bsp/\libhal_bsp.a(alt_close.o)
                0x0000000000005504                close
 .text          0x00000000000055dc       0x20 ../lab6_part4_ap_bsp/\libhal_bsp.a(alt_dcache_flush_all.o)
                0x00000000000055dc                alt_dcache_flush_all
 .text          0x00000000000055fc       0x2c ../lab6_part4_ap_bsp/\libhal_bsp.a(alt_dev.o)
 .text          0x0000000000005628       0xe0 ../lab6_part4_ap_bsp/\libhal_bsp.a(alt_dev_llist_insert.o)
                0x0000000000005664                alt_dev_llist_insert
 .text          0x0000000000005708       0x60 ../lab6_part4_ap_bsp/\libhal_bsp.a(alt_do_ctors.o)
                0x0000000000005708                _do_ctors
 .text          0x0000000000005768       0x60 ../lab6_part4_ap_bsp/\libhal_bsp.a(alt_do_dtors.o)
                0x0000000000005768                _do_dtors
 .text          0x00000000000057c8        0x0 ../lab6_part4_ap_bsp/\libhal_bsp.a(alt_errno.o)
 .text          0x00000000000057c8       0x20 ../lab6_part4_ap_bsp/\libhal_bsp.a(alt_icache_flush_all.o)
                0x00000000000057c8                alt_icache_flush_all
 .text          0x00000000000057e8      0x160 ../lab6_part4_ap_bsp/\libhal_bsp.a(alt_io_redirect.o)
                0x00000000000058cc                alt_io_redirect
 .text          0x0000000000005948      0x284 ../lab6_part4_ap_bsp/\libhal_bsp.a(alt_open.o)
                0x0000000000005a70                open
 .text          0x0000000000005bcc       0x84 ../lab6_part4_ap_bsp/\libhal_bsp.a(alt_release_fd.o)
                0x0000000000005bcc                alt_release_fd
 .text          0x0000000000005c50       0x24 ../lab6_part4_ap_bsp/\libhal_bsp.a(altera_nios2_gen2_irq.o)
                0x0000000000005c50                altera_nios2_gen2_irq_init
 .text          0x0000000000005c74       0x90 ../lab6_part4_ap_bsp/\libhal_bsp.a(alt_find_dev.o)
                0x0000000000005c74                alt_find_dev
 .text          0x0000000000005d04      0x108 ../lab6_part4_ap_bsp/\libhal_bsp.a(alt_find_file.o)
                0x0000000000005d04                alt_find_file
 .text          0x0000000000005e0c       0xc4 ../lab6_part4_ap_bsp/\libhal_bsp.a(alt_get_fd.o)
                0x0000000000005e0c                alt_get_fd
 .text          0x0000000000005ed0        0x0 c:/intelfpga_lite/18.1/nios2eds/bin/gnu/h-x86_64-mingw32/bin/../lib/gcc/nios2-elf/5.3.0/../../../../../H-x86_64-mingw32/nios2-elf/lib/mno-hw-mul\libsmallc.a(lib_a-atexit.o)
 .text.atexit   0x0000000000005ed0       0x14 c:/intelfpga_lite/18.1/nios2eds/bin/gnu/h-x86_64-mingw32/bin/../lib/gcc/nios2-elf/5.3.0/../../../../../H-x86_64-mingw32/nios2-elf/lib/mno-hw-mul\libsmallc.a(lib_a-atexit.o)
                0x0000000000005ed0                atexit
 .text          0x0000000000005ee4        0x0 c:/intelfpga_lite/18.1/nios2eds/bin/gnu/h-x86_64-mingw32/bin/../lib/gcc/nios2-elf/5.3.0/../../../../../H-x86_64-mingw32/nios2-elf/lib/mno-hw-mul\libsmallc.a(lib_a-memcmp.o)
 .text.memcmp   0x0000000000005ee4       0x30 c:/intelfpga_lite/18.1/nios2eds/bin/gnu/h-x86_64-mingw32/bin/../lib/gcc/nios2-elf/5.3.0/../../../../../H-x86_64-mingw32/nios2-elf/lib/mno-hw-mul\libsmallc.a(lib_a-memcmp.o)
                0x0000000000005ee4                memcmp
 .text          0x0000000000005f14        0x0 c:/intelfpga_lite/18.1/nios2eds/bin/gnu/h-x86_64-mingw32/bin/../lib/gcc/nios2-elf/5.3.0/../../../../../H-x86_64-mingw32/nios2-elf/lib/mno-hw-mul\libsmallc.a(lib_a-__atexit.o)
 .text.__register_exitproc
                0x0000000000005f14      0x158 c:/intelfpga_lite/18.1/nios2eds/bin/gnu/h-x86_64-mingw32/bin/../lib/gcc/nios2-elf/5.3.0/../../../../../H-x86_64-mingw32/nios2-elf/lib/mno-hw-mul\libsmallc.a(lib_a-__atexit.o)
                0x0000000000005f14                __register_exitproc
 *(.gnu.warning.*)
 *(.fini)
                [!provide]                        PROVIDE (__etext, ABSOLUTE (.))
                [!provide]                        PROVIDE (_etext, ABSOLUTE (.))
                [!provide]                        PROVIDE (etext, ABSOLUTE (.))
 *(.eh_frame_hdr)
                0x000000000000606c                . = ALIGN (0x4)
                [!provide]                        PROVIDE (__preinit_array_start, ABSOLUTE (.))
 *(.preinit_array)
                [!provide]                        PROVIDE (__preinit_array_end, ABSOLUTE (.))
                [!provide]                        PROVIDE (__init_array_start, ABSOLUTE (.))
 *(.init_array)
                [!provide]                        PROVIDE (__init_array_end, ABSOLUTE (.))
                [!provide]                        PROVIDE (__fini_array_start, ABSOLUTE (.))
 *(.fini_array)
                [!provide]                        PROVIDE (__fini_array_end, ABSOLUTE (.))
 *(.eh_frame)
 *(.gcc_except_table .gcc_except_table.*)
 *(.dynamic)
                0x000000000000606c                PROVIDE (__CTOR_LIST__, ABSOLUTE (.))
 *(.ctors)
 *(SORT(.ctors.*))
                0x000000000000606c                PROVIDE (__CTOR_END__, ABSOLUTE (.))
                0x000000000000606c                PROVIDE (__DTOR_LIST__, ABSOLUTE (.))
 *(.dtors)
 *(SORT(.dtors.*))
                0x000000000000606c                PROVIDE (__DTOR_END__, ABSOLUTE (.))
 *(.jcr)
                0x000000000000606c                . = ALIGN (0x4)

.rodata         0x000000000000606c       0x7c
                0x000000000000606c                PROVIDE (__ram_rodata_start, ABSOLUTE (.))
                0x000000000000606c                . = ALIGN (0x4)
 *(.rodata .rodata.* .gnu.linkonce.r.*)
 .rodata        0x000000000000606c       0x47 obj/default/lab6_part4.o
 *fill*         0x00000000000060b3        0x1 
 .rodata        0x00000000000060b4       0x11 ../lab6_part4_ap_bsp/\libhal_bsp.a(alt_main.o)
 *fill*         0x00000000000060c5        0x3 
 .rodata        0x00000000000060c8       0x11 ../lab6_part4_ap_bsp/\libhal_bsp.a(alt_sys_init.o)
 *fill*         0x00000000000060d9        0x3 
 .rodata        0x00000000000060dc        0xa ../lab6_part4_ap_bsp/\libhal_bsp.a(alt_dev.o)
 *(.rodata1)
                0x00000000000060e8                . = ALIGN (0x4)
 *fill*         0x00000000000060e6        0x2 
                0x00000000000060e8                PROVIDE (__ram_rodata_end, ABSOLUTE (.))
                0x000000000000606c                PROVIDE (__flash_rodata_start, LOADADDR (.rodata))

.rwdata         0x00000000000060e8      0x2e8 load address 0x00000000000063d0
                0x00000000000060e8                PROVIDE (__ram_rwdata_start, ABSOLUTE (.))
                0x00000000000060e8                . = ALIGN (0x4)
 *(.got.plt)
 *(.got)
 *(.data1)
 *(.data .data.* .gnu.linkonce.d.*)
 .data          0x00000000000060e8        0x0 ../lab6_part4_ap_bsp//obj/HAL/src/crt0.o
 .data          0x00000000000060e8        0x0 obj/default/lab6_part4.o
 .data          0x00000000000060e8        0x0 c:/intelfpga_lite/18.1/nios2eds/bin/gnu/h-x86_64-mingw32/bin/../lib/gcc/nios2-elf/5.3.0/../../../../../H-x86_64-mingw32/nios2-elf/lib/mno-hw-mul\libsmallc.a(lib_a-exit.o)
 .data          0x00000000000060e8        0x0 c:/intelfpga_lite/18.1/nios2eds/bin/gnu/h-x86_64-mingw32/bin/../lib/gcc/nios2-elf/5.3.0/../../../../../H-x86_64-mingw32/nios2-elf/lib/mno-hw-mul\libsmallc.a(lib_a-printf.o)
 .data          0x00000000000060e8        0x0 c:/intelfpga_lite/18.1/nios2eds/bin/gnu/h-x86_64-mingw32/bin/../lib/gcc/nios2-elf/5.3.0/../../../../../H-x86_64-mingw32/nios2-elf/lib/mno-hw-mul\libsmallc.a(lib_a-vfprintf.o)
 .data          0x00000000000060e8        0x0 c:/intelfpga_lite/18.1/nios2eds/bin/gnu/h-x86_64-mingw32/bin/../lib/gcc/nios2-elf/5.3.0/../../../../../H-x86_64-mingw32/nios2-elf/lib/mno-hw-mul\libsmallc.a(lib_a-__call_atexit.o)
 .data          0x00000000000060e8        0x0 c:/intelfpga_lite/18.1/nios2eds/bin/gnu/h-x86_64-mingw32/bin/../lib/gcc/nios2-elf/5.3.0/../../../../../H-x86_64-mingw32/nios2-elf/lib/mno-hw-mul\libsmallc.a(lib_a-fvwrite_small_dev.o)
 .data          0x00000000000060e8        0x0 c:/intelfpga_lite/18.1/nios2eds/bin/gnu/h-x86_64-mingw32/bin/../lib/gcc/nios2-elf/5.3.0/../../../../../H-x86_64-mingw32/nios2-elf/lib/mno-hw-mul\libsmallc.a(lib_a-impure.o)
 .data.impure_data
                0x00000000000060e8       0xe0 c:/intelfpga_lite/18.1/nios2eds/bin/gnu/h-x86_64-mingw32/bin/../lib/gcc/nios2-elf/5.3.0/../../../../../H-x86_64-mingw32/nios2-elf/lib/mno-hw-mul\libsmallc.a(lib_a-impure.o)
 .data          0x00000000000061c8        0x0 c:/intelfpga_lite/18.1/nios2eds/bin/gnu/h-x86_64-mingw32/bin/../lib/gcc/nios2-elf/5.3.0/../../../../../H-x86_64-mingw32/nios2-elf/lib/mno-hw-mul\libsmallc.a(lib_a-strlen.o)
 .data          0x00000000000061c8        0x0 c:/intelfpga_lite/18.1/nios2eds/bin/gnu/h-x86_64-mingw32/bin/../lib/gcc/nios2-elf/5.3.0/../../../../../H-x86_64-mingw32/nios2-elf/lib/mno-hw-mul\libsmallc.a(lib_a-writer.o)
 .data          0x00000000000061c8        0x0 c:/intelfpga_lite/18.1/nios2eds/bin/gnu/h-x86_64-mingw32/bin/../lib/gcc/nios2-elf/5.3.0/../../../../../H-x86_64-mingw32/nios2-elf/lib/mno-hw-mul\libsmallc.a(lib_a-int_errno.o)
 .data          0x00000000000061c8        0x0 c:/intelfpga_lite/18.1/nios2eds/bin/gnu/h-x86_64-mingw32/bin/../lib/gcc/nios2-elf/5.3.0/mno-hw-mul\libgcc.a(lib2-divmod.o)
 .data          0x00000000000061c8        0x0 c:/intelfpga_lite/18.1/nios2eds/bin/gnu/h-x86_64-mingw32/bin/../lib/gcc/nios2-elf/5.3.0/mno-hw-mul\libgcc.a(lib2-mul.o)
 .data          0x00000000000061c8        0x0 ../lab6_part4_ap_bsp/\libhal_bsp.a(alt_exit.o)
 .data          0x00000000000061c8        0x0 ../lab6_part4_ap_bsp/\libhal_bsp.a(alt_load.o)
 .data          0x00000000000061c8        0x0 ../lab6_part4_ap_bsp/\libhal_bsp.a(alt_main.o)
 .data          0x00000000000061c8        0x0 ../lab6_part4_ap_bsp/\libhal_bsp.a(alt_write.o)
 .data          0x00000000000061c8       0x2c ../lab6_part4_ap_bsp/\libhal_bsp.a(alt_sys_init.o)
 .data          0x00000000000061f4        0x0 ../lab6_part4_ap_bsp/\libhal_bsp.a(altera_avalon_jtag_uart_fd.o)
 .data          0x00000000000061f4        0x0 ../lab6_part4_ap_bsp/\libhal_bsp.a(altera_avalon_jtag_uart_read.o)
 .data          0x00000000000061f4        0x0 ../lab6_part4_ap_bsp/\libhal_bsp.a(altera_avalon_jtag_uart_write.o)
 .data          0x00000000000061f4        0x0 ../lab6_part4_ap_bsp/\libhal_bsp.a(alt_close.o)
 .data          0x00000000000061f4        0x0 ../lab6_part4_ap_bsp/\libhal_bsp.a(alt_dcache_flush_all.o)
 .data          0x00000000000061f4      0x1a8 ../lab6_part4_ap_bsp/\libhal_bsp.a(alt_dev.o)
                0x00000000000061f4                alt_dev_null
                0x000000000000621c                alt_fd_list
 .data          0x000000000000639c        0x0 ../lab6_part4_ap_bsp/\libhal_bsp.a(alt_dev_llist_insert.o)
 .data          0x000000000000639c        0x0 ../lab6_part4_ap_bsp/\libhal_bsp.a(alt_do_ctors.o)
 .data          0x000000000000639c        0x0 ../lab6_part4_ap_bsp/\libhal_bsp.a(alt_do_dtors.o)
 .data          0x000000000000639c        0x0 ../lab6_part4_ap_bsp/\libhal_bsp.a(alt_errno.o)
 .data          0x000000000000639c        0x0 ../lab6_part4_ap_bsp/\libhal_bsp.a(alt_icache_flush_all.o)
 .data          0x000000000000639c        0x0 ../lab6_part4_ap_bsp/\libhal_bsp.a(alt_io_redirect.o)
 .data          0x000000000000639c        0x0 ../lab6_part4_ap_bsp/\libhal_bsp.a(alt_open.o)
 .data          0x000000000000639c        0x0 ../lab6_part4_ap_bsp/\libhal_bsp.a(alt_release_fd.o)
 .data          0x000000000000639c        0x0 ../lab6_part4_ap_bsp/\libhal_bsp.a(altera_nios2_gen2_irq.o)
 .data          0x000000000000639c        0x0 ../lab6_part4_ap_bsp/\libhal_bsp.a(alt_find_dev.o)
 .data          0x000000000000639c        0x0 ../lab6_part4_ap_bsp/\libhal_bsp.a(alt_find_file.o)
 .data          0x000000000000639c        0x0 ../lab6_part4_ap_bsp/\libhal_bsp.a(alt_get_fd.o)
 .data          0x000000000000639c        0x0 c:/intelfpga_lite/18.1/nios2eds/bin/gnu/h-x86_64-mingw32/bin/../lib/gcc/nios2-elf/5.3.0/../../../../../H-x86_64-mingw32/nios2-elf/lib/mno-hw-mul\libsmallc.a(lib_a-atexit.o)
 .data          0x000000000000639c        0x0 c:/intelfpga_lite/18.1/nios2eds/bin/gnu/h-x86_64-mingw32/bin/../lib/gcc/nios2-elf/5.3.0/../../../../../H-x86_64-mingw32/nios2-elf/lib/mno-hw-mul\libsmallc.a(lib_a-memcmp.o)
 .data          0x000000000000639c        0x0 c:/intelfpga_lite/18.1/nios2eds/bin/gnu/h-x86_64-mingw32/bin/../lib/gcc/nios2-elf/5.3.0/../../../../../H-x86_64-mingw32/nios2-elf/lib/mno-hw-mul\libsmallc.a(lib_a-__atexit.o)
                0x000000000000e39c                _gp = ABSOLUTE ((. + 0x8000))
                [!provide]                        PROVIDE (gp, _gp)
 *(.rwdata .rwdata.*)
 *(.sdata .sdata.* .gnu.linkonce.s.*)
 .sdata         0x000000000000639c       0x14 obj/default/lab6_part4.o
                0x000000000000639c                PushbuttonPTR
                0x00000000000063a0                JtagUartPtr
                0x00000000000063a4                LedPtr
                0x00000000000063a8                Testdata
                0x00000000000063ac                ram_size
 .sdata._global_impure_ptr
                0x00000000000063b0        0x4 c:/intelfpga_lite/18.1/nios2eds/bin/gnu/h-x86_64-mingw32/bin/../lib/gcc/nios2-elf/5.3.0/../../../../../H-x86_64-mingw32/nios2-elf/lib/mno-hw-mul\libsmallc.a(lib_a-impure.o)
                0x00000000000063b0                _global_impure_ptr
 .sdata._impure_ptr
                0x00000000000063b4        0x4 c:/intelfpga_lite/18.1/nios2eds/bin/gnu/h-x86_64-mingw32/bin/../lib/gcc/nios2-elf/5.3.0/../../../../../H-x86_64-mingw32/nios2-elf/lib/mno-hw-mul\libsmallc.a(lib_a-impure.o)
                0x00000000000063b4                _impure_ptr
 .sdata         0x00000000000063b8       0x14 ../lab6_part4_ap_bsp/\libhal_bsp.a(alt_dev.o)
                0x00000000000063b8                alt_fs_list
                0x00000000000063c0                alt_dev_list
                0x00000000000063c8                alt_max_fd
 .sdata         0x00000000000063cc        0x4 ../lab6_part4_ap_bsp/\libhal_bsp.a(alt_errno.o)
                0x00000000000063cc                alt_errno
 *(.sdata2 .sdata2.* .gnu.linkonce.s2.*)
                0x00000000000063d0                . = ALIGN (0x4)
                0x00000000000063d0                _edata = ABSOLUTE (.)
                [!provide]                        PROVIDE (edata, ABSOLUTE (.))
                0x00000000000063d0                PROVIDE (__ram_rwdata_end, ABSOLUTE (.))
                0x00000000000063d0                PROVIDE (__flash_rwdata_start, LOADADDR (.rwdata))

.bss            0x00000000000066b8       0x38
                0x00000000000066b8                __bss_start = ABSOLUTE (.)
                [!provide]                        PROVIDE (__sbss_start, ABSOLUTE (.))
                [!provide]                        PROVIDE (___sbss_start, ABSOLUTE (.))
 *(.dynsbss)
 *(.sbss .sbss.* .gnu.linkonce.sb.*)
 .sbss          0x00000000000066b8        0xc obj/default/lab6_part4.o
                0x00000000000066b8                Ram32bitPTR
                0x00000000000066bc                Ram16bitPTR
                0x00000000000066c0                Ram8bitPTR
 .sbss          0x00000000000066c4       0x19 obj/default/lab6_part4.o
                0x00000000000066c4                Ramp16
                0x00000000000066c6                Ramp8
                0x00000000000066c8                Check32bit
                0x00000000000066cc                Check16bit
                0x00000000000066d0                sAddress
                0x00000000000066d4                Check8bit
                0x00000000000066d8                Ramp32
                0x00000000000066dc                Push_read
 *fill*         0x00000000000066dd        0x3 
 .sbss          0x00000000000066e0        0x4 c:/intelfpga_lite/18.1/nios2eds/bin/gnu/h-x86_64-mingw32/bin/../lib/gcc/nios2-elf/5.3.0/../../../../../H-x86_64-mingw32/nios2-elf/lib/mno-hw-mul\libsmallc.a(lib_a-int_errno.o)
                0x00000000000066e0                errno
 .sbss          0x00000000000066e4        0xc ../lab6_part4_ap_bsp/\libhal_bsp.a(alt_main.o)
                0x00000000000066e4                alt_argc
                0x00000000000066e8                alt_argv
                0x00000000000066ec                alt_envp
 *(.sbss2 .sbss2.* .gnu.linkonce.sb2.*)
 *(.scommon)
                [!provide]                        PROVIDE (__sbss_end, ABSOLUTE (.))
                [!provide]                        PROVIDE (___sbss_end, ABSOLUTE (.))
 *(.dynbss)
 *(.bss .bss.* .gnu.linkonce.b.*)
 .bss           0x00000000000066f0        0x0 ../lab6_part4_ap_bsp//obj/HAL/src/crt0.o
 .bss           0x00000000000066f0        0x0 obj/default/lab6_part4.o
 .bss           0x00000000000066f0        0x0 c:/intelfpga_lite/18.1/nios2eds/bin/gnu/h-x86_64-mingw32/bin/../lib/gcc/nios2-elf/5.3.0/../../../../../H-x86_64-mingw32/nios2-elf/lib/mno-hw-mul\libsmallc.a(lib_a-exit.o)
 .bss           0x00000000000066f0        0x0 c:/intelfpga_lite/18.1/nios2eds/bin/gnu/h-x86_64-mingw32/bin/../lib/gcc/nios2-elf/5.3.0/../../../../../H-x86_64-mingw32/nios2-elf/lib/mno-hw-mul\libsmallc.a(lib_a-printf.o)
 .bss           0x00000000000066f0        0x0 c:/intelfpga_lite/18.1/nios2eds/bin/gnu/h-x86_64-mingw32/bin/../lib/gcc/nios2-elf/5.3.0/../../../../../H-x86_64-mingw32/nios2-elf/lib/mno-hw-mul\libsmallc.a(lib_a-vfprintf.o)
 .bss           0x00000000000066f0        0x0 c:/intelfpga_lite/18.1/nios2eds/bin/gnu/h-x86_64-mingw32/bin/../lib/gcc/nios2-elf/5.3.0/../../../../../H-x86_64-mingw32/nios2-elf/lib/mno-hw-mul\libsmallc.a(lib_a-__call_atexit.o)
 .bss           0x00000000000066f0        0x0 c:/intelfpga_lite/18.1/nios2eds/bin/gnu/h-x86_64-mingw32/bin/../lib/gcc/nios2-elf/5.3.0/../../../../../H-x86_64-mingw32/nios2-elf/lib/mno-hw-mul\libsmallc.a(lib_a-fvwrite_small_dev.o)
 .bss           0x00000000000066f0        0x0 c:/intelfpga_lite/18.1/nios2eds/bin/gnu/h-x86_64-mingw32/bin/../lib/gcc/nios2-elf/5.3.0/../../../../../H-x86_64-mingw32/nios2-elf/lib/mno-hw-mul\libsmallc.a(lib_a-impure.o)
 .bss           0x00000000000066f0        0x0 c:/intelfpga_lite/18.1/nios2eds/bin/gnu/h-x86_64-mingw32/bin/../lib/gcc/nios2-elf/5.3.0/../../../../../H-x86_64-mingw32/nios2-elf/lib/mno-hw-mul\libsmallc.a(lib_a-strlen.o)
 .bss           0x00000000000066f0        0x0 c:/intelfpga_lite/18.1/nios2eds/bin/gnu/h-x86_64-mingw32/bin/../lib/gcc/nios2-elf/5.3.0/../../../../../H-x86_64-mingw32/nios2-elf/lib/mno-hw-mul\libsmallc.a(lib_a-writer.o)
 .bss           0x00000000000066f0        0x0 c:/intelfpga_lite/18.1/nios2eds/bin/gnu/h-x86_64-mingw32/bin/../lib/gcc/nios2-elf/5.3.0/../../../../../H-x86_64-mingw32/nios2-elf/lib/mno-hw-mul\libsmallc.a(lib_a-int_errno.o)
 .bss           0x00000000000066f0        0x0 c:/intelfpga_lite/18.1/nios2eds/bin/gnu/h-x86_64-mingw32/bin/../lib/gcc/nios2-elf/5.3.0/mno-hw-mul\libgcc.a(lib2-divmod.o)
 .bss           0x00000000000066f0        0x0 c:/intelfpga_lite/18.1/nios2eds/bin/gnu/h-x86_64-mingw32/bin/../lib/gcc/nios2-elf/5.3.0/mno-hw-mul\libgcc.a(lib2-mul.o)
 .bss           0x00000000000066f0        0x0 ../lab6_part4_ap_bsp/\libhal_bsp.a(alt_exit.o)
 .bss           0x00000000000066f0        0x0 ../lab6_part4_ap_bsp/\libhal_bsp.a(alt_load.o)
 .bss           0x00000000000066f0        0x0 ../lab6_part4_ap_bsp/\libhal_bsp.a(alt_main.o)
 .bss           0x00000000000066f0        0x0 ../lab6_part4_ap_bsp/\libhal_bsp.a(alt_write.o)
 .bss           0x00000000000066f0        0x0 ../lab6_part4_ap_bsp/\libhal_bsp.a(alt_sys_init.o)
 .bss           0x00000000000066f0        0x0 ../lab6_part4_ap_bsp/\libhal_bsp.a(altera_avalon_jtag_uart_fd.o)
 .bss           0x00000000000066f0        0x0 ../lab6_part4_ap_bsp/\libhal_bsp.a(altera_avalon_jtag_uart_read.o)
 .bss           0x00000000000066f0        0x0 ../lab6_part4_ap_bsp/\libhal_bsp.a(altera_avalon_jtag_uart_write.o)
 .bss           0x00000000000066f0        0x0 ../lab6_part4_ap_bsp/\libhal_bsp.a(alt_close.o)
 .bss           0x00000000000066f0        0x0 ../lab6_part4_ap_bsp/\libhal_bsp.a(alt_dcache_flush_all.o)
 .bss           0x00000000000066f0        0x0 ../lab6_part4_ap_bsp/\libhal_bsp.a(alt_dev.o)
 .bss           0x00000000000066f0        0x0 ../lab6_part4_ap_bsp/\libhal_bsp.a(alt_dev_llist_insert.o)
 .bss           0x00000000000066f0        0x0 ../lab6_part4_ap_bsp/\libhal_bsp.a(alt_do_ctors.o)
 .bss           0x00000000000066f0        0x0 ../lab6_part4_ap_bsp/\libhal_bsp.a(alt_do_dtors.o)
 .bss           0x00000000000066f0        0x0 ../lab6_part4_ap_bsp/\libhal_bsp.a(alt_errno.o)
 .bss           0x00000000000066f0        0x0 ../lab6_part4_ap_bsp/\libhal_bsp.a(alt_icache_flush_all.o)
 .bss           0x00000000000066f0        0x0 ../lab6_part4_ap_bsp/\libhal_bsp.a(alt_io_redirect.o)
 .bss           0x00000000000066f0        0x0 ../lab6_part4_ap_bsp/\libhal_bsp.a(alt_open.o)
 .bss           0x00000000000066f0        0x0 ../lab6_part4_ap_bsp/\libhal_bsp.a(alt_release_fd.o)
 .bss           0x00000000000066f0        0x0 ../lab6_part4_ap_bsp/\libhal_bsp.a(altera_nios2_gen2_irq.o)
 .bss           0x00000000000066f0        0x0 ../lab6_part4_ap_bsp/\libhal_bsp.a(alt_find_dev.o)
 .bss           0x00000000000066f0        0x0 ../lab6_part4_ap_bsp/\libhal_bsp.a(alt_find_file.o)
 .bss           0x00000000000066f0        0x0 ../lab6_part4_ap_bsp/\libhal_bsp.a(alt_get_fd.o)
 .bss           0x00000000000066f0        0x0 c:/intelfpga_lite/18.1/nios2eds/bin/gnu/h-x86_64-mingw32/bin/../lib/gcc/nios2-elf/5.3.0/../../../../../H-x86_64-mingw32/nios2-elf/lib/mno-hw-mul\libsmallc.a(lib_a-atexit.o)
 .bss           0x00000000000066f0        0x0 c:/intelfpga_lite/18.1/nios2eds/bin/gnu/h-x86_64-mingw32/bin/../lib/gcc/nios2-elf/5.3.0/../../../../../H-x86_64-mingw32/nios2-elf/lib/mno-hw-mul\libsmallc.a(lib_a-memcmp.o)
 .bss           0x00000000000066f0        0x0 c:/intelfpga_lite/18.1/nios2eds/bin/gnu/h-x86_64-mingw32/bin/../lib/gcc/nios2-elf/5.3.0/../../../../../H-x86_64-mingw32/nios2-elf/lib/mno-hw-mul\libsmallc.a(lib_a-__atexit.o)
 *(COMMON)
                0x00000000000066f0                . = ALIGN (0x4)
                0x00000000000066f0                __bss_end = ABSOLUTE (.)

.onchip_memory2_0
                0x00000000000066f0        0x0
                [!provide]                        PROVIDE (_alt_partition_onchip_memory2_0_start, ABSOLUTE (.))
 *(.onchip_memory2_0 .onchip_memory2_0. onchip_memory2_0.*)
                0x00000000000066f0                . = ALIGN (0x4)
                [!provide]                        PROVIDE (_alt_partition_onchip_memory2_0_end, ABSOLUTE (.))
                0x00000000000066f0                _end = ABSOLUTE (.)
                0x00000000000066f0                end = ABSOLUTE (.)
                0x00000000000066f0                __alt_stack_base = ABSOLUTE (.)
                [!provide]                        PROVIDE (_alt_partition_onchip_memory2_0_load_addr, LOADADDR (.onchip_memory2_0))

.stab
 *(.stab)

.stabstr
 *(.stabstr)

.stab.excl
 *(.stab.excl)

.stab.exclstr
 *(.stab.exclstr)

.stab.index
 *(.stab.index)

.stab.indexstr
 *(.stab.indexstr)

.comment        0x0000000000000000       0x23
 *(.comment)
 .comment       0x0000000000000000       0x23 obj/default/lab6_part4.o
                                         0x24 (size before relaxing)
 .comment       0x0000000000000023       0x24 c:/intelfpga_lite/18.1/nios2eds/bin/gnu/h-x86_64-mingw32/bin/../lib/gcc/nios2-elf/5.3.0/../../../../../H-x86_64-mingw32/nios2-elf/lib/mno-hw-mul\libsmallc.a(lib_a-exit.o)
 .comment       0x0000000000000023       0x24 c:/intelfpga_lite/18.1/nios2eds/bin/gnu/h-x86_64-mingw32/bin/../lib/gcc/nios2-elf/5.3.0/../../../../../H-x86_64-mingw32/nios2-elf/lib/mno-hw-mul\libsmallc.a(lib_a-printf.o)
 .comment       0x0000000000000023       0x24 c:/intelfpga_lite/18.1/nios2eds/bin/gnu/h-x86_64-mingw32/bin/../lib/gcc/nios2-elf/5.3.0/../../../../../H-x86_64-mingw32/nios2-elf/lib/mno-hw-mul\libsmallc.a(lib_a-vfprintf.o)
 .comment       0x0000000000000023       0x24 c:/intelfpga_lite/18.1/nios2eds/bin/gnu/h-x86_64-mingw32/bin/../lib/gcc/nios2-elf/5.3.0/../../../../../H-x86_64-mingw32/nios2-elf/lib/mno-hw-mul\libsmallc.a(lib_a-__call_atexit.o)
 .comment       0x0000000000000023       0x24 c:/intelfpga_lite/18.1/nios2eds/bin/gnu/h-x86_64-mingw32/bin/../lib/gcc/nios2-elf/5.3.0/../../../../../H-x86_64-mingw32/nios2-elf/lib/mno-hw-mul\libsmallc.a(lib_a-fvwrite_small_dev.o)
 .comment       0x0000000000000023       0x24 c:/intelfpga_lite/18.1/nios2eds/bin/gnu/h-x86_64-mingw32/bin/../lib/gcc/nios2-elf/5.3.0/../../../../../H-x86_64-mingw32/nios2-elf/lib/mno-hw-mul\libsmallc.a(lib_a-impure.o)
 .comment       0x0000000000000023       0x24 c:/intelfpga_lite/18.1/nios2eds/bin/gnu/h-x86_64-mingw32/bin/../lib/gcc/nios2-elf/5.3.0/../../../../../H-x86_64-mingw32/nios2-elf/lib/mno-hw-mul\libsmallc.a(lib_a-strlen.o)
 .comment       0x0000000000000023       0x24 c:/intelfpga_lite/18.1/nios2eds/bin/gnu/h-x86_64-mingw32/bin/../lib/gcc/nios2-elf/5.3.0/../../../../../H-x86_64-mingw32/nios2-elf/lib/mno-hw-mul\libsmallc.a(lib_a-writer.o)
 .comment       0x0000000000000023       0x24 c:/intelfpga_lite/18.1/nios2eds/bin/gnu/h-x86_64-mingw32/bin/../lib/gcc/nios2-elf/5.3.0/../../../../../H-x86_64-mingw32/nios2-elf/lib/mno-hw-mul\libsmallc.a(lib_a-int_errno.o)
 .comment       0x0000000000000023       0x24 c:/intelfpga_lite/18.1/nios2eds/bin/gnu/h-x86_64-mingw32/bin/../lib/gcc/nios2-elf/5.3.0/mno-hw-mul\libgcc.a(lib2-divmod.o)
 .comment       0x0000000000000023       0x24 c:/intelfpga_lite/18.1/nios2eds/bin/gnu/h-x86_64-mingw32/bin/../lib/gcc/nios2-elf/5.3.0/mno-hw-mul\libgcc.a(lib2-mul.o)
 .comment       0x0000000000000023       0x24 ../lab6_part4_ap_bsp/\libhal_bsp.a(alt_exit.o)
 .comment       0x0000000000000023       0x24 ../lab6_part4_ap_bsp/\libhal_bsp.a(alt_load.o)
 .comment       0x0000000000000023       0x24 ../lab6_part4_ap_bsp/\libhal_bsp.a(alt_main.o)
 .comment       0x0000000000000023       0x24 ../lab6_part4_ap_bsp/\libhal_bsp.a(alt_write.o)
 .comment       0x0000000000000023       0x24 ../lab6_part4_ap_bsp/\libhal_bsp.a(alt_sys_init.o)
 .comment       0x0000000000000023       0x24 ../lab6_part4_ap_bsp/\libhal_bsp.a(altera_avalon_jtag_uart_fd.o)
 .comment       0x0000000000000023       0x24 ../lab6_part4_ap_bsp/\libhal_bsp.a(altera_avalon_jtag_uart_read.o)
 .comment       0x0000000000000023       0x24 ../lab6_part4_ap_bsp/\libhal_bsp.a(altera_avalon_jtag_uart_write.o)
 .comment       0x0000000000000023       0x24 ../lab6_part4_ap_bsp/\libhal_bsp.a(alt_close.o)
 .comment       0x0000000000000023       0x24 ../lab6_part4_ap_bsp/\libhal_bsp.a(alt_dcache_flush_all.o)
 .comment       0x0000000000000023       0x24 ../lab6_part4_ap_bsp/\libhal_bsp.a(alt_dev.o)
 .comment       0x0000000000000023       0x24 ../lab6_part4_ap_bsp/\libhal_bsp.a(alt_dev_llist_insert.o)
 .comment       0x0000000000000023       0x24 ../lab6_part4_ap_bsp/\libhal_bsp.a(alt_do_ctors.o)
 .comment       0x0000000000000023       0x24 ../lab6_part4_ap_bsp/\libhal_bsp.a(alt_do_dtors.o)
 .comment       0x0000000000000023       0x24 ../lab6_part4_ap_bsp/\libhal_bsp.a(alt_errno.o)
 .comment       0x0000000000000023       0x24 ../lab6_part4_ap_bsp/\libhal_bsp.a(alt_icache_flush_all.o)
 .comment       0x0000000000000023       0x24 ../lab6_part4_ap_bsp/\libhal_bsp.a(alt_io_redirect.o)
 .comment       0x0000000000000023       0x24 ../lab6_part4_ap_bsp/\libhal_bsp.a(alt_open.o)
 .comment       0x0000000000000023       0x24 ../lab6_part4_ap_bsp/\libhal_bsp.a(alt_release_fd.o)
 .comment       0x0000000000000023       0x24 ../lab6_part4_ap_bsp/\libhal_bsp.a(altera_nios2_gen2_irq.o)
 .comment       0x0000000000000023       0x24 ../lab6_part4_ap_bsp/\libhal_bsp.a(alt_find_dev.o)
 .comment       0x0000000000000023       0x24 ../lab6_part4_ap_bsp/\libhal_bsp.a(alt_find_file.o)
 .comment       0x0000000000000023       0x24 ../lab6_part4_ap_bsp/\libhal_bsp.a(alt_get_fd.o)
 .comment       0x0000000000000023       0x24 c:/intelfpga_lite/18.1/nios2eds/bin/gnu/h-x86_64-mingw32/bin/../lib/gcc/nios2-elf/5.3.0/../../../../../H-x86_64-mingw32/nios2-elf/lib/mno-hw-mul\libsmallc.a(lib_a-atexit.o)
 .comment       0x0000000000000023       0x24 c:/intelfpga_lite/18.1/nios2eds/bin/gnu/h-x86_64-mingw32/bin/../lib/gcc/nios2-elf/5.3.0/../../../../../H-x86_64-mingw32/nios2-elf/lib/mno-hw-mul\libsmallc.a(lib_a-memcmp.o)
 .comment       0x0000000000000023       0x24 c:/intelfpga_lite/18.1/nios2eds/bin/gnu/h-x86_64-mingw32/bin/../lib/gcc/nios2-elf/5.3.0/../../../../../H-x86_64-mingw32/nios2-elf/lib/mno-hw-mul\libsmallc.a(lib_a-__atexit.o)

.debug
 *(.debug)

.line
 *(.line)

.debug_srcinfo
 *(.debug_srcinfo)

.debug_sfnames
 *(.debug_sfnames)

.debug_aranges  0x0000000000000000      0x4e8
 *(.debug_aranges)
 .debug_aranges
                0x0000000000000000       0x28 ../lab6_part4_ap_bsp//obj/HAL/src/crt0.o
 .debug_aranges
                0x0000000000000028       0x20 obj/default/lab6_part4.o
 .debug_aranges
                0x0000000000000048       0x20 c:/intelfpga_lite/18.1/nios2eds/bin/gnu/h-x86_64-mingw32/bin/../lib/gcc/nios2-elf/5.3.0/../../../../../H-x86_64-mingw32/nios2-elf/lib/mno-hw-mul\libsmallc.a(lib_a-exit.o)
 .debug_aranges
                0x0000000000000068       0x28 c:/intelfpga_lite/18.1/nios2eds/bin/gnu/h-x86_64-mingw32/bin/../lib/gcc/nios2-elf/5.3.0/../../../../../H-x86_64-mingw32/nios2-elf/lib/mno-hw-mul\libsmallc.a(lib_a-printf.o)
 .debug_aranges
                0x0000000000000090       0x30 c:/intelfpga_lite/18.1/nios2eds/bin/gnu/h-x86_64-mingw32/bin/../lib/gcc/nios2-elf/5.3.0/../../../../../H-x86_64-mingw32/nios2-elf/lib/mno-hw-mul\libsmallc.a(lib_a-vfprintf.o)
 .debug_aranges
                0x00000000000000c0       0x20 c:/intelfpga_lite/18.1/nios2eds/bin/gnu/h-x86_64-mingw32/bin/../lib/gcc/nios2-elf/5.3.0/../../../../../H-x86_64-mingw32/nios2-elf/lib/mno-hw-mul\libsmallc.a(lib_a-__call_atexit.o)
 .debug_aranges
                0x00000000000000e0       0x20 c:/intelfpga_lite/18.1/nios2eds/bin/gnu/h-x86_64-mingw32/bin/../lib/gcc/nios2-elf/5.3.0/../../../../../H-x86_64-mingw32/nios2-elf/lib/mno-hw-mul\libsmallc.a(lib_a-fvwrite_small_dev.o)
 .debug_aranges
                0x0000000000000100       0x18 c:/intelfpga_lite/18.1/nios2eds/bin/gnu/h-x86_64-mingw32/bin/../lib/gcc/nios2-elf/5.3.0/../../../../../H-x86_64-mingw32/nios2-elf/lib/mno-hw-mul\libsmallc.a(lib_a-impure.o)
 .debug_aranges
                0x0000000000000118       0x20 c:/intelfpga_lite/18.1/nios2eds/bin/gnu/h-x86_64-mingw32/bin/../lib/gcc/nios2-elf/5.3.0/../../../../../H-x86_64-mingw32/nios2-elf/lib/mno-hw-mul\libsmallc.a(lib_a-strlen.o)
 .debug_aranges
                0x0000000000000138       0x20 c:/intelfpga_lite/18.1/nios2eds/bin/gnu/h-x86_64-mingw32/bin/../lib/gcc/nios2-elf/5.3.0/../../../../../H-x86_64-mingw32/nios2-elf/lib/mno-hw-mul\libsmallc.a(lib_a-writer.o)
 .debug_aranges
                0x0000000000000158       0x18 c:/intelfpga_lite/18.1/nios2eds/bin/gnu/h-x86_64-mingw32/bin/../lib/gcc/nios2-elf/5.3.0/../../../../../H-x86_64-mingw32/nios2-elf/lib/mno-hw-mul\libsmallc.a(lib_a-int_errno.o)
 .debug_aranges
                0x0000000000000170       0x20 c:/intelfpga_lite/18.1/nios2eds/bin/gnu/h-x86_64-mingw32/bin/../lib/gcc/nios2-elf/5.3.0/mno-hw-mul\libgcc.a(lib2-divmod.o)
 .debug_aranges
                0x0000000000000190       0x20 c:/intelfpga_lite/18.1/nios2eds/bin/gnu/h-x86_64-mingw32/bin/../lib/gcc/nios2-elf/5.3.0/mno-hw-mul\libgcc.a(lib2-mul.o)
 .debug_aranges
                0x00000000000001b0       0x20 ../lab6_part4_ap_bsp/\libhal_bsp.a(alt_exit.o)
 .debug_aranges
                0x00000000000001d0       0x20 ../lab6_part4_ap_bsp/\libhal_bsp.a(alt_load.o)
 .debug_aranges
                0x00000000000001f0       0x20 ../lab6_part4_ap_bsp/\libhal_bsp.a(alt_main.o)
 .debug_aranges
                0x0000000000000210       0x20 ../lab6_part4_ap_bsp/\libhal_bsp.a(alt_write.o)
 .debug_aranges
                0x0000000000000230       0x20 ../lab6_part4_ap_bsp/\libhal_bsp.a(alt_sys_init.o)
 .debug_aranges
                0x0000000000000250       0x20 ../lab6_part4_ap_bsp/\libhal_bsp.a(altera_avalon_jtag_uart_fd.o)
 .debug_aranges
                0x0000000000000270       0x20 ../lab6_part4_ap_bsp/\libhal_bsp.a(altera_avalon_jtag_uart_read.o)
 .debug_aranges
                0x0000000000000290       0x20 ../lab6_part4_ap_bsp/\libhal_bsp.a(altera_avalon_jtag_uart_write.o)
 .debug_aranges
                0x00000000000002b0       0x20 ../lab6_part4_ap_bsp/\libhal_bsp.a(alt_close.o)
 .debug_aranges
                0x00000000000002d0       0x20 ../lab6_part4_ap_bsp/\libhal_bsp.a(alt_dcache_flush_all.o)
 .debug_aranges
                0x00000000000002f0       0x20 ../lab6_part4_ap_bsp/\libhal_bsp.a(alt_dev.o)
 .debug_aranges
                0x0000000000000310       0x20 ../lab6_part4_ap_bsp/\libhal_bsp.a(alt_dev_llist_insert.o)
 .debug_aranges
                0x0000000000000330       0x20 ../lab6_part4_ap_bsp/\libhal_bsp.a(alt_do_ctors.o)
 .debug_aranges
                0x0000000000000350       0x20 ../lab6_part4_ap_bsp/\libhal_bsp.a(alt_do_dtors.o)
 .debug_aranges
                0x0000000000000370       0x18 ../lab6_part4_ap_bsp/\libhal_bsp.a(alt_errno.o)
 .debug_aranges
                0x0000000000000388       0x20 ../lab6_part4_ap_bsp/\libhal_bsp.a(alt_icache_flush_all.o)
 .debug_aranges
                0x00000000000003a8       0x20 ../lab6_part4_ap_bsp/\libhal_bsp.a(alt_io_redirect.o)
 .debug_aranges
                0x00000000000003c8       0x20 ../lab6_part4_ap_bsp/\libhal_bsp.a(alt_open.o)
 .debug_aranges
                0x00000000000003e8       0x20 ../lab6_part4_ap_bsp/\libhal_bsp.a(alt_release_fd.o)
 .debug_aranges
                0x0000000000000408       0x20 ../lab6_part4_ap_bsp/\libhal_bsp.a(altera_nios2_gen2_irq.o)
 .debug_aranges
                0x0000000000000428       0x20 ../lab6_part4_ap_bsp/\libhal_bsp.a(alt_find_dev.o)
 .debug_aranges
                0x0000000000000448       0x20 ../lab6_part4_ap_bsp/\libhal_bsp.a(alt_find_file.o)
 .debug_aranges
                0x0000000000000468       0x20 ../lab6_part4_ap_bsp/\libhal_bsp.a(alt_get_fd.o)
 .debug_aranges
                0x0000000000000488       0x20 c:/intelfpga_lite/18.1/nios2eds/bin/gnu/h-x86_64-mingw32/bin/../lib/gcc/nios2-elf/5.3.0/../../../../../H-x86_64-mingw32/nios2-elf/lib/mno-hw-mul\libsmallc.a(lib_a-atexit.o)
 .debug_aranges
                0x00000000000004a8       0x20 c:/intelfpga_lite/18.1/nios2eds/bin/gnu/h-x86_64-mingw32/bin/../lib/gcc/nios2-elf/5.3.0/../../../../../H-x86_64-mingw32/nios2-elf/lib/mno-hw-mul\libsmallc.a(lib_a-memcmp.o)
 .debug_aranges
                0x00000000000004c8       0x20 c:/intelfpga_lite/18.1/nios2eds/bin/gnu/h-x86_64-mingw32/bin/../lib/gcc/nios2-elf/5.3.0/../../../../../H-x86_64-mingw32/nios2-elf/lib/mno-hw-mul\libsmallc.a(lib_a-__atexit.o)

.debug_pubnames
 *(.debug_pubnames)

.debug_info     0x0000000000000000     0x6f95
 *(.debug_info .gnu.linkonce.wi.*)
 .debug_info    0x0000000000000000       0x99 ../lab6_part4_ap_bsp//obj/HAL/src/crt0.o
 .debug_info    0x0000000000000099      0x344 obj/default/lab6_part4.o
 .debug_info    0x00000000000003dd       0xe5 c:/intelfpga_lite/18.1/nios2eds/bin/gnu/h-x86_64-mingw32/bin/../lib/gcc/nios2-elf/5.3.0/../../../../../H-x86_64-mingw32/nios2-elf/lib/mno-hw-mul\libsmallc.a(lib_a-exit.o)
 .debug_info    0x00000000000004c2      0x699 c:/intelfpga_lite/18.1/nios2eds/bin/gnu/h-x86_64-mingw32/bin/../lib/gcc/nios2-elf/5.3.0/../../../../../H-x86_64-mingw32/nios2-elf/lib/mno-hw-mul\libsmallc.a(lib_a-printf.o)
 .debug_info    0x0000000000000b5b      0xb2b c:/intelfpga_lite/18.1/nios2eds/bin/gnu/h-x86_64-mingw32/bin/../lib/gcc/nios2-elf/5.3.0/../../../../../H-x86_64-mingw32/nios2-elf/lib/mno-hw-mul\libsmallc.a(lib_a-vfprintf.o)
 .debug_info    0x0000000000001686      0x67b c:/intelfpga_lite/18.1/nios2eds/bin/gnu/h-x86_64-mingw32/bin/../lib/gcc/nios2-elf/5.3.0/../../../../../H-x86_64-mingw32/nios2-elf/lib/mno-hw-mul\libsmallc.a(lib_a-__call_atexit.o)
 .debug_info    0x0000000000001d01      0x62b c:/intelfpga_lite/18.1/nios2eds/bin/gnu/h-x86_64-mingw32/bin/../lib/gcc/nios2-elf/5.3.0/../../../../../H-x86_64-mingw32/nios2-elf/lib/mno-hw-mul\libsmallc.a(lib_a-fvwrite_small_dev.o)
 .debug_info    0x000000000000232c      0x5a9 c:/intelfpga_lite/18.1/nios2eds/bin/gnu/h-x86_64-mingw32/bin/../lib/gcc/nios2-elf/5.3.0/../../../../../H-x86_64-mingw32/nios2-elf/lib/mno-hw-mul\libsmallc.a(lib_a-impure.o)
 .debug_info    0x00000000000028d5       0xc9 c:/intelfpga_lite/18.1/nios2eds/bin/gnu/h-x86_64-mingw32/bin/../lib/gcc/nios2-elf/5.3.0/../../../../../H-x86_64-mingw32/nios2-elf/lib/mno-hw-mul\libsmallc.a(lib_a-strlen.o)
 .debug_info    0x000000000000299e      0x630 c:/intelfpga_lite/18.1/nios2eds/bin/gnu/h-x86_64-mingw32/bin/../lib/gcc/nios2-elf/5.3.0/../../../../../H-x86_64-mingw32/nios2-elf/lib/mno-hw-mul\libsmallc.a(lib_a-writer.o)
 .debug_info    0x0000000000002fce       0x8a c:/intelfpga_lite/18.1/nios2eds/bin/gnu/h-x86_64-mingw32/bin/../lib/gcc/nios2-elf/5.3.0/../../../../../H-x86_64-mingw32/nios2-elf/lib/mno-hw-mul\libsmallc.a(lib_a-int_errno.o)
 .debug_info    0x0000000000003058      0x2c6 c:/intelfpga_lite/18.1/nios2eds/bin/gnu/h-x86_64-mingw32/bin/../lib/gcc/nios2-elf/5.3.0/mno-hw-mul\libgcc.a(lib2-divmod.o)
 .debug_info    0x000000000000331e       0xb4 c:/intelfpga_lite/18.1/nios2eds/bin/gnu/h-x86_64-mingw32/bin/../lib/gcc/nios2-elf/5.3.0/mno-hw-mul\libgcc.a(lib2-mul.o)
 .debug_info    0x00000000000033d2       0xec ../lab6_part4_ap_bsp/\libhal_bsp.a(alt_exit.o)
 .debug_info    0x00000000000034be      0x145 ../lab6_part4_ap_bsp/\libhal_bsp.a(alt_load.o)
 .debug_info    0x0000000000003603      0x131 ../lab6_part4_ap_bsp/\libhal_bsp.a(alt_main.o)
 .debug_info    0x0000000000003734      0x4b7 ../lab6_part4_ap_bsp/\libhal_bsp.a(alt_write.o)
 .debug_info    0x0000000000003beb      0x3c9 ../lab6_part4_ap_bsp/\libhal_bsp.a(alt_sys_init.o)
 .debug_info    0x0000000000003fb4      0x3a7 ../lab6_part4_ap_bsp/\libhal_bsp.a(altera_avalon_jtag_uart_fd.o)
 .debug_info    0x000000000000435b      0x1b2 ../lab6_part4_ap_bsp/\libhal_bsp.a(altera_avalon_jtag_uart_read.o)
 .debug_info    0x000000000000450d      0x195 ../lab6_part4_ap_bsp/\libhal_bsp.a(altera_avalon_jtag_uart_write.o)
 .debug_info    0x00000000000046a2      0x321 ../lab6_part4_ap_bsp/\libhal_bsp.a(alt_close.o)
 .debug_info    0x00000000000049c3       0x92 ../lab6_part4_ap_bsp/\libhal_bsp.a(alt_dcache_flush_all.o)
 .debug_info    0x0000000000004a55      0x49c ../lab6_part4_ap_bsp/\libhal_bsp.a(alt_dev.o)
 .debug_info    0x0000000000004ef1      0x1a9 ../lab6_part4_ap_bsp/\libhal_bsp.a(alt_dev_llist_insert.o)
 .debug_info    0x000000000000509a       0x83 ../lab6_part4_ap_bsp/\libhal_bsp.a(alt_do_ctors.o)
 .debug_info    0x000000000000511d       0x83 ../lab6_part4_ap_bsp/\libhal_bsp.a(alt_do_dtors.o)
 .debug_info    0x00000000000051a0       0xa6 ../lab6_part4_ap_bsp/\libhal_bsp.a(alt_errno.o)
 .debug_info    0x0000000000005246       0x92 ../lab6_part4_ap_bsp/\libhal_bsp.a(alt_icache_flush_all.o)
 .debug_info    0x00000000000052d8      0x4a5 ../lab6_part4_ap_bsp/\libhal_bsp.a(alt_io_redirect.o)
 .debug_info    0x000000000000577d      0x3bb ../lab6_part4_ap_bsp/\libhal_bsp.a(alt_open.o)
 .debug_info    0x0000000000005b38      0x2b0 ../lab6_part4_ap_bsp/\libhal_bsp.a(alt_release_fd.o)
 .debug_info    0x0000000000005de8       0x92 ../lab6_part4_ap_bsp/\libhal_bsp.a(altera_nios2_gen2_irq.o)
 .debug_info    0x0000000000005e7a      0x2e9 ../lab6_part4_ap_bsp/\libhal_bsp.a(alt_find_dev.o)
 .debug_info    0x0000000000006163      0x2e6 ../lab6_part4_ap_bsp/\libhal_bsp.a(alt_find_file.o)
 .debug_info    0x0000000000006449      0x310 ../lab6_part4_ap_bsp/\libhal_bsp.a(alt_get_fd.o)
 .debug_info    0x0000000000006759       0xfe c:/intelfpga_lite/18.1/nios2eds/bin/gnu/h-x86_64-mingw32/bin/../lib/gcc/nios2-elf/5.3.0/../../../../../H-x86_64-mingw32/nios2-elf/lib/mno-hw-mul\libsmallc.a(lib_a-atexit.o)
 .debug_info    0x0000000000006857       0xf4 c:/intelfpga_lite/18.1/nios2eds/bin/gnu/h-x86_64-mingw32/bin/../lib/gcc/nios2-elf/5.3.0/../../../../../H-x86_64-mingw32/nios2-elf/lib/mno-hw-mul\libsmallc.a(lib_a-memcmp.o)
 .debug_info    0x000000000000694b      0x64a c:/intelfpga_lite/18.1/nios2eds/bin/gnu/h-x86_64-mingw32/bin/../lib/gcc/nios2-elf/5.3.0/../../../../../H-x86_64-mingw32/nios2-elf/lib/mno-hw-mul\libsmallc.a(lib_a-__atexit.o)

.debug_abbrev   0x0000000000000000     0x2440
 *(.debug_abbrev)
 .debug_abbrev  0x0000000000000000       0x12 ../lab6_part4_ap_bsp//obj/HAL/src/crt0.o
 .debug_abbrev  0x0000000000000012       0xbe obj/default/lab6_part4.o
 .debug_abbrev  0x00000000000000d0       0x8b c:/intelfpga_lite/18.1/nios2eds/bin/gnu/h-x86_64-mingw32/bin/../lib/gcc/nios2-elf/5.3.0/../../../../../H-x86_64-mingw32/nios2-elf/lib/mno-hw-mul\libsmallc.a(lib_a-exit.o)
 .debug_abbrev  0x000000000000015b      0x1ee c:/intelfpga_lite/18.1/nios2eds/bin/gnu/h-x86_64-mingw32/bin/../lib/gcc/nios2-elf/5.3.0/../../../../../H-x86_64-mingw32/nios2-elf/lib/mno-hw-mul\libsmallc.a(lib_a-printf.o)
 .debug_abbrev  0x0000000000000349      0x2a1 c:/intelfpga_lite/18.1/nios2eds/bin/gnu/h-x86_64-mingw32/bin/../lib/gcc/nios2-elf/5.3.0/../../../../../H-x86_64-mingw32/nios2-elf/lib/mno-hw-mul\libsmallc.a(lib_a-vfprintf.o)
 .debug_abbrev  0x00000000000005ea      0x1f6 c:/intelfpga_lite/18.1/nios2eds/bin/gnu/h-x86_64-mingw32/bin/../lib/gcc/nios2-elf/5.3.0/../../../../../H-x86_64-mingw32/nios2-elf/lib/mno-hw-mul\libsmallc.a(lib_a-__call_atexit.o)
 .debug_abbrev  0x00000000000007e0      0x1bc c:/intelfpga_lite/18.1/nios2eds/bin/gnu/h-x86_64-mingw32/bin/../lib/gcc/nios2-elf/5.3.0/../../../../../H-x86_64-mingw32/nios2-elf/lib/mno-hw-mul\libsmallc.a(lib_a-fvwrite_small_dev.o)
 .debug_abbrev  0x000000000000099c      0x14a c:/intelfpga_lite/18.1/nios2eds/bin/gnu/h-x86_64-mingw32/bin/../lib/gcc/nios2-elf/5.3.0/../../../../../H-x86_64-mingw32/nios2-elf/lib/mno-hw-mul\libsmallc.a(lib_a-impure.o)
 .debug_abbrev  0x0000000000000ae6       0x7f c:/intelfpga_lite/18.1/nios2eds/bin/gnu/h-x86_64-mingw32/bin/../lib/gcc/nios2-elf/5.3.0/../../../../../H-x86_64-mingw32/nios2-elf/lib/mno-hw-mul\libsmallc.a(lib_a-strlen.o)
 .debug_abbrev  0x0000000000000b65      0x1a6 c:/intelfpga_lite/18.1/nios2eds/bin/gnu/h-x86_64-mingw32/bin/../lib/gcc/nios2-elf/5.3.0/../../../../../H-x86_64-mingw32/nios2-elf/lib/mno-hw-mul\libsmallc.a(lib_a-writer.o)
 .debug_abbrev  0x0000000000000d0b       0x37 c:/intelfpga_lite/18.1/nios2eds/bin/gnu/h-x86_64-mingw32/bin/../lib/gcc/nios2-elf/5.3.0/../../../../../H-x86_64-mingw32/nios2-elf/lib/mno-hw-mul\libsmallc.a(lib_a-int_errno.o)
 .debug_abbrev  0x0000000000000d42      0x10e c:/intelfpga_lite/18.1/nios2eds/bin/gnu/h-x86_64-mingw32/bin/../lib/gcc/nios2-elf/5.3.0/mno-hw-mul\libgcc.a(lib2-divmod.o)
 .debug_abbrev  0x0000000000000e50       0x6f c:/intelfpga_lite/18.1/nios2eds/bin/gnu/h-x86_64-mingw32/bin/../lib/gcc/nios2-elf/5.3.0/mno-hw-mul\libgcc.a(lib2-mul.o)
 .debug_abbrev  0x0000000000000ebf       0xa9 ../lab6_part4_ap_bsp/\libhal_bsp.a(alt_exit.o)
 .debug_abbrev  0x0000000000000f68       0x9f ../lab6_part4_ap_bsp/\libhal_bsp.a(alt_load.o)
 .debug_abbrev  0x0000000000001007       0xba ../lab6_part4_ap_bsp/\libhal_bsp.a(alt_main.o)
 .debug_abbrev  0x00000000000010c1      0x133 ../lab6_part4_ap_bsp/\libhal_bsp.a(alt_write.o)
 .debug_abbrev  0x00000000000011f4      0x157 ../lab6_part4_ap_bsp/\libhal_bsp.a(alt_sys_init.o)
 .debug_abbrev  0x000000000000134b       0xf7 ../lab6_part4_ap_bsp/\libhal_bsp.a(altera_avalon_jtag_uart_fd.o)
 .debug_abbrev  0x0000000000001442       0xd5 ../lab6_part4_ap_bsp/\libhal_bsp.a(altera_avalon_jtag_uart_read.o)
 .debug_abbrev  0x0000000000001517       0xd5 ../lab6_part4_ap_bsp/\libhal_bsp.a(altera_avalon_jtag_uart_write.o)
 .debug_abbrev  0x00000000000015ec      0x11f ../lab6_part4_ap_bsp/\libhal_bsp.a(alt_close.o)
 .debug_abbrev  0x000000000000170b       0x42 ../lab6_part4_ap_bsp/\libhal_bsp.a(alt_dcache_flush_all.o)
 .debug_abbrev  0x000000000000174d       0xd9 ../lab6_part4_ap_bsp/\libhal_bsp.a(alt_dev.o)
 .debug_abbrev  0x0000000000001826      0x114 ../lab6_part4_ap_bsp/\libhal_bsp.a(alt_dev_llist_insert.o)
 .debug_abbrev  0x000000000000193a       0x79 ../lab6_part4_ap_bsp/\libhal_bsp.a(alt_do_ctors.o)
 .debug_abbrev  0x00000000000019b3       0x79 ../lab6_part4_ap_bsp/\libhal_bsp.a(alt_do_dtors.o)
 .debug_abbrev  0x0000000000001a2c       0x5a ../lab6_part4_ap_bsp/\libhal_bsp.a(alt_errno.o)
 .debug_abbrev  0x0000000000001a86       0x42 ../lab6_part4_ap_bsp/\libhal_bsp.a(alt_icache_flush_all.o)
 .debug_abbrev  0x0000000000001ac8      0x114 ../lab6_part4_ap_bsp/\libhal_bsp.a(alt_io_redirect.o)
 .debug_abbrev  0x0000000000001bdc      0x148 ../lab6_part4_ap_bsp/\libhal_bsp.a(alt_open.o)
 .debug_abbrev  0x0000000000001d24       0xde ../lab6_part4_ap_bsp/\libhal_bsp.a(alt_release_fd.o)
 .debug_abbrev  0x0000000000001e02       0x42 ../lab6_part4_ap_bsp/\libhal_bsp.a(altera_nios2_gen2_irq.o)
 .debug_abbrev  0x0000000000001e44       0xf0 ../lab6_part4_ap_bsp/\libhal_bsp.a(alt_find_dev.o)
 .debug_abbrev  0x0000000000001f34       0xf0 ../lab6_part4_ap_bsp/\libhal_bsp.a(alt_find_file.o)
 .debug_abbrev  0x0000000000002024      0x10d ../lab6_part4_ap_bsp/\libhal_bsp.a(alt_get_fd.o)
 .debug_abbrev  0x0000000000002131       0xaa c:/intelfpga_lite/18.1/nios2eds/bin/gnu/h-x86_64-mingw32/bin/../lib/gcc/nios2-elf/5.3.0/../../../../../H-x86_64-mingw32/nios2-elf/lib/mno-hw-mul\libsmallc.a(lib_a-atexit.o)
 .debug_abbrev  0x00000000000021db       0x7f c:/intelfpga_lite/18.1/nios2eds/bin/gnu/h-x86_64-mingw32/bin/../lib/gcc/nios2-elf/5.3.0/../../../../../H-x86_64-mingw32/nios2-elf/lib/mno-hw-mul\libsmallc.a(lib_a-memcmp.o)
 .debug_abbrev  0x000000000000225a      0x1e6 c:/intelfpga_lite/18.1/nios2eds/bin/gnu/h-x86_64-mingw32/bin/../lib/gcc/nios2-elf/5.3.0/../../../../../H-x86_64-mingw32/nios2-elf/lib/mno-hw-mul\libsmallc.a(lib_a-__atexit.o)

.debug_line     0x0000000000000000     0x290e
 *(.debug_line)
 .debug_line    0x0000000000000000       0x66 ../lab6_part4_ap_bsp//obj/HAL/src/crt0.o
 .debug_line    0x0000000000000066       0xcd obj/default/lab6_part4.o
 .debug_line    0x0000000000000133      0x159 c:/intelfpga_lite/18.1/nios2eds/bin/gnu/h-x86_64-mingw32/bin/../lib/gcc/nios2-elf/5.3.0/../../../../../H-x86_64-mingw32/nios2-elf/lib/mno-hw-mul\libsmallc.a(lib_a-exit.o)
 .debug_line    0x000000000000028c      0x203 c:/intelfpga_lite/18.1/nios2eds/bin/gnu/h-x86_64-mingw32/bin/../lib/gcc/nios2-elf/5.3.0/../../../../../H-x86_64-mingw32/nios2-elf/lib/mno-hw-mul\libsmallc.a(lib_a-printf.o)
 .debug_line    0x000000000000048f      0x351 c:/intelfpga_lite/18.1/nios2eds/bin/gnu/h-x86_64-mingw32/bin/../lib/gcc/nios2-elf/5.3.0/../../../../../H-x86_64-mingw32/nios2-elf/lib/mno-hw-mul\libsmallc.a(lib_a-vfprintf.o)
 .debug_line    0x00000000000007e0      0x232 c:/intelfpga_lite/18.1/nios2eds/bin/gnu/h-x86_64-mingw32/bin/../lib/gcc/nios2-elf/5.3.0/../../../../../H-x86_64-mingw32/nios2-elf/lib/mno-hw-mul\libsmallc.a(lib_a-__call_atexit.o)
 .debug_line    0x0000000000000a12      0x1f0 c:/intelfpga_lite/18.1/nios2eds/bin/gnu/h-x86_64-mingw32/bin/../lib/gcc/nios2-elf/5.3.0/../../../../../H-x86_64-mingw32/nios2-elf/lib/mno-hw-mul\libsmallc.a(lib_a-fvwrite_small_dev.o)
 .debug_line    0x0000000000000c02      0x156 c:/intelfpga_lite/18.1/nios2eds/bin/gnu/h-x86_64-mingw32/bin/../lib/gcc/nios2-elf/5.3.0/../../../../../H-x86_64-mingw32/nios2-elf/lib/mno-hw-mul\libsmallc.a(lib_a-impure.o)
 .debug_line    0x0000000000000d58      0x15c c:/intelfpga_lite/18.1/nios2eds/bin/gnu/h-x86_64-mingw32/bin/../lib/gcc/nios2-elf/5.3.0/../../../../../H-x86_64-mingw32/nios2-elf/lib/mno-hw-mul\libsmallc.a(lib_a-strlen.o)
 .debug_line    0x0000000000000eb4      0x1ed c:/intelfpga_lite/18.1/nios2eds/bin/gnu/h-x86_64-mingw32/bin/../lib/gcc/nios2-elf/5.3.0/../../../../../H-x86_64-mingw32/nios2-elf/lib/mno-hw-mul\libsmallc.a(lib_a-writer.o)
 .debug_line    0x00000000000010a1       0x5f c:/intelfpga_lite/18.1/nios2eds/bin/gnu/h-x86_64-mingw32/bin/../lib/gcc/nios2-elf/5.3.0/../../../../../H-x86_64-mingw32/nios2-elf/lib/mno-hw-mul\libsmallc.a(lib_a-int_errno.o)
 .debug_line    0x0000000000001100      0x105 c:/intelfpga_lite/18.1/nios2eds/bin/gnu/h-x86_64-mingw32/bin/../lib/gcc/nios2-elf/5.3.0/mno-hw-mul\libgcc.a(lib2-divmod.o)
 .debug_line    0x0000000000001205       0x80 c:/intelfpga_lite/18.1/nios2eds/bin/gnu/h-x86_64-mingw32/bin/../lib/gcc/nios2-elf/5.3.0/mno-hw-mul\libgcc.a(lib2-mul.o)
 .debug_line    0x0000000000001285       0x71 ../lab6_part4_ap_bsp/\libhal_bsp.a(alt_exit.o)
 .debug_line    0x00000000000012f6       0x8e ../lab6_part4_ap_bsp/\libhal_bsp.a(alt_load.o)
 .debug_line    0x0000000000001384       0xa4 ../lab6_part4_ap_bsp/\libhal_bsp.a(alt_main.o)
 .debug_line    0x0000000000001428      0x1db ../lab6_part4_ap_bsp/\libhal_bsp.a(alt_write.o)
 .debug_line    0x0000000000001603      0x127 ../lab6_part4_ap_bsp/\libhal_bsp.a(alt_sys_init.o)
 .debug_line    0x000000000000172a      0x112 ../lab6_part4_ap_bsp/\libhal_bsp.a(altera_avalon_jtag_uart_fd.o)
 .debug_line    0x000000000000183c       0xfd ../lab6_part4_ap_bsp/\libhal_bsp.a(altera_avalon_jtag_uart_read.o)
 .debug_line    0x0000000000001939       0xf4 ../lab6_part4_ap_bsp/\libhal_bsp.a(altera_avalon_jtag_uart_write.o)
 .debug_line    0x0000000000001a2d      0x165 ../lab6_part4_ap_bsp/\libhal_bsp.a(alt_close.o)
 .debug_line    0x0000000000001b92       0x51 ../lab6_part4_ap_bsp/\libhal_bsp.a(alt_dcache_flush_all.o)
 .debug_line    0x0000000000001be3       0xf8 ../lab6_part4_ap_bsp/\libhal_bsp.a(alt_dev.o)
 .debug_line    0x0000000000001cdb       0xcf ../lab6_part4_ap_bsp/\libhal_bsp.a(alt_dev_llist_insert.o)
 .debug_line    0x0000000000001daa       0x59 ../lab6_part4_ap_bsp/\libhal_bsp.a(alt_do_ctors.o)
 .debug_line    0x0000000000001e03       0x59 ../lab6_part4_ap_bsp/\libhal_bsp.a(alt_do_dtors.o)
 .debug_line    0x0000000000001e5c       0x51 ../lab6_part4_ap_bsp/\libhal_bsp.a(alt_errno.o)
 .debug_line    0x0000000000001ead       0x4f ../lab6_part4_ap_bsp/\libhal_bsp.a(alt_icache_flush_all.o)
 .debug_line    0x0000000000001efc      0x135 ../lab6_part4_ap_bsp/\libhal_bsp.a(alt_io_redirect.o)
 .debug_line    0x0000000000002031      0x12b ../lab6_part4_ap_bsp/\libhal_bsp.a(alt_open.o)
 .debug_line    0x000000000000215c       0xb0 ../lab6_part4_ap_bsp/\libhal_bsp.a(alt_release_fd.o)
 .debug_line    0x000000000000220c       0x51 ../lab6_part4_ap_bsp/\libhal_bsp.a(altera_nios2_gen2_irq.o)
 .debug_line    0x000000000000225d       0xb5 ../lab6_part4_ap_bsp/\libhal_bsp.a(alt_find_dev.o)
 .debug_line    0x0000000000002312       0xd1 ../lab6_part4_ap_bsp/\libhal_bsp.a(alt_find_file.o)
 .debug_line    0x00000000000023e3       0xd7 ../lab6_part4_ap_bsp/\libhal_bsp.a(alt_get_fd.o)
 .debug_line    0x00000000000024ba       0xe7 c:/intelfpga_lite/18.1/nios2eds/bin/gnu/h-x86_64-mingw32/bin/../lib/gcc/nios2-elf/5.3.0/../../../../../H-x86_64-mingw32/nios2-elf/lib/mno-hw-mul\libsmallc.a(lib_a-atexit.o)
 .debug_line    0x00000000000025a1      0x160 c:/intelfpga_lite/18.1/nios2eds/bin/gnu/h-x86_64-mingw32/bin/../lib/gcc/nios2-elf/5.3.0/../../../../../H-x86_64-mingw32/nios2-elf/lib/mno-hw-mul\libsmallc.a(lib_a-memcmp.o)
 .debug_line    0x0000000000002701      0x20d c:/intelfpga_lite/18.1/nios2eds/bin/gnu/h-x86_64-mingw32/bin/../lib/gcc/nios2-elf/5.3.0/../../../../../H-x86_64-mingw32/nios2-elf/lib/mno-hw-mul\libsmallc.a(lib_a-__atexit.o)

.debug_frame    0x0000000000000000      0x9d8
 *(.debug_frame)
 .debug_frame   0x0000000000000000       0xa4 obj/default/lab6_part4.o
 .debug_frame   0x00000000000000a4       0x28 c:/intelfpga_lite/18.1/nios2eds/bin/gnu/h-x86_64-mingw32/bin/../lib/gcc/nios2-elf/5.3.0/../../../../../H-x86_64-mingw32/nios2-elf/lib/mno-hw-mul\libsmallc.a(lib_a-exit.o)
 .debug_frame   0x00000000000000cc       0x48 c:/intelfpga_lite/18.1/nios2eds/bin/gnu/h-x86_64-mingw32/bin/../lib/gcc/nios2-elf/5.3.0/../../../../../H-x86_64-mingw32/nios2-elf/lib/mno-hw-mul\libsmallc.a(lib_a-printf.o)
 .debug_frame   0x0000000000000114       0x8c c:/intelfpga_lite/18.1/nios2eds/bin/gnu/h-x86_64-mingw32/bin/../lib/gcc/nios2-elf/5.3.0/../../../../../H-x86_64-mingw32/nios2-elf/lib/mno-hw-mul\libsmallc.a(lib_a-vfprintf.o)
 .debug_frame   0x00000000000001a0       0x54 c:/intelfpga_lite/18.1/nios2eds/bin/gnu/h-x86_64-mingw32/bin/../lib/gcc/nios2-elf/5.3.0/../../../../../H-x86_64-mingw32/nios2-elf/lib/mno-hw-mul\libsmallc.a(lib_a-__call_atexit.o)
 .debug_frame   0x00000000000001f4       0x58 c:/intelfpga_lite/18.1/nios2eds/bin/gnu/h-x86_64-mingw32/bin/../lib/gcc/nios2-elf/5.3.0/../../../../../H-x86_64-mingw32/nios2-elf/lib/mno-hw-mul\libsmallc.a(lib_a-fvwrite_small_dev.o)
 .debug_frame   0x000000000000024c       0x20 c:/intelfpga_lite/18.1/nios2eds/bin/gnu/h-x86_64-mingw32/bin/../lib/gcc/nios2-elf/5.3.0/../../../../../H-x86_64-mingw32/nios2-elf/lib/mno-hw-mul\libsmallc.a(lib_a-strlen.o)
 .debug_frame   0x000000000000026c       0x38 c:/intelfpga_lite/18.1/nios2eds/bin/gnu/h-x86_64-mingw32/bin/../lib/gcc/nios2-elf/5.3.0/../../../../../H-x86_64-mingw32/nios2-elf/lib/mno-hw-mul\libsmallc.a(lib_a-writer.o)
 .debug_frame   0x00000000000002a4       0x50 c:/intelfpga_lite/18.1/nios2eds/bin/gnu/h-x86_64-mingw32/bin/../lib/gcc/nios2-elf/5.3.0/mno-hw-mul\libgcc.a(lib2-divmod.o)
 .debug_frame   0x00000000000002f4       0x20 c:/intelfpga_lite/18.1/nios2eds/bin/gnu/h-x86_64-mingw32/bin/../lib/gcc/nios2-elf/5.3.0/mno-hw-mul\libgcc.a(lib2-mul.o)
 .debug_frame   0x0000000000000314       0x2c ../lab6_part4_ap_bsp/\libhal_bsp.a(alt_exit.o)
 .debug_frame   0x0000000000000340       0x5c ../lab6_part4_ap_bsp/\libhal_bsp.a(alt_load.o)
 .debug_frame   0x000000000000039c       0x2c ../lab6_part4_ap_bsp/\libhal_bsp.a(alt_main.o)
 .debug_frame   0x00000000000003c8       0x60 ../lab6_part4_ap_bsp/\libhal_bsp.a(alt_write.o)
 .debug_frame   0x0000000000000428       0x88 ../lab6_part4_ap_bsp/\libhal_bsp.a(alt_sys_init.o)
 .debug_frame   0x00000000000004b0       0x60 ../lab6_part4_ap_bsp/\libhal_bsp.a(altera_avalon_jtag_uart_fd.o)
 .debug_frame   0x0000000000000510       0x34 ../lab6_part4_ap_bsp/\libhal_bsp.a(altera_avalon_jtag_uart_read.o)
 .debug_frame   0x0000000000000544       0x34 ../lab6_part4_ap_bsp/\libhal_bsp.a(altera_avalon_jtag_uart_write.o)
 .debug_frame   0x0000000000000578       0x60 ../lab6_part4_ap_bsp/\libhal_bsp.a(alt_close.o)
 .debug_frame   0x00000000000005d8       0x34 ../lab6_part4_ap_bsp/\libhal_bsp.a(alt_dcache_flush_all.o)
 .debug_frame   0x000000000000060c       0x34 ../lab6_part4_ap_bsp/\libhal_bsp.a(alt_dev.o)
 .debug_frame   0x0000000000000640       0x60 ../lab6_part4_ap_bsp/\libhal_bsp.a(alt_dev_llist_insert.o)
 .debug_frame   0x00000000000006a0       0x38 ../lab6_part4_ap_bsp/\libhal_bsp.a(alt_do_ctors.o)
 .debug_frame   0x00000000000006d8       0x38 ../lab6_part4_ap_bsp/\libhal_bsp.a(alt_do_dtors.o)
 .debug_frame   0x0000000000000710       0x34 ../lab6_part4_ap_bsp/\libhal_bsp.a(alt_icache_flush_all.o)
 .debug_frame   0x0000000000000744       0x64 ../lab6_part4_ap_bsp/\libhal_bsp.a(alt_io_redirect.o)
 .debug_frame   0x00000000000007a8       0x8c ../lab6_part4_ap_bsp/\libhal_bsp.a(alt_open.o)
 .debug_frame   0x0000000000000834       0x3c ../lab6_part4_ap_bsp/\libhal_bsp.a(alt_release_fd.o)
 .debug_frame   0x0000000000000870       0x34 ../lab6_part4_ap_bsp/\libhal_bsp.a(altera_nios2_gen2_irq.o)
 .debug_frame   0x00000000000008a4       0x38 ../lab6_part4_ap_bsp/\libhal_bsp.a(alt_find_dev.o)
 .debug_frame   0x00000000000008dc       0x38 ../lab6_part4_ap_bsp/\libhal_bsp.a(alt_find_file.o)
 .debug_frame   0x0000000000000914       0x3c ../lab6_part4_ap_bsp/\libhal_bsp.a(alt_get_fd.o)
 .debug_frame   0x0000000000000950       0x20 c:/intelfpga_lite/18.1/nios2eds/bin/gnu/h-x86_64-mingw32/bin/../lib/gcc/nios2-elf/5.3.0/../../../../../H-x86_64-mingw32/nios2-elf/lib/mno-hw-mul\libsmallc.a(lib_a-atexit.o)
 .debug_frame   0x0000000000000970       0x20 c:/intelfpga_lite/18.1/nios2eds/bin/gnu/h-x86_64-mingw32/bin/../lib/gcc/nios2-elf/5.3.0/../../../../../H-x86_64-mingw32/nios2-elf/lib/mno-hw-mul\libsmallc.a(lib_a-memcmp.o)
 .debug_frame   0x0000000000000990       0x48 c:/intelfpga_lite/18.1/nios2eds/bin/gnu/h-x86_64-mingw32/bin/../lib/gcc/nios2-elf/5.3.0/../../../../../H-x86_64-mingw32/nios2-elf/lib/mno-hw-mul\libsmallc.a(lib_a-__atexit.o)

.debug_str      0x0000000000000000     0x178f
 *(.debug_str)
 .debug_str     0x0000000000000000      0x1ff obj/default/lab6_part4.o
                                        0x23d (size before relaxing)
 .debug_str     0x00000000000001ff      0x142 c:/intelfpga_lite/18.1/nios2eds/bin/gnu/h-x86_64-mingw32/bin/../lib/gcc/nios2-elf/5.3.0/../../../../../H-x86_64-mingw32/nios2-elf/lib/mno-hw-mul\libsmallc.a(lib_a-exit.o)
                                        0x1f0 (size before relaxing)
 .debug_str     0x0000000000000341      0x3c8 c:/intelfpga_lite/18.1/nios2eds/bin/gnu/h-x86_64-mingw32/bin/../lib/gcc/nios2-elf/5.3.0/../../../../../H-x86_64-mingw32/nios2-elf/lib/mno-hw-mul\libsmallc.a(lib_a-printf.o)
                                        0x504 (size before relaxing)
 .debug_str     0x0000000000000709      0x1ff c:/intelfpga_lite/18.1/nios2eds/bin/gnu/h-x86_64-mingw32/bin/../lib/gcc/nios2-elf/5.3.0/../../../../../H-x86_64-mingw32/nios2-elf/lib/mno-hw-mul\libsmallc.a(lib_a-vfprintf.o)
                                        0x67f (size before relaxing)
 .debug_str     0x0000000000000908       0x78 c:/intelfpga_lite/18.1/nios2eds/bin/gnu/h-x86_64-mingw32/bin/../lib/gcc/nios2-elf/5.3.0/../../../../../H-x86_64-mingw32/nios2-elf/lib/mno-hw-mul\libsmallc.a(lib_a-__call_atexit.o)
                                        0x4eb (size before relaxing)
 .debug_str     0x0000000000000980       0x78 c:/intelfpga_lite/18.1/nios2eds/bin/gnu/h-x86_64-mingw32/bin/../lib/gcc/nios2-elf/5.3.0/../../../../../H-x86_64-mingw32/nios2-elf/lib/mno-hw-mul\libsmallc.a(lib_a-fvwrite_small_dev.o)
                                        0x4d4 (size before relaxing)
 .debug_str     0x00000000000009f8       0xdc c:/intelfpga_lite/18.1/nios2eds/bin/gnu/h-x86_64-mingw32/bin/../lib/gcc/nios2-elf/5.3.0/../../../../../H-x86_64-mingw32/nios2-elf/lib/mno-hw-mul\libsmallc.a(lib_a-impure.o)
                                        0x4be (size before relaxing)
 .debug_str     0x0000000000000ad4       0xd2 c:/intelfpga_lite/18.1/nios2eds/bin/gnu/h-x86_64-mingw32/bin/../lib/gcc/nios2-elf/5.3.0/../../../../../H-x86_64-mingw32/nios2-elf/lib/mno-hw-mul\libsmallc.a(lib_a-strlen.o)
                                        0x1e5 (size before relaxing)
 .debug_str     0x0000000000000ba6       0x45 c:/intelfpga_lite/18.1/nios2eds/bin/gnu/h-x86_64-mingw32/bin/../lib/gcc/nios2-elf/5.3.0/../../../../../H-x86_64-mingw32/nios2-elf/lib/mno-hw-mul\libsmallc.a(lib_a-writer.o)
                                        0x4b8 (size before relaxing)
 .debug_str     0x0000000000000beb       0x3f c:/intelfpga_lite/18.1/nios2eds/bin/gnu/h-x86_64-mingw32/bin/../lib/gcc/nios2-elf/5.3.0/../../../../../H-x86_64-mingw32/nios2-elf/lib/mno-hw-mul\libsmallc.a(lib_a-int_errno.o)
                                        0x1d8 (size before relaxing)
 .debug_str     0x0000000000000c2a      0x187 c:/intelfpga_lite/18.1/nios2eds/bin/gnu/h-x86_64-mingw32/bin/../lib/gcc/nios2-elf/5.3.0/mno-hw-mul\libgcc.a(lib2-divmod.o)
                                        0x1d2 (size before relaxing)
 .debug_str     0x0000000000000db1       0x40 c:/intelfpga_lite/18.1/nios2eds/bin/gnu/h-x86_64-mingw32/bin/../lib/gcc/nios2-elf/5.3.0/mno-hw-mul\libgcc.a(lib2-mul.o)
                                        0x193 (size before relaxing)
 .debug_str     0x0000000000000df1       0x8f ../lab6_part4_ap_bsp/\libhal_bsp.a(alt_exit.o)
                                        0x17c (size before relaxing)
 .debug_str     0x0000000000000e80       0xf1 ../lab6_part4_ap_bsp/\libhal_bsp.a(alt_load.o)
                                        0x23d (size before relaxing)
 .debug_str     0x0000000000000f71       0x70 ../lab6_part4_ap_bsp/\libhal_bsp.a(alt_main.o)
                                        0x1c8 (size before relaxing)
 .debug_str     0x0000000000000fe1      0x166 ../lab6_part4_ap_bsp/\libhal_bsp.a(alt_write.o)
                                        0x323 (size before relaxing)
 .debug_str     0x0000000000001147      0x105 ../lab6_part4_ap_bsp/\libhal_bsp.a(alt_sys_init.o)
                                        0x2ff (size before relaxing)
 .debug_str     0x000000000000124c       0x77 ../lab6_part4_ap_bsp/\libhal_bsp.a(altera_avalon_jtag_uart_fd.o)
                                        0x300 (size before relaxing)
 .debug_str     0x00000000000012c3       0x48 ../lab6_part4_ap_bsp/\libhal_bsp.a(altera_avalon_jtag_uart_read.o)
                                        0x24a (size before relaxing)
 .debug_str     0x000000000000130b       0x4a ../lab6_part4_ap_bsp/\libhal_bsp.a(altera_avalon_jtag_uart_write.o)
                                        0x240 (size before relaxing)
 .debug_str     0x0000000000001355       0x1b ../lab6_part4_ap_bsp/\libhal_bsp.a(alt_close.o)
                                        0x236 (size before relaxing)
 .debug_str     0x0000000000001370       0x34 ../lab6_part4_ap_bsp/\libhal_bsp.a(alt_dcache_flush_all.o)
                                        0x180 (size before relaxing)
 .debug_str     0x00000000000013a4       0x50 ../lab6_part4_ap_bsp/\libhal_bsp.a(alt_dev.o)
                                        0x330 (size before relaxing)
 .debug_str     0x00000000000013f4       0x4b ../lab6_part4_ap_bsp/\libhal_bsp.a(alt_dev_llist_insert.o)
                                        0x1f7 (size before relaxing)
 .debug_str     0x000000000000143f       0x48 ../lab6_part4_ap_bsp/\libhal_bsp.a(alt_do_ctors.o)
                                         0xfb (size before relaxing)
 .debug_str     0x0000000000001487       0x4c ../lab6_part4_ap_bsp/\libhal_bsp.a(alt_do_dtors.o)
                                         0xfa (size before relaxing)
 .debug_str     0x00000000000014d3       0x14 ../lab6_part4_ap_bsp/\libhal_bsp.a(alt_errno.o)
                                        0x170 (size before relaxing)
 .debug_str     0x00000000000014e7       0x34 ../lab6_part4_ap_bsp/\libhal_bsp.a(alt_icache_flush_all.o)
                                        0x180 (size before relaxing)
 .debug_str     0x000000000000151b       0x56 ../lab6_part4_ap_bsp/\libhal_bsp.a(alt_io_redirect.o)
                                        0x341 (size before relaxing)
 .debug_str     0x0000000000001571       0x36 ../lab6_part4_ap_bsp/\libhal_bsp.a(alt_open.o)
                                        0x276 (size before relaxing)
 .debug_str     0x00000000000015a7       0x28 ../lab6_part4_ap_bsp/\libhal_bsp.a(alt_release_fd.o)
                                        0x1fe (size before relaxing)
 .debug_str     0x00000000000015cf       0x3b ../lab6_part4_ap_bsp/\libhal_bsp.a(altera_nios2_gen2_irq.o)
                                        0x187 (size before relaxing)
 .debug_str     0x000000000000160a       0x24 ../lab6_part4_ap_bsp/\libhal_bsp.a(alt_find_dev.o)
                                        0x217 (size before relaxing)
 .debug_str     0x000000000000162e       0x26 ../lab6_part4_ap_bsp/\libhal_bsp.a(alt_find_file.o)
                                        0x225 (size before relaxing)
 .debug_str     0x0000000000001654       0x30 ../lab6_part4_ap_bsp/\libhal_bsp.a(alt_get_fd.o)
                                        0x247 (size before relaxing)
 .debug_str     0x0000000000001684       0x81 c:/intelfpga_lite/18.1/nios2eds/bin/gnu/h-x86_64-mingw32/bin/../lib/gcc/nios2-elf/5.3.0/../../../../../H-x86_64-mingw32/nios2-elf/lib/mno-hw-mul\libsmallc.a(lib_a-atexit.o)
                                        0x21c (size before relaxing)
 .debug_str     0x0000000000001705       0x44 c:/intelfpga_lite/18.1/nios2eds/bin/gnu/h-x86_64-mingw32/bin/../lib/gcc/nios2-elf/5.3.0/../../../../../H-x86_64-mingw32/nios2-elf/lib/mno-hw-mul\libsmallc.a(lib_a-memcmp.o)
                                        0x1df (size before relaxing)
 .debug_str     0x0000000000001749       0x46 c:/intelfpga_lite/18.1/nios2eds/bin/gnu/h-x86_64-mingw32/bin/../lib/gcc/nios2-elf/5.3.0/../../../../../H-x86_64-mingw32/nios2-elf/lib/mno-hw-mul\libsmallc.a(lib_a-__atexit.o)
                                        0x4ff (size before relaxing)

.debug_loc      0x0000000000000000     0x1543
 *(.debug_loc)
 .debug_loc     0x0000000000000000       0x1e c:/intelfpga_lite/18.1/nios2eds/bin/gnu/h-x86_64-mingw32/bin/../lib/gcc/nios2-elf/5.3.0/../../../../../H-x86_64-mingw32/nios2-elf/lib/mno-hw-mul\libsmallc.a(lib_a-exit.o)
 .debug_loc     0x000000000000001e       0xc6 c:/intelfpga_lite/18.1/nios2eds/bin/gnu/h-x86_64-mingw32/bin/../lib/gcc/nios2-elf/5.3.0/../../../../../H-x86_64-mingw32/nios2-elf/lib/mno-hw-mul\libsmallc.a(lib_a-printf.o)
 .debug_loc     0x00000000000000e4      0x954 c:/intelfpga_lite/18.1/nios2eds/bin/gnu/h-x86_64-mingw32/bin/../lib/gcc/nios2-elf/5.3.0/../../../../../H-x86_64-mingw32/nios2-elf/lib/mno-hw-mul\libsmallc.a(lib_a-vfprintf.o)
 .debug_loc     0x0000000000000a38      0x157 c:/intelfpga_lite/18.1/nios2eds/bin/gnu/h-x86_64-mingw32/bin/../lib/gcc/nios2-elf/5.3.0/../../../../../H-x86_64-mingw32/nios2-elf/lib/mno-hw-mul\libsmallc.a(lib_a-__call_atexit.o)
 .debug_loc     0x0000000000000b8f      0x110 c:/intelfpga_lite/18.1/nios2eds/bin/gnu/h-x86_64-mingw32/bin/../lib/gcc/nios2-elf/5.3.0/../../../../../H-x86_64-mingw32/nios2-elf/lib/mno-hw-mul\libsmallc.a(lib_a-fvwrite_small_dev.o)
 .debug_loc     0x0000000000000c9f       0x1e c:/intelfpga_lite/18.1/nios2eds/bin/gnu/h-x86_64-mingw32/bin/../lib/gcc/nios2-elf/5.3.0/../../../../../H-x86_64-mingw32/nios2-elf/lib/mno-hw-mul\libsmallc.a(lib_a-strlen.o)
 .debug_loc     0x0000000000000cbd       0xa5 c:/intelfpga_lite/18.1/nios2eds/bin/gnu/h-x86_64-mingw32/bin/../lib/gcc/nios2-elf/5.3.0/../../../../../H-x86_64-mingw32/nios2-elf/lib/mno-hw-mul\libsmallc.a(lib_a-writer.o)
 .debug_loc     0x0000000000000d62      0x4ce c:/intelfpga_lite/18.1/nios2eds/bin/gnu/h-x86_64-mingw32/bin/../lib/gcc/nios2-elf/5.3.0/mno-hw-mul\libgcc.a(lib2-divmod.o)
 .debug_loc     0x0000000000001230       0x93 c:/intelfpga_lite/18.1/nios2eds/bin/gnu/h-x86_64-mingw32/bin/../lib/gcc/nios2-elf/5.3.0/mno-hw-mul\libgcc.a(lib2-mul.o)
 .debug_loc     0x00000000000012c3       0x2c c:/intelfpga_lite/18.1/nios2eds/bin/gnu/h-x86_64-mingw32/bin/../lib/gcc/nios2-elf/5.3.0/../../../../../H-x86_64-mingw32/nios2-elf/lib/mno-hw-mul\libsmallc.a(lib_a-atexit.o)
 .debug_loc     0x00000000000012ef       0x94 c:/intelfpga_lite/18.1/nios2eds/bin/gnu/h-x86_64-mingw32/bin/../lib/gcc/nios2-elf/5.3.0/../../../../../H-x86_64-mingw32/nios2-elf/lib/mno-hw-mul\libsmallc.a(lib_a-memcmp.o)
 .debug_loc     0x0000000000001383      0x1c0 c:/intelfpga_lite/18.1/nios2eds/bin/gnu/h-x86_64-mingw32/bin/../lib/gcc/nios2-elf/5.3.0/../../../../../H-x86_64-mingw32/nios2-elf/lib/mno-hw-mul\libsmallc.a(lib_a-__atexit.o)

.debug_macinfo
 *(.debug_macinfo)

.debug_weaknames
 *(.debug_weaknames)

.debug_funcnames
 *(.debug_funcnames)

.debug_typenames
 *(.debug_typenames)

.debug_varnames
 *(.debug_varnames)

.debug_alt_sim_info
                0x0000000000000000       0x10
 *(.debug_alt_sim_info)
 .debug_alt_sim_info
                0x0000000000000000       0x10 ../lab6_part4_ap_bsp//obj/HAL/src/crt0.o
                0x0000000000008000                __alt_data_end = 0x8000
                0x0000000000008000                PROVIDE (__alt_stack_pointer, __alt_data_end)
                [!provide]                        PROVIDE (__alt_stack_limit, __alt_stack_base)
                [!provide]                        PROVIDE (__alt_heap_start, end)
                [!provide]                        PROVIDE (__alt_heap_limit, 0x8000)
OUTPUT(lab6_part4_ap.elf elf32-littlenios2)

.debug_ranges   0x0000000000000000      0x228
 .debug_ranges  0x0000000000000000       0x20 ../lab6_part4_ap_bsp//obj/HAL/src/crt0.o
 .debug_ranges  0x0000000000000020       0x10 c:/intelfpga_lite/18.1/nios2eds/bin/gnu/h-x86_64-mingw32/bin/../lib/gcc/nios2-elf/5.3.0/../../../../../H-x86_64-mingw32/nios2-elf/lib/mno-hw-mul\libsmallc.a(lib_a-exit.o)
 .debug_ranges  0x0000000000000030       0x18 c:/intelfpga_lite/18.1/nios2eds/bin/gnu/h-x86_64-mingw32/bin/../lib/gcc/nios2-elf/5.3.0/../../../../../H-x86_64-mingw32/nios2-elf/lib/mno-hw-mul\libsmallc.a(lib_a-printf.o)
 .debug_ranges  0x0000000000000048       0xc8 c:/intelfpga_lite/18.1/nios2eds/bin/gnu/h-x86_64-mingw32/bin/../lib/gcc/nios2-elf/5.3.0/../../../../../H-x86_64-mingw32/nios2-elf/lib/mno-hw-mul\libsmallc.a(lib_a-vfprintf.o)
 .debug_ranges  0x0000000000000110       0x28 c:/intelfpga_lite/18.1/nios2eds/bin/gnu/h-x86_64-mingw32/bin/../lib/gcc/nios2-elf/5.3.0/../../../../../H-x86_64-mingw32/nios2-elf/lib/mno-hw-mul\libsmallc.a(lib_a-__call_atexit.o)
 .debug_ranges  0x0000000000000138       0x28 c:/intelfpga_lite/18.1/nios2eds/bin/gnu/h-x86_64-mingw32/bin/../lib/gcc/nios2-elf/5.3.0/../../../../../H-x86_64-mingw32/nios2-elf/lib/mno-hw-mul\libsmallc.a(lib_a-fvwrite_small_dev.o)
 .debug_ranges  0x0000000000000160       0x10 c:/intelfpga_lite/18.1/nios2eds/bin/gnu/h-x86_64-mingw32/bin/../lib/gcc/nios2-elf/5.3.0/../../../../../H-x86_64-mingw32/nios2-elf/lib/mno-hw-mul\libsmallc.a(lib_a-strlen.o)
 .debug_ranges  0x0000000000000170       0x10 c:/intelfpga_lite/18.1/nios2eds/bin/gnu/h-x86_64-mingw32/bin/../lib/gcc/nios2-elf/5.3.0/../../../../../H-x86_64-mingw32/nios2-elf/lib/mno-hw-mul\libsmallc.a(lib_a-writer.o)
 .debug_ranges  0x0000000000000180       0x60 c:/intelfpga_lite/18.1/nios2eds/bin/gnu/h-x86_64-mingw32/bin/../lib/gcc/nios2-elf/5.3.0/mno-hw-mul\libgcc.a(lib2-divmod.o)
 .debug_ranges  0x00000000000001e0       0x18 ../lab6_part4_ap_bsp/\libhal_bsp.a(altera_avalon_jtag_uart_read.o)
 .debug_ranges  0x00000000000001f8       0x10 c:/intelfpga_lite/18.1/nios2eds/bin/gnu/h-x86_64-mingw32/bin/../lib/gcc/nios2-elf/5.3.0/../../../../../H-x86_64-mingw32/nios2-elf/lib/mno-hw-mul\libsmallc.a(lib_a-atexit.o)
 .debug_ranges  0x0000000000000208       0x10 c:/intelfpga_lite/18.1/nios2eds/bin/gnu/h-x86_64-mingw32/bin/../lib/gcc/nios2-elf/5.3.0/../../../../../H-x86_64-mingw32/nios2-elf/lib/mno-hw-mul\libsmallc.a(lib_a-memcmp.o)
 .debug_ranges  0x0000000000000218       0x10 c:/intelfpga_lite/18.1/nios2eds/bin/gnu/h-x86_64-mingw32/bin/../lib/gcc/nios2-elf/5.3.0/../../../../../H-x86_64-mingw32/nios2-elf/lib/mno-hw-mul\libsmallc.a(lib_a-__atexit.o)
