15:28:23 **** Incremental Build of configuration Nios II for project lab6_part4_ap ****
make all 
Info: Building ../lab6_part4_ap_bsp/
C:/intelFPGA_lite/18.1/nios2eds/bin/gnu/H-x86_64-mingw32/bin/make --no-print-directory -C ../lab6_part4_ap_bsp/
[BSP build complete]
Info: Compiling lab6_part4.c to obj/default/lab6_part4.o
nios2-elf-gcc -xc -MP -MMD -c -I../lab6_part4_ap_bsp//HAL/inc -I../lab6_part4_ap_bsp/ -I../lab6_part4_ap_bsp//drivers/inc  -pipe -D__hal__ -DALT_NO_INSTRUCTION_EMULATION -DALT_USE_SMALL_DRIVERS -DSMALL_C_LIB -DALT_SINGLE_THREADED    -O0 -g -Wall   -mno-hw-div -mno-hw-mul -mno-hw-mulx -mgpopt=global  -o obj/default/lab6_part4.o lab6_part4.c
lab6_part4.c: In function 'Memory_Access_32':
lab6_part4.c:73:18: warning: format '%x' expects argument of type 'unsigned int', but argument 3 has type 'uint32 {aka volatile long unsigned int}' [-Wformat=]
           printf("\n\nERROR: Address: %x Read value: %x Expected value: %x",(i*4), *(Ram32bitPTR + i), Testdata);
                  ^
lab6_part4.c:73:18: warning: format '%x' expects argument of type 'unsigned int', but argument 4 has type 'uint32 {aka long unsigned int}' [-Wformat=]
lab6_part4.c:73:18: warning: format '%x' expects argument of type 'unsigned int', but argument 3 has type 'uint32 {aka volatile long unsigned int}' [-Wformat=]
lab6_part4.c:73:18: warning: format '%x' expects argument of type 'unsigned int', but argument 4 has type 'uint32 {aka long unsigned int}' [-Wformat=]
lab6_part4.c: In function 'main':
lab6_part4.c:86:24: warning: cast from pointer to integer of different size [-Wpointer-to-int-cast]
       Memory_Access_16((uint16)Ram16bitPTR,(uint32)100,0x1234); //check the memory for 16bit
                        ^
Info: Linking lab6_part4_ap.elf
nios2-elf-g++  -T'../lab6_part4_ap_bsp//linker.x' -msys-crt0='../lab6_part4_ap_bsp//obj/HAL/src/crt0.o' -msys-lib=hal_bsp -L../lab6_part4_ap_bsp/  -msmallc  -Wl,-Map=lab6_part4_ap.map   -O0 -g -Wall   -mno-hw-div -mno-hw-mul -mno-hw-mulx -mgpopt=global  -o lab6_part4_ap.elf obj/default/lab6_part4.o -lm -msys-lib=m
nios2-elf-insert lab6_part4_ap.elf --thread_model hal --cpu_name nios2_gen2_0 --qsys true --simulation_enabled false --id 6 --sidp 0x9020 --timestamp 1774984050 --stderr_dev jtag_uart_0 --stdin_dev jtag_uart_0 --stdout_dev jtag_uart_0 --sopc_system_name nios_system --quartus_project_dir "C:/Users/a9284/Documents/GitHub/CPET-561/CPET-561/Labs/Lab6/Quartus/part3" --jdi ../..//output_files/lab6.jdi --sopcinfo C:/Users/a9284/Documents/GitHub/CPET-561/CPET-561/Labs/Lab6/Quartus/part3/software/lab6_part4_ap_bsp/../../nios_system.sopcinfo
Info: (lab6_part4_ap.elf) 9224 Bytes program size (code + initialized data).
Info:                     6416 Bytes free for stack + heap.
Info: Creating lab6_part4_ap.objdump
nios2-elf-objdump --disassemble --syms --all-header --source lab6_part4_ap.elf >lab6_part4_ap.objdump
[lab6_part4_ap build complete]

15:28:24 Build Finished (took 1s.43ms)

