07:44:14 **** Incremental Build of configuration Nios II for project lab6_part5_app ****
make all 
Info: Building ../lab6_part5_app_bsp/
C:/intelFPGA_lite/18.1/nios2eds/bin/gnu/H-x86_64-mingw32/bin/make --no-print-directory -C ../lab6_part5_app_bsp/
[BSP build complete]
[lab6_part5_app build complete]
07:44:23 **** Build of configuration Nios II for project lab6_part5_app ****
make all 
Info: Building ../lab6_part5_app_bsp/
C:/intelFPGA_lite/18.1/nios2eds/bin/gnu/H-x86_64-mingw32/bin/make --no-print-directory -C ../lab6_part5_app_bsp/
[BSP build complete]
[lab6_part5_app build complete]
07:44:26 **** Incremental Build of configuration Nios II for project lab6_part5_app ****
make all 
Info: Building ../lab6_part5_app_bsp/
C:/intelFPGA_lite/18.1/nios2eds/bin/gnu/H-x86_64-mingw32/bin/make --no-print-directory -C ../lab6_part5_app_bsp/
[BSP build complete]
[lab6_part5_app build complete]
07:45:25 **** Incremental Build of configuration Nios II for project lab6_part5_app ****
make all 
Info: Building ../lab6_part5_app_bsp/
C:/intelFPGA_lite/18.1/nios2eds/bin/gnu/H-x86_64-mingw32/bin/make --no-print-directory -C ../lab6_part5_app_bsp/
[BSP build complete]
Info: Compiling hello_world.c to obj/default/hello_world.o
nios2-elf-gcc -xc -MP -MMD -c -I../lab6_part5_app_bsp//HAL/inc -I../lab6_part5_app_bsp/ -I../lab6_part5_app_bsp//drivers/inc  -pipe -D__hal__ -DALT_NO_INSTRUCTION_EMULATION -DALT_USE_SMALL_DRIVERS -DSMALL_C_LIB -DALT_SINGLE_THREADED    -O0 -g -Wall   -mno-hw-div -mno-hw-mul -mno-hw-mulx -mgpopt=global  -o obj/default/hello_world.o hello_world.c
hello_world.c: In function 'Memory_Access_32':
hello_world.c:75:18: warning: format '%x' expects argument of type 'unsigned int', but argument 3 has type 'uint32 {aka volatile long unsigned int}' [-Wformat=]
           printf("\n\nERROR: Address: %x Read value: %x Expected value: %x",(i*4), *(Ram32bitPTR + i), Testdata);
                  ^
hello_world.c:75:18: warning: format '%x' expects argument of type 'unsigned int', but argument 4 has type 'uint32 {aka long unsigned int}' [-Wformat=]
hello_world.c:75:18: warning: format '%x' expects argument of type 'unsigned int', but argument 3 has type 'uint32 {aka volatile long unsigned int}' [-Wformat=]
hello_world.c:75:18: warning: format '%x' expects argument of type 'unsigned int', but argument 4 has type 'uint32 {aka long unsigned int}' [-Wformat=]
Info: Linking lab6_part5_app.elf
nios2-elf-g++  -T'../lab6_part5_app_bsp//linker.x' -msys-crt0='../lab6_part5_app_bsp//obj/HAL/src/crt0.o' -msys-lib=hal_bsp -L../lab6_part5_app_bsp/  -msmallc  -Wl,-Map=lab6_part5_app.map   -O0 -g -Wall   -mno-hw-div -mno-hw-mul -mno-hw-mulx -mgpopt=global  -o lab6_part5_app.elf obj/default/hello_world.o -lm -msys-lib=m
nios2-elf-insert lab6_part5_app.elf --thread_model hal --cpu_name nios2_gen2_0 --qsys true --simulation_enabled false --id 6 --sidp 0xd020 --timestamp 1774954472 --stderr_dev jtag_uart_0 --stdin_dev jtag_uart_0 --stdout_dev jtag_uart_0 --sopc_system_name nios_system --quartus_project_dir "C:/Users/a9284/Documents/GitHub/CPET-561/Labs/Lab6/Quartus/part5" --jdi ../..//output_files/lab6.jdi --sopcinfo C:/Users/a9284/Documents/GitHub/CPET-561/Labs/Lab6/Quartus/part5/software/lab6_part5_app_bsp/../../nios_system.sopcinfo
Info: (lab6_part5_app.elf) 10 KBytes program size (code + initialized data).
Info:                      4668 Bytes free for stack + heap.
Info: Creating lab6_part5_app.objdump
nios2-elf-objdump --disassemble --syms --all-header --source lab6_part5_app.elf >lab6_part5_app.objdump
[lab6_part5_app build complete]
