Archive member included to satisfy reference by file (symbol)

../lab2_bsp/\libhal_bsp.a(alt_load.o)
                              ../lab2_bsp//obj/HAL/src/crt0.o (alt_load)
../lab2_bsp/\libhal_bsp.a(alt_main.o)
                              ../lab2_bsp//obj/HAL/src/crt0.o (alt_main)
../lab2_bsp/\libhal_bsp.a(alt_sys_init.o)
                              ../lab2_bsp/\libhal_bsp.a(alt_main.o) (alt_irq_init)
../lab2_bsp/\libhal_bsp.a(altera_avalon_jtag_uart_fd.o)
                              ../lab2_bsp/\libhal_bsp.a(alt_sys_init.o) (altera_avalon_jtag_uart_read_fd)
../lab2_bsp/\libhal_bsp.a(altera_avalon_jtag_uart_init.o)
                              ../lab2_bsp/\libhal_bsp.a(alt_sys_init.o) (altera_avalon_jtag_uart_init)
../lab2_bsp/\libhal_bsp.a(altera_avalon_jtag_uart_ioctl.o)
                              ../lab2_bsp/\libhal_bsp.a(altera_avalon_jtag_uart_fd.o) (altera_avalon_jtag_uart_ioctl)
../lab2_bsp/\libhal_bsp.a(altera_avalon_jtag_uart_read.o)
                              ../lab2_bsp/\libhal_bsp.a(altera_avalon_jtag_uart_fd.o) (altera_avalon_jtag_uart_read)
../lab2_bsp/\libhal_bsp.a(altera_avalon_jtag_uart_write.o)
                              ../lab2_bsp/\libhal_bsp.a(altera_avalon_jtag_uart_fd.o) (altera_avalon_jtag_uart_write)
../lab2_bsp/\libhal_bsp.a(alt_alarm_start.o)
                              ../lab2_bsp/\libhal_bsp.a(altera_avalon_jtag_uart_init.o) (alt_alarm_start)
../lab2_bsp/\libhal_bsp.a(alt_close.o)
                              ../lab2_bsp/\libhal_bsp.a(alt_main.o) (close)
../lab2_bsp/\libhal_bsp.a(alt_dcache_flush_all.o)
                              ../lab2_bsp/\libhal_bsp.a(alt_load.o) (alt_dcache_flush_all)
../lab2_bsp/\libhal_bsp.a(alt_dev.o)
                              ../lab2_bsp/\libhal_bsp.a(alt_sys_init.o) (alt_dev_list)
../lab2_bsp/\libhal_bsp.a(alt_dev_llist_insert.o)
                              ../lab2_bsp/\libhal_bsp.a(alt_sys_init.o) (alt_dev_llist_insert)
../lab2_bsp/\libhal_bsp.a(alt_do_ctors.o)
                              ../lab2_bsp/\libhal_bsp.a(alt_main.o) (_do_ctors)
../lab2_bsp/\libhal_bsp.a(alt_do_dtors.o)
                              ../lab2_bsp/\libhal_bsp.a(alt_main.o) (_do_dtors)
../lab2_bsp/\libhal_bsp.a(alt_errno.o)
                              ../lab2_bsp/\libhal_bsp.a(alt_close.o) (alt_errno)
../lab2_bsp/\libhal_bsp.a(alt_icache_flush_all.o)
                              ../lab2_bsp/\libhal_bsp.a(alt_load.o) (alt_icache_flush_all)
../lab2_bsp/\libhal_bsp.a(alt_iic.o)
                              ../lab2_bsp/\libhal_bsp.a(altera_avalon_jtag_uart_init.o) (alt_ic_isr_register)
../lab2_bsp/\libhal_bsp.a(alt_iic_isr_register.o)
                              ../lab2_bsp/\libhal_bsp.a(alt_iic.o) (alt_iic_isr_register)
../lab2_bsp/\libhal_bsp.a(alt_io_redirect.o)
                              ../lab2_bsp/\libhal_bsp.a(alt_main.o) (alt_io_redirect)
../lab2_bsp/\libhal_bsp.a(alt_irq_entry.o)
                              ../lab2_bsp/\libhal_bsp.a(alt_iic_isr_register.o) (alt_irq_entry)
../lab2_bsp/\libhal_bsp.a(alt_irq_handler.o)
                              ../lab2_bsp/\libhal_bsp.a(alt_iic_isr_register.o) (alt_irq)
../lab2_bsp/\libhal_bsp.a(alt_irq_vars.o)
                              ../lab2_bsp/\libhal_bsp.a(alt_iic.o) (alt_irq_active)
../lab2_bsp/\libhal_bsp.a(alt_open.o)
                              ../lab2_bsp/\libhal_bsp.a(alt_io_redirect.o) (open)
../lab2_bsp/\libhal_bsp.a(alt_release_fd.o)
                              ../lab2_bsp/\libhal_bsp.a(alt_close.o) (alt_release_fd)
../lab2_bsp/\libhal_bsp.a(alt_tick.o)
                              ../lab2_bsp/\libhal_bsp.a(altera_avalon_jtag_uart_init.o) (_alt_tick_rate)
../lab2_bsp/\libhal_bsp.a(altera_nios2_gen2_irq.o)
                              ../lab2_bsp/\libhal_bsp.a(alt_sys_init.o) (altera_nios2_gen2_irq_init)
../lab2_bsp/\libhal_bsp.a(alt_exception_entry.o)
                              ../lab2_bsp/\libhal_bsp.a(alt_irq_entry.o) (alt_exception)
../lab2_bsp/\libhal_bsp.a(alt_find_dev.o)
                              ../lab2_bsp/\libhal_bsp.a(alt_open.o) (alt_find_dev)
../lab2_bsp/\libhal_bsp.a(alt_find_file.o)
                              ../lab2_bsp/\libhal_bsp.a(alt_open.o) (alt_find_file)
../lab2_bsp/\libhal_bsp.a(alt_get_fd.o)
                              ../lab2_bsp/\libhal_bsp.a(alt_open.o) (alt_get_fd)
../lab2_bsp/\libhal_bsp.a(alt_instruction_exception_entry.o)
                              ../lab2_bsp/\libhal_bsp.a(alt_exception_entry.o) (alt_instruction_exception_entry)
c:/intelfpga_lite/18.1/nios2eds/bin/gnu/h-x86_64-mingw32/bin/../lib/gcc/nios2-elf/5.3.0/../../../../../H-x86_64-mingw32/nios2-elf/lib/mno-hw-mul\libc.a(lib_a-atexit.o)
                              ../lab2_bsp/\libhal_bsp.a(alt_main.o) (atexit)
c:/intelfpga_lite/18.1/nios2eds/bin/gnu/h-x86_64-mingw32/bin/../lib/gcc/nios2-elf/5.3.0/../../../../../H-x86_64-mingw32/nios2-elf/lib/mno-hw-mul\libc.a(lib_a-exit.o)
                              ../lab2_bsp/\libhal_bsp.a(alt_main.o) (exit)
c:/intelfpga_lite/18.1/nios2eds/bin/gnu/h-x86_64-mingw32/bin/../lib/gcc/nios2-elf/5.3.0/../../../../../H-x86_64-mingw32/nios2-elf/lib/mno-hw-mul\libc.a(lib_a-impure.o)
                              c:/intelfpga_lite/18.1/nios2eds/bin/gnu/h-x86_64-mingw32/bin/../lib/gcc/nios2-elf/5.3.0/../../../../../H-x86_64-mingw32/nios2-elf/lib/mno-hw-mul\libc.a(lib_a-exit.o) (_global_impure_ptr)
c:/intelfpga_lite/18.1/nios2eds/bin/gnu/h-x86_64-mingw32/bin/../lib/gcc/nios2-elf/5.3.0/../../../../../H-x86_64-mingw32/nios2-elf/lib/mno-hw-mul\libc.a(lib_a-int_errno.o)
                              ../lab2_bsp/\libhal_bsp.a(alt_close.o) (errno)
c:/intelfpga_lite/18.1/nios2eds/bin/gnu/h-x86_64-mingw32/bin/../lib/gcc/nios2-elf/5.3.0/../../../../../H-x86_64-mingw32/nios2-elf/lib/mno-hw-mul\libc.a(lib_a-memcmp.o)
                              ../lab2_bsp/\libhal_bsp.a(alt_find_dev.o) (memcmp)
c:/intelfpga_lite/18.1/nios2eds/bin/gnu/h-x86_64-mingw32/bin/../lib/gcc/nios2-elf/5.3.0/../../../../../H-x86_64-mingw32/nios2-elf/lib/mno-hw-mul\libc.a(lib_a-memcpy.o)
                              ../lab2_bsp/\libhal_bsp.a(altera_avalon_jtag_uart_read.o) (memcpy)
c:/intelfpga_lite/18.1/nios2eds/bin/gnu/h-x86_64-mingw32/bin/../lib/gcc/nios2-elf/5.3.0/../../../../../H-x86_64-mingw32/nios2-elf/lib/mno-hw-mul\libc.a(lib_a-strlen.o)
                              ../lab2_bsp/\libhal_bsp.a(alt_find_dev.o) (strlen)
c:/intelfpga_lite/18.1/nios2eds/bin/gnu/h-x86_64-mingw32/bin/../lib/gcc/nios2-elf/5.3.0/../../../../../H-x86_64-mingw32/nios2-elf/lib/mno-hw-mul\libc.a(lib_a-__atexit.o)
                              c:/intelfpga_lite/18.1/nios2eds/bin/gnu/h-x86_64-mingw32/bin/../lib/gcc/nios2-elf/5.3.0/../../../../../H-x86_64-mingw32/nios2-elf/lib/mno-hw-mul\libc.a(lib_a-atexit.o) (__register_exitproc)
c:/intelfpga_lite/18.1/nios2eds/bin/gnu/h-x86_64-mingw32/bin/../lib/gcc/nios2-elf/5.3.0/../../../../../H-x86_64-mingw32/nios2-elf/lib/mno-hw-mul\libc.a(lib_a-__call_atexit.o)
                              c:/intelfpga_lite/18.1/nios2eds/bin/gnu/h-x86_64-mingw32/bin/../lib/gcc/nios2-elf/5.3.0/../../../../../H-x86_64-mingw32/nios2-elf/lib/mno-hw-mul\libc.a(lib_a-exit.o) (__call_exitprocs)
c:/intelfpga_lite/18.1/nios2eds/bin/gnu/h-x86_64-mingw32/bin/../lib/gcc/nios2-elf/5.3.0/mno-hw-mul\libgcc.a(lib2-mul.o)
                              ../lab2_bsp/\libhal_bsp.a(alt_close.o) (__mulsi3)
../lab2_bsp/\libhal_bsp.a(alt_exit.o)
                              c:/intelfpga_lite/18.1/nios2eds/bin/gnu/h-x86_64-mingw32/bin/../lib/gcc/nios2-elf/5.3.0/../../../../../H-x86_64-mingw32/nios2-elf/lib/mno-hw-mul\libc.a(lib_a-exit.o) (_exit)

Allocating common symbols
Common symbol       size              file

alt_irq             0x100             ../lab2_bsp/\libhal_bsp.a(alt_irq_handler.o)
errno               0x4               c:/intelfpga_lite/18.1/nios2eds/bin/gnu/h-x86_64-mingw32/bin/../lib/gcc/nios2-elf/5.3.0/../../../../../H-x86_64-mingw32/nios2-elf/lib/mno-hw-mul\libc.a(lib_a-int_errno.o)

Memory Configuration

Name             Origin             Length             Attributes
reset            0x0000000000008000 0x0000000000000020
onchip_memory2_0 0x0000000000008020 0x0000000000007fe0
*default*        0x0000000000000000 0xffffffffffffffff

Linker script and memory map

LOAD ../lab2_bsp//obj/HAL/src/crt0.o
LOAD obj/default/lab2.o
LOAD c:/intelfpga_lite/18.1/nios2eds/bin/gnu/h-x86_64-mingw32/bin/../lib/gcc/nios2-elf/5.3.0/../../../../../H-x86_64-mingw32/nios2-elf/lib/mno-hw-mul\libstdc++.a
LOAD c:/intelfpga_lite/18.1/nios2eds/bin/gnu/h-x86_64-mingw32/bin/../lib/gcc/nios2-elf/5.3.0/../../../../../H-x86_64-mingw32/nios2-elf/lib/mno-hw-mul\libm.a
LOAD c:/intelfpga_lite/18.1/nios2eds/bin/gnu/h-x86_64-mingw32/bin/../lib/gcc/nios2-elf/5.3.0/mno-hw-mul\libgcc.a
START GROUP
LOAD c:/intelfpga_lite/18.1/nios2eds/bin/gnu/h-x86_64-mingw32/bin/../lib/gcc/nios2-elf/5.3.0/../../../../../H-x86_64-mingw32/nios2-elf/lib/mno-hw-mul\libc.a
LOAD c:/intelfpga_lite/18.1/nios2eds/bin/gnu/h-x86_64-mingw32/bin/../lib/gcc/nios2-elf/5.3.0/mno-hw-mul\libgcc.a
LOAD ../lab2_bsp/\libhal_bsp.a
LOAD c:/intelfpga_lite/18.1/nios2eds/bin/gnu/h-x86_64-mingw32/bin/../lib/gcc/nios2-elf/5.3.0/../../../../../H-x86_64-mingw32/nios2-elf/lib/mno-hw-mul\libm.a
END GROUP
LOAD c:/intelfpga_lite/18.1/nios2eds/bin/gnu/h-x86_64-mingw32/bin/../lib/gcc/nios2-elf/5.3.0/mno-hw-mul\libgcc.a
                0x0000000000008000                __alt_mem_onchip_memory2_0 = 0x8000

.entry          0x0000000000008000       0x20
 *(.entry)
 .entry         0x0000000000008000       0x20 ../lab2_bsp//obj/HAL/src/crt0.o
                0x0000000000008000                __reset

.exceptions     0x0000000000008020      0x210
                0x0000000000008020                PROVIDE (__ram_exceptions_start, ABSOLUTE (.))
                0x0000000000008020                . = ALIGN (0x20)
 *(.irq)
 *(.exceptions.entry.label)
 .exceptions.entry.label
                0x0000000000008020        0x0 ../lab2_bsp/\libhal_bsp.a(alt_irq_entry.o)
                0x0000000000008020                alt_irq_entry
 .exceptions.entry.label
                0x0000000000008020        0x0 ../lab2_bsp/\libhal_bsp.a(alt_exception_entry.o)
                0x0000000000008020                alt_exception
 *(.exceptions.entry.user)
 *(.exceptions.entry.ecc_fatal)
 *(.exceptions.entry)
 .exceptions.entry
                0x0000000000008020       0x54 ../lab2_bsp/\libhal_bsp.a(alt_exception_entry.o)
 *(.exceptions.irqtest.user)
 *(.exceptions.irqtest)
 .exceptions.irqtest
                0x0000000000008074       0x10 ../lab2_bsp/\libhal_bsp.a(alt_irq_entry.o)
 *(.exceptions.irqhandler.user)
 *(.exceptions.irqhandler)
 .exceptions.irqhandler
                0x0000000000008084        0x4 ../lab2_bsp/\libhal_bsp.a(alt_irq_entry.o)
 *(.exceptions.irqreturn.user)
 *(.exceptions.irqreturn)
 .exceptions.irqreturn
                0x0000000000008088        0x4 ../lab2_bsp/\libhal_bsp.a(alt_irq_entry.o)
 *(.exceptions.notirq.label)
 .exceptions.notirq.label
                0x000000000000808c        0x0 ../lab2_bsp/\libhal_bsp.a(alt_irq_entry.o)
 *(.exceptions.notirq.user)
 *(.exceptions.notirq)
 .exceptions.notirq
                0x000000000000808c        0x8 ../lab2_bsp/\libhal_bsp.a(alt_exception_entry.o)
 *(.exceptions.soft.user)
 *(.exceptions.soft)
 *(.exceptions.unknown.user)
 *(.exceptions.unknown)
 .exceptions.unknown
                0x0000000000008094       0x14 ../lab2_bsp/\libhal_bsp.a(alt_exception_entry.o)
 *(.exceptions.exit.label)
 .exceptions.exit.label
                0x00000000000080a8        0x0 ../lab2_bsp/\libhal_bsp.a(alt_irq_entry.o)
 .exceptions.exit.label
                0x00000000000080a8        0x0 ../lab2_bsp/\libhal_bsp.a(alt_exception_entry.o)
 *(.exceptions.exit.user)
 *(.exceptions.exit)
 .exceptions.exit
                0x00000000000080a8       0x54 ../lab2_bsp/\libhal_bsp.a(alt_exception_entry.o)
 *(.exceptions)
 .exceptions    0x00000000000080fc       0xd4 ../lab2_bsp/\libhal_bsp.a(alt_irq_handler.o)
                0x00000000000080fc                alt_irq_handler
 .exceptions    0x00000000000081d0       0x60 ../lab2_bsp/\libhal_bsp.a(alt_instruction_exception_entry.o)
                0x00000000000081d0                alt_instruction_exception_entry
                0x0000000000008230                PROVIDE (__ram_exceptions_end, ABSOLUTE (.))
                0x0000000000008020                PROVIDE (__flash_exceptions_start, LOADADDR (.exceptions))

.text           0x0000000000008230     0x233c
                [!provide]                        PROVIDE (stext, ABSOLUTE (.))
 *(.interp)
 *(.hash)
 *(.dynsym)
 *(.dynstr)
 *(.gnu.version)
 *(.gnu.version_d)
 *(.gnu.version_r)
 *(.rel.init)
 *(.rela.init)
 *(.rel.text .rel.text.* .rel.gnu.linkonce.t.*)
 *(.rela.text .rela.text.* .rela.gnu.linkonce.t.*)
 *(.rel.fini)
 *(.rela.fini)
 *(.rel.rodata .rel.rodata.* .rel.gnu.linkonce.r.*)
 *(.rela.rodata .rela.rodata.* .rela.gnu.linkonce.r.*)
 *(.rel.data .rel.data.* .rel.gnu.linkonce.d.*)
 *(.rela.data .rela.data.* .rela.gnu.linkonce.d.*)
 *(.rel.tdata .rel.tdata.* .rel.gnu.linkonce.td.*)
 *(.rela.tdata .rela.tdata.* .rela.gnu.linkonce.td.*)
 *(.rel.tbss .rel.tbss.* .rel.gnu.linkonce.tb.*)
 *(.rela.tbss .rela.tbss.* .rela.gnu.linkonce.tb.*)
 *(.rel.ctors)
 *(.rela.ctors)
 *(.rel.dtors)
 *(.rela.dtors)
 *(.rel.got)
 *(.rela.got)
 *(.rel.sdata .rel.sdata.* .rel.gnu.linkonce.s.*)
 *(.rela.sdata .rela.sdata.* .rela.gnu.linkonce.s.*)
 *(.rel.sbss .rel.sbss.* .rel.gnu.linkonce.sb.*)
 *(.rela.sbss .rela.sbss.* .rela.gnu.linkonce.sb.*)
 *(.rel.sdata2 .rel.sdata2.* .rel.gnu.linkonce.s2.*)
 *(.rela.sdata2 .rela.sdata2.* .rela.gnu.linkonce.s2.*)
 *(.rel.sbss2 .rel.sbss2.* .rel.gnu.linkonce.sb2.*)
 *(.rela.sbss2 .rela.sbss2.* .rela.gnu.linkonce.sb2.*)
 *(.rel.bss .rel.bss.* .rel.gnu.linkonce.b.*)
 *(.rela.bss .rela.bss.* .rela.gnu.linkonce.b.*)
 *(.rel.plt)
 *(.rela.plt)
 *(.rel.dyn)
 *(.init)
 *(.plt)
 *(.text .stub .text.* .gnu.linkonce.t.*)
 .text          0x0000000000008230       0x3c ../lab2_bsp//obj/HAL/src/crt0.o
                0x0000000000008230                _start
 .text          0x000000000000826c       0xc8 obj/default/lab2.o
                0x0000000000008294                main
 .text          0x0000000000008334       0xec ../lab2_bsp/\libhal_bsp.a(alt_load.o)
                0x000000000000839c                alt_load
 .text          0x0000000000008420       0x7c ../lab2_bsp/\libhal_bsp.a(alt_main.o)
                0x0000000000008420                alt_main
 .text          0x000000000000849c       0xb8 ../lab2_bsp/\libhal_bsp.a(alt_sys_init.o)
                0x00000000000084d0                alt_irq_init
                0x0000000000008508                alt_sys_init
 .text          0x0000000000008554      0x164 ../lab2_bsp/\libhal_bsp.a(altera_avalon_jtag_uart_fd.o)
                0x0000000000008554                altera_avalon_jtag_uart_read_fd
                0x00000000000085b4                altera_avalon_jtag_uart_write_fd
                0x0000000000008614                altera_avalon_jtag_uart_close_fd
                0x0000000000008664                altera_avalon_jtag_uart_ioctl_fd
 .text          0x00000000000086b8      0x3d4 ../lab2_bsp/\libhal_bsp.a(altera_avalon_jtag_uart_init.o)
                0x00000000000086b8                altera_avalon_jtag_uart_init
                0x0000000000008a24                altera_avalon_jtag_uart_close
 .text          0x0000000000008a8c       0xf0 ../lab2_bsp/\libhal_bsp.a(altera_avalon_jtag_uart_ioctl.o)
                0x0000000000008a8c                altera_avalon_jtag_uart_ioctl
 .text          0x0000000000008b7c      0x21c ../lab2_bsp/\libhal_bsp.a(altera_avalon_jtag_uart_read.o)
                0x0000000000008b7c                altera_avalon_jtag_uart_read
 .text          0x0000000000008d98      0x224 ../lab2_bsp/\libhal_bsp.a(altera_avalon_jtag_uart_write.o)
                0x0000000000008d98                altera_avalon_jtag_uart_write
 .text          0x0000000000008fbc      0x12c ../lab2_bsp/\libhal_bsp.a(alt_alarm_start.o)
                0x0000000000008fbc                alt_alarm_start
 .text          0x00000000000090e8      0x114 ../lab2_bsp/\libhal_bsp.a(alt_close.o)
                0x0000000000009124                close
 .text          0x00000000000091fc       0x20 ../lab2_bsp/\libhal_bsp.a(alt_dcache_flush_all.o)
                0x00000000000091fc                alt_dcache_flush_all
 .text          0x000000000000921c       0x2c ../lab2_bsp/\libhal_bsp.a(alt_dev.o)
 .text          0x0000000000009248       0xe0 ../lab2_bsp/\libhal_bsp.a(alt_dev_llist_insert.o)
                0x0000000000009284                alt_dev_llist_insert
 .text          0x0000000000009328       0x60 ../lab2_bsp/\libhal_bsp.a(alt_do_ctors.o)
                0x0000000000009328                _do_ctors
 .text          0x0000000000009388       0x60 ../lab2_bsp/\libhal_bsp.a(alt_do_dtors.o)
                0x0000000000009388                _do_dtors
 .text          0x00000000000093e8        0x0 ../lab2_bsp/\libhal_bsp.a(alt_errno.o)
 .text          0x00000000000093e8       0x20 ../lab2_bsp/\libhal_bsp.a(alt_icache_flush_all.o)
                0x00000000000093e8                alt_icache_flush_all
 .text          0x0000000000009408      0x1b0 ../lab2_bsp/\libhal_bsp.a(alt_iic.o)
                0x0000000000009408                alt_ic_isr_register
                0x0000000000009458                alt_ic_irq_enable
                0x00000000000094e0                alt_ic_irq_disable
                0x000000000000956c                alt_ic_irq_enabled
 .text          0x00000000000095b8       0xf0 ../lab2_bsp/\libhal_bsp.a(alt_iic_isr_register.o)
                0x00000000000095b8                alt_iic_isr_register
 .text          0x00000000000096a8      0x160 ../lab2_bsp/\libhal_bsp.a(alt_io_redirect.o)
                0x000000000000978c                alt_io_redirect
 .text          0x0000000000009808        0x0 ../lab2_bsp/\libhal_bsp.a(alt_irq_entry.o)
 .text          0x0000000000009808        0x0 ../lab2_bsp/\libhal_bsp.a(alt_irq_handler.o)
 .text          0x0000000000009808        0x0 ../lab2_bsp/\libhal_bsp.a(alt_irq_vars.o)
 .text          0x0000000000009808      0x284 ../lab2_bsp/\libhal_bsp.a(alt_open.o)
                0x0000000000009930                open
 .text          0x0000000000009a8c       0x84 ../lab2_bsp/\libhal_bsp.a(alt_release_fd.o)
                0x0000000000009a8c                alt_release_fd
 .text          0x0000000000009b10      0x1a4 ../lab2_bsp/\libhal_bsp.a(alt_tick.o)
                0x0000000000009b10                alt_alarm_stop
                0x0000000000009bac                alt_tick
 .text          0x0000000000009cb4       0x24 ../lab2_bsp/\libhal_bsp.a(altera_nios2_gen2_irq.o)
                0x0000000000009cb4                altera_nios2_gen2_irq_init
 .text          0x0000000000009cd8        0x0 ../lab2_bsp/\libhal_bsp.a(alt_exception_entry.o)
 .text          0x0000000000009cd8       0x90 ../lab2_bsp/\libhal_bsp.a(alt_find_dev.o)
                0x0000000000009cd8                alt_find_dev
 .text          0x0000000000009d68      0x108 ../lab2_bsp/\libhal_bsp.a(alt_find_file.o)
                0x0000000000009d68                alt_find_file
 .text          0x0000000000009e70       0xc4 ../lab2_bsp/\libhal_bsp.a(alt_get_fd.o)
                0x0000000000009e70                alt_get_fd
 .text          0x0000000000009f34       0x9c ../lab2_bsp/\libhal_bsp.a(alt_instruction_exception_entry.o)
                0x0000000000009f34                alt_exception_cause_generated_bad_addr
 .text          0x0000000000009fd0        0x0 c:/intelfpga_lite/18.1/nios2eds/bin/gnu/h-x86_64-mingw32/bin/../lib/gcc/nios2-elf/5.3.0/../../../../../H-x86_64-mingw32/nios2-elf/lib/mno-hw-mul\libc.a(lib_a-atexit.o)
 .text.atexit   0x0000000000009fd0       0x14 c:/intelfpga_lite/18.1/nios2eds/bin/gnu/h-x86_64-mingw32/bin/../lib/gcc/nios2-elf/5.3.0/../../../../../H-x86_64-mingw32/nios2-elf/lib/mno-hw-mul\libc.a(lib_a-atexit.o)
                0x0000000000009fd0                atexit
 .text          0x0000000000009fe4        0x0 c:/intelfpga_lite/18.1/nios2eds/bin/gnu/h-x86_64-mingw32/bin/../lib/gcc/nios2-elf/5.3.0/../../../../../H-x86_64-mingw32/nios2-elf/lib/mno-hw-mul\libc.a(lib_a-exit.o)
 .text.exit     0x0000000000009fe4       0x38 c:/intelfpga_lite/18.1/nios2eds/bin/gnu/h-x86_64-mingw32/bin/../lib/gcc/nios2-elf/5.3.0/../../../../../H-x86_64-mingw32/nios2-elf/lib/mno-hw-mul\libc.a(lib_a-exit.o)
                0x0000000000009fe4                exit
 .text          0x000000000000a01c        0x0 c:/intelfpga_lite/18.1/nios2eds/bin/gnu/h-x86_64-mingw32/bin/../lib/gcc/nios2-elf/5.3.0/../../../../../H-x86_64-mingw32/nios2-elf/lib/mno-hw-mul\libc.a(lib_a-impure.o)
 .text          0x000000000000a01c        0x0 c:/intelfpga_lite/18.1/nios2eds/bin/gnu/h-x86_64-mingw32/bin/../lib/gcc/nios2-elf/5.3.0/../../../../../H-x86_64-mingw32/nios2-elf/lib/mno-hw-mul\libc.a(lib_a-int_errno.o)
 .text          0x000000000000a01c        0x0 c:/intelfpga_lite/18.1/nios2eds/bin/gnu/h-x86_64-mingw32/bin/../lib/gcc/nios2-elf/5.3.0/../../../../../H-x86_64-mingw32/nios2-elf/lib/mno-hw-mul\libc.a(lib_a-memcmp.o)
 .text.memcmp   0x000000000000a01c       0x7c c:/intelfpga_lite/18.1/nios2eds/bin/gnu/h-x86_64-mingw32/bin/../lib/gcc/nios2-elf/5.3.0/../../../../../H-x86_64-mingw32/nios2-elf/lib/mno-hw-mul\libc.a(lib_a-memcmp.o)
                0x000000000000a01c                memcmp
 .text          0x000000000000a098        0x0 c:/intelfpga_lite/18.1/nios2eds/bin/gnu/h-x86_64-mingw32/bin/../lib/gcc/nios2-elf/5.3.0/../../../../../H-x86_64-mingw32/nios2-elf/lib/mno-hw-mul\libc.a(lib_a-memcpy.o)
 .text.memcpy   0x000000000000a098      0x148 c:/intelfpga_lite/18.1/nios2eds/bin/gnu/h-x86_64-mingw32/bin/../lib/gcc/nios2-elf/5.3.0/../../../../../H-x86_64-mingw32/nios2-elf/lib/mno-hw-mul\libc.a(lib_a-memcpy.o)
                0x000000000000a098                memcpy
 .text          0x000000000000a1e0        0x0 c:/intelfpga_lite/18.1/nios2eds/bin/gnu/h-x86_64-mingw32/bin/../lib/gcc/nios2-elf/5.3.0/../../../../../H-x86_64-mingw32/nios2-elf/lib/mno-hw-mul\libc.a(lib_a-strlen.o)
 .text.strlen   0x000000000000a1e0       0x98 c:/intelfpga_lite/18.1/nios2eds/bin/gnu/h-x86_64-mingw32/bin/../lib/gcc/nios2-elf/5.3.0/../../../../../H-x86_64-mingw32/nios2-elf/lib/mno-hw-mul\libc.a(lib_a-strlen.o)
                0x000000000000a1e0                strlen
 .text          0x000000000000a278        0x0 c:/intelfpga_lite/18.1/nios2eds/bin/gnu/h-x86_64-mingw32/bin/../lib/gcc/nios2-elf/5.3.0/../../../../../H-x86_64-mingw32/nios2-elf/lib/mno-hw-mul\libc.a(lib_a-__atexit.o)
 .text.__register_exitproc
                0x000000000000a278      0x118 c:/intelfpga_lite/18.1/nios2eds/bin/gnu/h-x86_64-mingw32/bin/../lib/gcc/nios2-elf/5.3.0/../../../../../H-x86_64-mingw32/nios2-elf/lib/mno-hw-mul\libc.a(lib_a-__atexit.o)
                0x000000000000a278                __register_exitproc
 .text          0x000000000000a390        0x0 c:/intelfpga_lite/18.1/nios2eds/bin/gnu/h-x86_64-mingw32/bin/../lib/gcc/nios2-elf/5.3.0/../../../../../H-x86_64-mingw32/nios2-elf/lib/mno-hw-mul\libc.a(lib_a-__call_atexit.o)
 .text.__call_exitprocs
                0x000000000000a390      0x180 c:/intelfpga_lite/18.1/nios2eds/bin/gnu/h-x86_64-mingw32/bin/../lib/gcc/nios2-elf/5.3.0/../../../../../H-x86_64-mingw32/nios2-elf/lib/mno-hw-mul\libc.a(lib_a-__call_atexit.o)
                0x000000000000a390                __call_exitprocs
 .text          0x000000000000a510       0x28 c:/intelfpga_lite/18.1/nios2eds/bin/gnu/h-x86_64-mingw32/bin/../lib/gcc/nios2-elf/5.3.0/mno-hw-mul\libgcc.a(lib2-mul.o)
                0x000000000000a510                __mulsi3
 .text          0x000000000000a538       0x34 ../lab2_bsp/\libhal_bsp.a(alt_exit.o)
                0x000000000000a538                _exit
 *(.gnu.warning.*)
 *(.fini)
                [!provide]                        PROVIDE (__etext, ABSOLUTE (.))
                [!provide]                        PROVIDE (_etext, ABSOLUTE (.))
                [!provide]                        PROVIDE (etext, ABSOLUTE (.))
 *(.eh_frame_hdr)
                0x000000000000a56c                . = ALIGN (0x4)
                [!provide]                        PROVIDE (__preinit_array_start, ABSOLUTE (.))
 *(.preinit_array)
                [!provide]                        PROVIDE (__preinit_array_end, ABSOLUTE (.))
                [!provide]                        PROVIDE (__init_array_start, ABSOLUTE (.))
 *(.init_array)
                [!provide]                        PROVIDE (__init_array_end, ABSOLUTE (.))
                [!provide]                        PROVIDE (__fini_array_start, ABSOLUTE (.))
 *(.fini_array)
                [!provide]                        PROVIDE (__fini_array_end, ABSOLUTE (.))
 *(.eh_frame)
 *(.gcc_except_table .gcc_except_table.*)
 *(.dynamic)
                0x000000000000a56c                PROVIDE (__CTOR_LIST__, ABSOLUTE (.))
 *(.ctors)
 *(SORT(.ctors.*))
                0x000000000000a56c                PROVIDE (__CTOR_END__, ABSOLUTE (.))
                0x000000000000a56c                PROVIDE (__DTOR_LIST__, ABSOLUTE (.))
 *(.dtors)
 *(SORT(.dtors.*))
                0x000000000000a56c                PROVIDE (__DTOR_END__, ABSOLUTE (.))
 *(.jcr)
                0x000000000000a56c                . = ALIGN (0x4)

.rodata         0x000000000000a56c       0x38
                0x000000000000a56c                PROVIDE (__ram_rodata_start, ABSOLUTE (.))
                0x000000000000a56c                . = ALIGN (0x4)
 *(.rodata .rodata.* .gnu.linkonce.r.*)
 .rodata        0x000000000000a56c       0x11 ../lab2_bsp/\libhal_bsp.a(alt_main.o)
 *fill*         0x000000000000a57d        0x3 
 .rodata        0x000000000000a580       0x11 ../lab2_bsp/\libhal_bsp.a(alt_sys_init.o)
 *fill*         0x000000000000a591        0x3 
 .rodata        0x000000000000a594        0xa ../lab2_bsp/\libhal_bsp.a(alt_dev.o)
 *fill*         0x000000000000a59e        0x2 
 .rodata.str1.4
                0x000000000000a5a0        0x4 c:/intelfpga_lite/18.1/nios2eds/bin/gnu/h-x86_64-mingw32/bin/../lib/gcc/nios2-elf/5.3.0/../../../../../H-x86_64-mingw32/nios2-elf/lib/mno-hw-mul\libc.a(lib_a-impure.o)
                                          0x2 (size before relaxing)
 *(.rodata1)
                0x000000000000a5a4                . = ALIGN (0x4)
                0x000000000000a5a4                PROVIDE (__ram_rodata_end, ABSOLUTE (.))
                0x000000000000a56c                PROVIDE (__flash_rodata_start, LOADADDR (.rodata))

.rwdata         0x000000000000a5a4     0x1658 load address 0x000000000000bbfc
                0x000000000000a5a4                PROVIDE (__ram_rwdata_start, ABSOLUTE (.))
                0x000000000000a5a4                . = ALIGN (0x4)
 *(.got.plt)
 *(.got)
 *(.data1)
 *(.data .data.* .gnu.linkonce.d.*)
 .data          0x000000000000a5a4        0x0 ../lab2_bsp//obj/HAL/src/crt0.o
 .data          0x000000000000a5a4        0x0 obj/default/lab2.o
 .data          0x000000000000a5a4        0x0 ../lab2_bsp/\libhal_bsp.a(alt_load.o)
 .data          0x000000000000a5a4        0x0 ../lab2_bsp/\libhal_bsp.a(alt_main.o)
 .data          0x000000000000a5a4     0x1060 ../lab2_bsp/\libhal_bsp.a(alt_sys_init.o)
 .data          0x000000000000b604        0x0 ../lab2_bsp/\libhal_bsp.a(altera_avalon_jtag_uart_fd.o)
 .data          0x000000000000b604        0x0 ../lab2_bsp/\libhal_bsp.a(altera_avalon_jtag_uart_init.o)
 .data          0x000000000000b604        0x0 ../lab2_bsp/\libhal_bsp.a(altera_avalon_jtag_uart_ioctl.o)
 .data          0x000000000000b604        0x0 ../lab2_bsp/\libhal_bsp.a(altera_avalon_jtag_uart_read.o)
 .data          0x000000000000b604        0x0 ../lab2_bsp/\libhal_bsp.a(altera_avalon_jtag_uart_write.o)
 .data          0x000000000000b604        0x0 ../lab2_bsp/\libhal_bsp.a(alt_alarm_start.o)
 .data          0x000000000000b604        0x0 ../lab2_bsp/\libhal_bsp.a(alt_close.o)
 .data          0x000000000000b604        0x0 ../lab2_bsp/\libhal_bsp.a(alt_dcache_flush_all.o)
 .data          0x000000000000b604      0x1a8 ../lab2_bsp/\libhal_bsp.a(alt_dev.o)
                0x000000000000b604                alt_dev_null
                0x000000000000b62c                alt_fd_list
 .data          0x000000000000b7ac        0x0 ../lab2_bsp/\libhal_bsp.a(alt_dev_llist_insert.o)
 .data          0x000000000000b7ac        0x0 ../lab2_bsp/\libhal_bsp.a(alt_do_ctors.o)
 .data          0x000000000000b7ac        0x0 ../lab2_bsp/\libhal_bsp.a(alt_do_dtors.o)
 .data          0x000000000000b7ac        0x0 ../lab2_bsp/\libhal_bsp.a(alt_errno.o)
 .data          0x000000000000b7ac        0x0 ../lab2_bsp/\libhal_bsp.a(alt_icache_flush_all.o)
 .data          0x000000000000b7ac        0x0 ../lab2_bsp/\libhal_bsp.a(alt_iic.o)
 .data          0x000000000000b7ac        0x0 ../lab2_bsp/\libhal_bsp.a(alt_iic_isr_register.o)
 .data          0x000000000000b7ac        0x0 ../lab2_bsp/\libhal_bsp.a(alt_io_redirect.o)
 .data          0x000000000000b7ac        0x0 ../lab2_bsp/\libhal_bsp.a(alt_irq_entry.o)
 .data          0x000000000000b7ac        0x0 ../lab2_bsp/\libhal_bsp.a(alt_irq_handler.o)
 .data          0x000000000000b7ac        0x0 ../lab2_bsp/\libhal_bsp.a(alt_irq_vars.o)
 .data          0x000000000000b7ac        0x0 ../lab2_bsp/\libhal_bsp.a(alt_open.o)
 .data          0x000000000000b7ac        0x0 ../lab2_bsp/\libhal_bsp.a(alt_release_fd.o)
 .data          0x000000000000b7ac        0x0 ../lab2_bsp/\libhal_bsp.a(alt_tick.o)
 .data          0x000000000000b7ac        0x0 ../lab2_bsp/\libhal_bsp.a(altera_nios2_gen2_irq.o)
 .data          0x000000000000b7ac        0x0 ../lab2_bsp/\libhal_bsp.a(alt_exception_entry.o)
 .data          0x000000000000b7ac        0x0 ../lab2_bsp/\libhal_bsp.a(alt_find_dev.o)
 .data          0x000000000000b7ac        0x0 ../lab2_bsp/\libhal_bsp.a(alt_find_file.o)
 .data          0x000000000000b7ac        0x0 ../lab2_bsp/\libhal_bsp.a(alt_get_fd.o)
 .data          0x000000000000b7ac        0x0 ../lab2_bsp/\libhal_bsp.a(alt_instruction_exception_entry.o)
 .data          0x000000000000b7ac        0x0 c:/intelfpga_lite/18.1/nios2eds/bin/gnu/h-x86_64-mingw32/bin/../lib/gcc/nios2-elf/5.3.0/../../../../../H-x86_64-mingw32/nios2-elf/lib/mno-hw-mul\libc.a(lib_a-atexit.o)
 .data          0x000000000000b7ac        0x0 c:/intelfpga_lite/18.1/nios2eds/bin/gnu/h-x86_64-mingw32/bin/../lib/gcc/nios2-elf/5.3.0/../../../../../H-x86_64-mingw32/nios2-elf/lib/mno-hw-mul\libc.a(lib_a-exit.o)
 .data          0x000000000000b7ac        0x0 c:/intelfpga_lite/18.1/nios2eds/bin/gnu/h-x86_64-mingw32/bin/../lib/gcc/nios2-elf/5.3.0/../../../../../H-x86_64-mingw32/nios2-elf/lib/mno-hw-mul\libc.a(lib_a-impure.o)
 .data.impure_data
                0x000000000000b7ac      0x424 c:/intelfpga_lite/18.1/nios2eds/bin/gnu/h-x86_64-mingw32/bin/../lib/gcc/nios2-elf/5.3.0/../../../../../H-x86_64-mingw32/nios2-elf/lib/mno-hw-mul\libc.a(lib_a-impure.o)
 .data          0x000000000000bbd0        0x0 c:/intelfpga_lite/18.1/nios2eds/bin/gnu/h-x86_64-mingw32/bin/../lib/gcc/nios2-elf/5.3.0/../../../../../H-x86_64-mingw32/nios2-elf/lib/mno-hw-mul\libc.a(lib_a-int_errno.o)
 .data          0x000000000000bbd0        0x0 c:/intelfpga_lite/18.1/nios2eds/bin/gnu/h-x86_64-mingw32/bin/../lib/gcc/nios2-elf/5.3.0/../../../../../H-x86_64-mingw32/nios2-elf/lib/mno-hw-mul\libc.a(lib_a-memcmp.o)
 .data          0x000000000000bbd0        0x0 c:/intelfpga_lite/18.1/nios2eds/bin/gnu/h-x86_64-mingw32/bin/../lib/gcc/nios2-elf/5.3.0/../../../../../H-x86_64-mingw32/nios2-elf/lib/mno-hw-mul\libc.a(lib_a-memcpy.o)
 .data          0x000000000000bbd0        0x0 c:/intelfpga_lite/18.1/nios2eds/bin/gnu/h-x86_64-mingw32/bin/../lib/gcc/nios2-elf/5.3.0/../../../../../H-x86_64-mingw32/nios2-elf/lib/mno-hw-mul\libc.a(lib_a-strlen.o)
 .data          0x000000000000bbd0        0x0 c:/intelfpga_lite/18.1/nios2eds/bin/gnu/h-x86_64-mingw32/bin/../lib/gcc/nios2-elf/5.3.0/../../../../../H-x86_64-mingw32/nios2-elf/lib/mno-hw-mul\libc.a(lib_a-__atexit.o)
 .data          0x000000000000bbd0        0x0 c:/intelfpga_lite/18.1/nios2eds/bin/gnu/h-x86_64-mingw32/bin/../lib/gcc/nios2-elf/5.3.0/../../../../../H-x86_64-mingw32/nios2-elf/lib/mno-hw-mul\libc.a(lib_a-__call_atexit.o)
 .data          0x000000000000bbd0        0x0 c:/intelfpga_lite/18.1/nios2eds/bin/gnu/h-x86_64-mingw32/bin/../lib/gcc/nios2-elf/5.3.0/mno-hw-mul\libgcc.a(lib2-mul.o)
 .data          0x000000000000bbd0        0x0 ../lab2_bsp/\libhal_bsp.a(alt_exit.o)
                0x0000000000013bd0                _gp = ABSOLUTE ((. + 0x8000))
                [!provide]                        PROVIDE (gp, _gp)
 *(.rwdata .rwdata.*)
 *(.sdata .sdata.* .gnu.linkonce.s.*)
 .sdata         0x000000000000bbd0       0x14 ../lab2_bsp/\libhal_bsp.a(alt_dev.o)
                0x000000000000bbd0                alt_fs_list
                0x000000000000bbd8                alt_dev_list
                0x000000000000bbe0                alt_max_fd
 .sdata         0x000000000000bbe4        0x4 ../lab2_bsp/\libhal_bsp.a(alt_errno.o)
                0x000000000000bbe4                alt_errno
 .sdata         0x000000000000bbe8        0x4 ../lab2_bsp/\libhal_bsp.a(alt_irq_vars.o)
                0x000000000000bbe8                alt_priority_mask
 .sdata         0x000000000000bbec        0x8 ../lab2_bsp/\libhal_bsp.a(alt_tick.o)
                0x000000000000bbec                alt_alarm_list
 .sdata._global_impure_ptr
                0x000000000000bbf4        0x4 c:/intelfpga_lite/18.1/nios2eds/bin/gnu/h-x86_64-mingw32/bin/../lib/gcc/nios2-elf/5.3.0/../../../../../H-x86_64-mingw32/nios2-elf/lib/mno-hw-mul\libc.a(lib_a-impure.o)
                0x000000000000bbf4                _global_impure_ptr
 .sdata._impure_ptr
                0x000000000000bbf8        0x4 c:/intelfpga_lite/18.1/nios2eds/bin/gnu/h-x86_64-mingw32/bin/../lib/gcc/nios2-elf/5.3.0/../../../../../H-x86_64-mingw32/nios2-elf/lib/mno-hw-mul\libc.a(lib_a-impure.o)
                0x000000000000bbf8                _impure_ptr
 *(.sdata2 .sdata2.* .gnu.linkonce.s2.*)
                0x000000000000bbfc                . = ALIGN (0x4)
                0x000000000000bbfc                _edata = ABSOLUTE (.)
                [!provide]                        PROVIDE (edata, ABSOLUTE (.))
                0x000000000000bbfc                PROVIDE (__ram_rwdata_end, ABSOLUTE (.))
                0x000000000000bbfc                PROVIDE (__flash_rwdata_start, LOADADDR (.rwdata))

.bss            0x000000000000d254      0x120
                0x000000000000d254                __bss_start = ABSOLUTE (.)
                [!provide]                        PROVIDE (__sbss_start, ABSOLUTE (.))
                [!provide]                        PROVIDE (___sbss_start, ABSOLUTE (.))
 *(.dynsbss)
 *(.sbss .sbss.* .gnu.linkonce.sb.*)
 .sbss          0x000000000000d254        0xc ../lab2_bsp/\libhal_bsp.a(alt_main.o)
                0x000000000000d254                alt_argc
                0x000000000000d258                alt_argv
                0x000000000000d25c                alt_envp
 .sbss          0x000000000000d260        0x4 ../lab2_bsp/\libhal_bsp.a(alt_irq_vars.o)
                0x000000000000d260                alt_irq_active
 .sbss          0x000000000000d264        0x8 ../lab2_bsp/\libhal_bsp.a(alt_tick.o)
                0x000000000000d264                _alt_tick_rate
                0x000000000000d268                _alt_nticks
 .sbss          0x000000000000d26c        0x4 ../lab2_bsp/\libhal_bsp.a(alt_instruction_exception_entry.o)
                0x000000000000d26c                alt_instruction_exception_handler
 .sbss          0x000000000000d270        0x4 c:/intelfpga_lite/18.1/nios2eds/bin/gnu/h-x86_64-mingw32/bin/../lib/gcc/nios2-elf/5.3.0/../../../../../H-x86_64-mingw32/nios2-elf/lib/mno-hw-mul\libc.a(lib_a-int_errno.o)
                0x000000000000d270                errno
 *(.sbss2 .sbss2.* .gnu.linkonce.sb2.*)
 *(.scommon)
                [!provide]                        PROVIDE (__sbss_end, ABSOLUTE (.))
                [!provide]                        PROVIDE (___sbss_end, ABSOLUTE (.))
 *(.dynbss)
 *(.bss .bss.* .gnu.linkonce.b.*)
 .bss           0x000000000000d274        0x0 ../lab2_bsp//obj/HAL/src/crt0.o
 .bss           0x000000000000d274        0x0 obj/default/lab2.o
 .bss           0x000000000000d274        0x0 ../lab2_bsp/\libhal_bsp.a(alt_load.o)
 .bss           0x000000000000d274        0x0 ../lab2_bsp/\libhal_bsp.a(alt_main.o)
 .bss           0x000000000000d274        0x0 ../lab2_bsp/\libhal_bsp.a(alt_sys_init.o)
 .bss           0x000000000000d274        0x0 ../lab2_bsp/\libhal_bsp.a(altera_avalon_jtag_uart_fd.o)
 .bss           0x000000000000d274        0x0 ../lab2_bsp/\libhal_bsp.a(altera_avalon_jtag_uart_init.o)
 .bss           0x000000000000d274        0x0 ../lab2_bsp/\libhal_bsp.a(altera_avalon_jtag_uart_ioctl.o)
 .bss           0x000000000000d274        0x0 ../lab2_bsp/\libhal_bsp.a(altera_avalon_jtag_uart_read.o)
 .bss           0x000000000000d274        0x0 ../lab2_bsp/\libhal_bsp.a(altera_avalon_jtag_uart_write.o)
 .bss           0x000000000000d274        0x0 ../lab2_bsp/\libhal_bsp.a(alt_alarm_start.o)
 .bss           0x000000000000d274        0x0 ../lab2_bsp/\libhal_bsp.a(alt_close.o)
 .bss           0x000000000000d274        0x0 ../lab2_bsp/\libhal_bsp.a(alt_dcache_flush_all.o)
 .bss           0x000000000000d274        0x0 ../lab2_bsp/\libhal_bsp.a(alt_dev.o)
 .bss           0x000000000000d274        0x0 ../lab2_bsp/\libhal_bsp.a(alt_dev_llist_insert.o)
 .bss           0x000000000000d274        0x0 ../lab2_bsp/\libhal_bsp.a(alt_do_ctors.o)
 .bss           0x000000000000d274        0x0 ../lab2_bsp/\libhal_bsp.a(alt_do_dtors.o)
 .bss           0x000000000000d274        0x0 ../lab2_bsp/\libhal_bsp.a(alt_errno.o)
 .bss           0x000000000000d274        0x0 ../lab2_bsp/\libhal_bsp.a(alt_icache_flush_all.o)
 .bss           0x000000000000d274        0x0 ../lab2_bsp/\libhal_bsp.a(alt_iic.o)
 .bss           0x000000000000d274        0x0 ../lab2_bsp/\libhal_bsp.a(alt_iic_isr_register.o)
 .bss           0x000000000000d274        0x0 ../lab2_bsp/\libhal_bsp.a(alt_io_redirect.o)
 .bss           0x000000000000d274        0x0 ../lab2_bsp/\libhal_bsp.a(alt_irq_entry.o)
 .bss           0x000000000000d274        0x0 ../lab2_bsp/\libhal_bsp.a(alt_irq_handler.o)
 .bss           0x000000000000d274        0x0 ../lab2_bsp/\libhal_bsp.a(alt_irq_vars.o)
 .bss           0x000000000000d274        0x0 ../lab2_bsp/\libhal_bsp.a(alt_open.o)
 .bss           0x000000000000d274        0x0 ../lab2_bsp/\libhal_bsp.a(alt_release_fd.o)
 .bss           0x000000000000d274        0x0 ../lab2_bsp/\libhal_bsp.a(alt_tick.o)
 .bss           0x000000000000d274        0x0 ../lab2_bsp/\libhal_bsp.a(altera_nios2_gen2_irq.o)
 .bss           0x000000000000d274        0x0 ../lab2_bsp/\libhal_bsp.a(alt_exception_entry.o)
 .bss           0x000000000000d274        0x0 ../lab2_bsp/\libhal_bsp.a(alt_find_dev.o)
 .bss           0x000000000000d274        0x0 ../lab2_bsp/\libhal_bsp.a(alt_find_file.o)
 .bss           0x000000000000d274        0x0 ../lab2_bsp/\libhal_bsp.a(alt_get_fd.o)
 .bss           0x000000000000d274        0x0 ../lab2_bsp/\libhal_bsp.a(alt_instruction_exception_entry.o)
 .bss           0x000000000000d274        0x0 c:/intelfpga_lite/18.1/nios2eds/bin/gnu/h-x86_64-mingw32/bin/../lib/gcc/nios2-elf/5.3.0/../../../../../H-x86_64-mingw32/nios2-elf/lib/mno-hw-mul\libc.a(lib_a-atexit.o)
 .bss           0x000000000000d274        0x0 c:/intelfpga_lite/18.1/nios2eds/bin/gnu/h-x86_64-mingw32/bin/../lib/gcc/nios2-elf/5.3.0/../../../../../H-x86_64-mingw32/nios2-elf/lib/mno-hw-mul\libc.a(lib_a-exit.o)
 .bss           0x000000000000d274        0x0 c:/intelfpga_lite/18.1/nios2eds/bin/gnu/h-x86_64-mingw32/bin/../lib/gcc/nios2-elf/5.3.0/../../../../../H-x86_64-mingw32/nios2-elf/lib/mno-hw-mul\libc.a(lib_a-impure.o)
 .bss           0x000000000000d274        0x0 c:/intelfpga_lite/18.1/nios2eds/bin/gnu/h-x86_64-mingw32/bin/../lib/gcc/nios2-elf/5.3.0/../../../../../H-x86_64-mingw32/nios2-elf/lib/mno-hw-mul\libc.a(lib_a-int_errno.o)
 .bss           0x000000000000d274        0x0 c:/intelfpga_lite/18.1/nios2eds/bin/gnu/h-x86_64-mingw32/bin/../lib/gcc/nios2-elf/5.3.0/../../../../../H-x86_64-mingw32/nios2-elf/lib/mno-hw-mul\libc.a(lib_a-memcmp.o)
 .bss           0x000000000000d274        0x0 c:/intelfpga_lite/18.1/nios2eds/bin/gnu/h-x86_64-mingw32/bin/../lib/gcc/nios2-elf/5.3.0/../../../../../H-x86_64-mingw32/nios2-elf/lib/mno-hw-mul\libc.a(lib_a-memcpy.o)
 .bss           0x000000000000d274        0x0 c:/intelfpga_lite/18.1/nios2eds/bin/gnu/h-x86_64-mingw32/bin/../lib/gcc/nios2-elf/5.3.0/../../../../../H-x86_64-mingw32/nios2-elf/lib/mno-hw-mul\libc.a(lib_a-strlen.o)
 .bss           0x000000000000d274        0x0 c:/intelfpga_lite/18.1/nios2eds/bin/gnu/h-x86_64-mingw32/bin/../lib/gcc/nios2-elf/5.3.0/../../../../../H-x86_64-mingw32/nios2-elf/lib/mno-hw-mul\libc.a(lib_a-__atexit.o)
 .bss           0x000000000000d274        0x0 c:/intelfpga_lite/18.1/nios2eds/bin/gnu/h-x86_64-mingw32/bin/../lib/gcc/nios2-elf/5.3.0/../../../../../H-x86_64-mingw32/nios2-elf/lib/mno-hw-mul\libc.a(lib_a-__call_atexit.o)
 .bss           0x000000000000d274        0x0 c:/intelfpga_lite/18.1/nios2eds/bin/gnu/h-x86_64-mingw32/bin/../lib/gcc/nios2-elf/5.3.0/mno-hw-mul\libgcc.a(lib2-mul.o)
 .bss           0x000000000000d274        0x0 ../lab2_bsp/\libhal_bsp.a(alt_exit.o)
 *(COMMON)
 COMMON         0x000000000000d274      0x100 ../lab2_bsp/\libhal_bsp.a(alt_irq_handler.o)
                0x000000000000d274                alt_irq
                0x000000000000d374                . = ALIGN (0x4)
                0x000000000000d374                __bss_end = ABSOLUTE (.)

.onchip_memory2_0
                0x000000000000d374        0x0
                [!provide]                        PROVIDE (_alt_partition_onchip_memory2_0_start, ABSOLUTE (.))
 *(.onchip_memory2_0 .onchip_memory2_0. onchip_memory2_0.*)
                0x000000000000d374                . = ALIGN (0x4)
                [!provide]                        PROVIDE (_alt_partition_onchip_memory2_0_end, ABSOLUTE (.))
                0x000000000000d374                _end = ABSOLUTE (.)
                0x000000000000d374                end = ABSOLUTE (.)
                0x000000000000d374                __alt_stack_base = ABSOLUTE (.)
                [!provide]                        PROVIDE (_alt_partition_onchip_memory2_0_load_addr, LOADADDR (.onchip_memory2_0))

.stab
 *(.stab)

.stabstr
 *(.stabstr)

.stab.excl
 *(.stab.excl)

.stab.exclstr
 *(.stab.exclstr)

.stab.index
 *(.stab.index)

.stab.indexstr
 *(.stab.indexstr)

.comment        0x0000000000000000       0x23
 *(.comment)
 .comment       0x0000000000000000       0x23 ../lab2_bsp/\libhal_bsp.a(alt_load.o)
                                         0x24 (size before relaxing)
 .comment       0x0000000000000023       0x24 ../lab2_bsp/\libhal_bsp.a(alt_main.o)
 .comment       0x0000000000000023       0x24 ../lab2_bsp/\libhal_bsp.a(alt_sys_init.o)
 .comment       0x0000000000000023       0x24 ../lab2_bsp/\libhal_bsp.a(altera_avalon_jtag_uart_fd.o)
 .comment       0x0000000000000023       0x24 ../lab2_bsp/\libhal_bsp.a(altera_avalon_jtag_uart_init.o)
 .comment       0x0000000000000023       0x24 ../lab2_bsp/\libhal_bsp.a(altera_avalon_jtag_uart_ioctl.o)
 .comment       0x0000000000000023       0x24 ../lab2_bsp/\libhal_bsp.a(altera_avalon_jtag_uart_read.o)
 .comment       0x0000000000000023       0x24 ../lab2_bsp/\libhal_bsp.a(altera_avalon_jtag_uart_write.o)
 .comment       0x0000000000000023       0x24 ../lab2_bsp/\libhal_bsp.a(alt_alarm_start.o)
 .comment       0x0000000000000023       0x24 ../lab2_bsp/\libhal_bsp.a(alt_close.o)
 .comment       0x0000000000000023       0x24 ../lab2_bsp/\libhal_bsp.a(alt_dcache_flush_all.o)
 .comment       0x0000000000000023       0x24 ../lab2_bsp/\libhal_bsp.a(alt_dev.o)
 .comment       0x0000000000000023       0x24 ../lab2_bsp/\libhal_bsp.a(alt_dev_llist_insert.o)
 .comment       0x0000000000000023       0x24 ../lab2_bsp/\libhal_bsp.a(alt_do_ctors.o)
 .comment       0x0000000000000023       0x24 ../lab2_bsp/\libhal_bsp.a(alt_do_dtors.o)
 .comment       0x0000000000000023       0x24 ../lab2_bsp/\libhal_bsp.a(alt_errno.o)
 .comment       0x0000000000000023       0x24 ../lab2_bsp/\libhal_bsp.a(alt_icache_flush_all.o)
 .comment       0x0000000000000023       0x24 ../lab2_bsp/\libhal_bsp.a(alt_iic.o)
 .comment       0x0000000000000023       0x24 ../lab2_bsp/\libhal_bsp.a(alt_iic_isr_register.o)
 .comment       0x0000000000000023       0x24 ../lab2_bsp/\libhal_bsp.a(alt_io_redirect.o)
 .comment       0x0000000000000023       0x24 ../lab2_bsp/\libhal_bsp.a(alt_irq_handler.o)
 .comment       0x0000000000000023       0x24 ../lab2_bsp/\libhal_bsp.a(alt_irq_vars.o)
 .comment       0x0000000000000023       0x24 ../lab2_bsp/\libhal_bsp.a(alt_open.o)
 .comment       0x0000000000000023       0x24 ../lab2_bsp/\libhal_bsp.a(alt_release_fd.o)
 .comment       0x0000000000000023       0x24 ../lab2_bsp/\libhal_bsp.a(alt_tick.o)
 .comment       0x0000000000000023       0x24 ../lab2_bsp/\libhal_bsp.a(altera_nios2_gen2_irq.o)
 .comment       0x0000000000000023       0x24 ../lab2_bsp/\libhal_bsp.a(alt_find_dev.o)
 .comment       0x0000000000000023       0x24 ../lab2_bsp/\libhal_bsp.a(alt_find_file.o)
 .comment       0x0000000000000023       0x24 ../lab2_bsp/\libhal_bsp.a(alt_get_fd.o)
 .comment       0x0000000000000023       0x24 ../lab2_bsp/\libhal_bsp.a(alt_instruction_exception_entry.o)
 .comment       0x0000000000000023       0x24 c:/intelfpga_lite/18.1/nios2eds/bin/gnu/h-x86_64-mingw32/bin/../lib/gcc/nios2-elf/5.3.0/../../../../../H-x86_64-mingw32/nios2-elf/lib/mno-hw-mul\libc.a(lib_a-atexit.o)
 .comment       0x0000000000000023       0x24 c:/intelfpga_lite/18.1/nios2eds/bin/gnu/h-x86_64-mingw32/bin/../lib/gcc/nios2-elf/5.3.0/../../../../../H-x86_64-mingw32/nios2-elf/lib/mno-hw-mul\libc.a(lib_a-exit.o)
 .comment       0x0000000000000023       0x24 c:/intelfpga_lite/18.1/nios2eds/bin/gnu/h-x86_64-mingw32/bin/../lib/gcc/nios2-elf/5.3.0/../../../../../H-x86_64-mingw32/nios2-elf/lib/mno-hw-mul\libc.a(lib_a-impure.o)
 .comment       0x0000000000000023       0x24 c:/intelfpga_lite/18.1/nios2eds/bin/gnu/h-x86_64-mingw32/bin/../lib/gcc/nios2-elf/5.3.0/../../../../../H-x86_64-mingw32/nios2-elf/lib/mno-hw-mul\libc.a(lib_a-int_errno.o)
 .comment       0x0000000000000023       0x24 c:/intelfpga_lite/18.1/nios2eds/bin/gnu/h-x86_64-mingw32/bin/../lib/gcc/nios2-elf/5.3.0/../../../../../H-x86_64-mingw32/nios2-elf/lib/mno-hw-mul\libc.a(lib_a-memcmp.o)
 .comment       0x0000000000000023       0x24 c:/intelfpga_lite/18.1/nios2eds/bin/gnu/h-x86_64-mingw32/bin/../lib/gcc/nios2-elf/5.3.0/../../../../../H-x86_64-mingw32/nios2-elf/lib/mno-hw-mul\libc.a(lib_a-memcpy.o)
 .comment       0x0000000000000023       0x24 c:/intelfpga_lite/18.1/nios2eds/bin/gnu/h-x86_64-mingw32/bin/../lib/gcc/nios2-elf/5.3.0/../../../../../H-x86_64-mingw32/nios2-elf/lib/mno-hw-mul\libc.a(lib_a-strlen.o)
 .comment       0x0000000000000023       0x24 c:/intelfpga_lite/18.1/nios2eds/bin/gnu/h-x86_64-mingw32/bin/../lib/gcc/nios2-elf/5.3.0/../../../../../H-x86_64-mingw32/nios2-elf/lib/mno-hw-mul\libc.a(lib_a-__atexit.o)
 .comment       0x0000000000000023       0x24 c:/intelfpga_lite/18.1/nios2eds/bin/gnu/h-x86_64-mingw32/bin/../lib/gcc/nios2-elf/5.3.0/../../../../../H-x86_64-mingw32/nios2-elf/lib/mno-hw-mul\libc.a(lib_a-__call_atexit.o)
 .comment       0x0000000000000023       0x24 c:/intelfpga_lite/18.1/nios2eds/bin/gnu/h-x86_64-mingw32/bin/../lib/gcc/nios2-elf/5.3.0/mno-hw-mul\libgcc.a(lib2-mul.o)
 .comment       0x0000000000000023       0x24 ../lab2_bsp/\libhal_bsp.a(alt_exit.o)

.debug
 *(.debug)

.line
 *(.line)

.debug_srcinfo
 *(.debug_srcinfo)

.debug_sfnames
 *(.debug_sfnames)

.debug_aranges  0x0000000000000000      0x5b8
 *(.debug_aranges)
 .debug_aranges
                0x0000000000000000       0x28 ../lab2_bsp//obj/HAL/src/crt0.o
 .debug_aranges
                0x0000000000000028       0x20 obj/default/lab2.o
 .debug_aranges
                0x0000000000000048       0x20 ../lab2_bsp/\libhal_bsp.a(alt_load.o)
 .debug_aranges
                0x0000000000000068       0x20 ../lab2_bsp/\libhal_bsp.a(alt_main.o)
 .debug_aranges
                0x0000000000000088       0x20 ../lab2_bsp/\libhal_bsp.a(alt_sys_init.o)
 .debug_aranges
                0x00000000000000a8       0x20 ../lab2_bsp/\libhal_bsp.a(altera_avalon_jtag_uart_fd.o)
 .debug_aranges
                0x00000000000000c8       0x20 ../lab2_bsp/\libhal_bsp.a(altera_avalon_jtag_uart_init.o)
 .debug_aranges
                0x00000000000000e8       0x20 ../lab2_bsp/\libhal_bsp.a(altera_avalon_jtag_uart_ioctl.o)
 .debug_aranges
                0x0000000000000108       0x20 ../lab2_bsp/\libhal_bsp.a(altera_avalon_jtag_uart_read.o)
 .debug_aranges
                0x0000000000000128       0x20 ../lab2_bsp/\libhal_bsp.a(altera_avalon_jtag_uart_write.o)
 .debug_aranges
                0x0000000000000148       0x20 ../lab2_bsp/\libhal_bsp.a(alt_alarm_start.o)
 .debug_aranges
                0x0000000000000168       0x20 ../lab2_bsp/\libhal_bsp.a(alt_close.o)
 .debug_aranges
                0x0000000000000188       0x20 ../lab2_bsp/\libhal_bsp.a(alt_dcache_flush_all.o)
 .debug_aranges
                0x00000000000001a8       0x20 ../lab2_bsp/\libhal_bsp.a(alt_dev.o)
 .debug_aranges
                0x00000000000001c8       0x20 ../lab2_bsp/\libhal_bsp.a(alt_dev_llist_insert.o)
 .debug_aranges
                0x00000000000001e8       0x20 ../lab2_bsp/\libhal_bsp.a(alt_do_ctors.o)
 .debug_aranges
                0x0000000000000208       0x20 ../lab2_bsp/\libhal_bsp.a(alt_do_dtors.o)
 .debug_aranges
                0x0000000000000228       0x18 ../lab2_bsp/\libhal_bsp.a(alt_errno.o)
 .debug_aranges
                0x0000000000000240       0x20 ../lab2_bsp/\libhal_bsp.a(alt_icache_flush_all.o)
 .debug_aranges
                0x0000000000000260       0x20 ../lab2_bsp/\libhal_bsp.a(alt_iic.o)
 .debug_aranges
                0x0000000000000280       0x20 ../lab2_bsp/\libhal_bsp.a(alt_iic_isr_register.o)
 .debug_aranges
                0x00000000000002a0       0x20 ../lab2_bsp/\libhal_bsp.a(alt_io_redirect.o)
 .debug_aranges
                0x00000000000002c0       0x30 ../lab2_bsp/\libhal_bsp.a(alt_irq_entry.o)
 .debug_aranges
                0x00000000000002f0       0x20 ../lab2_bsp/\libhal_bsp.a(alt_irq_handler.o)
 .debug_aranges
                0x0000000000000310       0x18 ../lab2_bsp/\libhal_bsp.a(alt_irq_vars.o)
 .debug_aranges
                0x0000000000000328       0x20 ../lab2_bsp/\libhal_bsp.a(alt_open.o)
 .debug_aranges
                0x0000000000000348       0x20 ../lab2_bsp/\libhal_bsp.a(alt_release_fd.o)
 .debug_aranges
                0x0000000000000368       0x20 ../lab2_bsp/\libhal_bsp.a(alt_tick.o)
 .debug_aranges
                0x0000000000000388       0x20 ../lab2_bsp/\libhal_bsp.a(altera_nios2_gen2_irq.o)
 .debug_aranges
                0x00000000000003a8       0x38 ../lab2_bsp/\libhal_bsp.a(alt_exception_entry.o)
 .debug_aranges
                0x00000000000003e0       0x20 ../lab2_bsp/\libhal_bsp.a(alt_find_dev.o)
 .debug_aranges
                0x0000000000000400       0x20 ../lab2_bsp/\libhal_bsp.a(alt_find_file.o)
 .debug_aranges
                0x0000000000000420       0x20 ../lab2_bsp/\libhal_bsp.a(alt_get_fd.o)
 .debug_aranges
                0x0000000000000440       0x28 ../lab2_bsp/\libhal_bsp.a(alt_instruction_exception_entry.o)
 .debug_aranges
                0x0000000000000468       0x20 c:/intelfpga_lite/18.1/nios2eds/bin/gnu/h-x86_64-mingw32/bin/../lib/gcc/nios2-elf/5.3.0/../../../../../H-x86_64-mingw32/nios2-elf/lib/mno-hw-mul\libc.a(lib_a-atexit.o)
 .debug_aranges
                0x0000000000000488       0x20 c:/intelfpga_lite/18.1/nios2eds/bin/gnu/h-x86_64-mingw32/bin/../lib/gcc/nios2-elf/5.3.0/../../../../../H-x86_64-mingw32/nios2-elf/lib/mno-hw-mul\libc.a(lib_a-exit.o)
 .debug_aranges
                0x00000000000004a8       0x18 c:/intelfpga_lite/18.1/nios2eds/bin/gnu/h-x86_64-mingw32/bin/../lib/gcc/nios2-elf/5.3.0/../../../../../H-x86_64-mingw32/nios2-elf/lib/mno-hw-mul\libc.a(lib_a-impure.o)
 .debug_aranges
                0x00000000000004c0       0x18 c:/intelfpga_lite/18.1/nios2eds/bin/gnu/h-x86_64-mingw32/bin/../lib/gcc/nios2-elf/5.3.0/../../../../../H-x86_64-mingw32/nios2-elf/lib/mno-hw-mul\libc.a(lib_a-int_errno.o)
 .debug_aranges
                0x00000000000004d8       0x20 c:/intelfpga_lite/18.1/nios2eds/bin/gnu/h-x86_64-mingw32/bin/../lib/gcc/nios2-elf/5.3.0/../../../../../H-x86_64-mingw32/nios2-elf/lib/mno-hw-mul\libc.a(lib_a-memcmp.o)
 .debug_aranges
                0x00000000000004f8       0x20 c:/intelfpga_lite/18.1/nios2eds/bin/gnu/h-x86_64-mingw32/bin/../lib/gcc/nios2-elf/5.3.0/../../../../../H-x86_64-mingw32/nios2-elf/lib/mno-hw-mul\libc.a(lib_a-memcpy.o)
 .debug_aranges
                0x0000000000000518       0x20 c:/intelfpga_lite/18.1/nios2eds/bin/gnu/h-x86_64-mingw32/bin/../lib/gcc/nios2-elf/5.3.0/../../../../../H-x86_64-mingw32/nios2-elf/lib/mno-hw-mul\libc.a(lib_a-strlen.o)
 .debug_aranges
                0x0000000000000538       0x20 c:/intelfpga_lite/18.1/nios2eds/bin/gnu/h-x86_64-mingw32/bin/../lib/gcc/nios2-elf/5.3.0/../../../../../H-x86_64-mingw32/nios2-elf/lib/mno-hw-mul\libc.a(lib_a-__atexit.o)
 .debug_aranges
                0x0000000000000558       0x20 c:/intelfpga_lite/18.1/nios2eds/bin/gnu/h-x86_64-mingw32/bin/../lib/gcc/nios2-elf/5.3.0/../../../../../H-x86_64-mingw32/nios2-elf/lib/mno-hw-mul\libc.a(lib_a-__call_atexit.o)
 .debug_aranges
                0x0000000000000578       0x20 c:/intelfpga_lite/18.1/nios2eds/bin/gnu/h-x86_64-mingw32/bin/../lib/gcc/nios2-elf/5.3.0/mno-hw-mul\libgcc.a(lib2-mul.o)
 .debug_aranges
                0x0000000000000598       0x20 ../lab2_bsp/\libhal_bsp.a(alt_exit.o)

.debug_pubnames
 *(.debug_pubnames)

.debug_info     0x0000000000000000     0x74d7
 *(.debug_info .gnu.linkonce.wi.*)
 .debug_info    0x0000000000000000       0x79 ../lab2_bsp//obj/HAL/src/crt0.o
 .debug_info    0x0000000000000079       0x71 obj/default/lab2.o
 .debug_info    0x00000000000000ea      0x145 ../lab2_bsp/\libhal_bsp.a(alt_load.o)
 .debug_info    0x000000000000022f      0x131 ../lab2_bsp/\libhal_bsp.a(alt_main.o)
 .debug_info    0x0000000000000360      0x4c3 ../lab2_bsp/\libhal_bsp.a(alt_sys_init.o)
 .debug_info    0x0000000000000823      0x52e ../lab2_bsp/\libhal_bsp.a(altera_avalon_jtag_uart_fd.o)
 .debug_info    0x0000000000000d51      0x3a0 ../lab2_bsp/\libhal_bsp.a(altera_avalon_jtag_uart_init.o)
 .debug_info    0x00000000000010f1      0x280 ../lab2_bsp/\libhal_bsp.a(altera_avalon_jtag_uart_ioctl.o)
 .debug_info    0x0000000000001371      0x345 ../lab2_bsp/\libhal_bsp.a(altera_avalon_jtag_uart_read.o)
 .debug_info    0x00000000000016b6      0x340 ../lab2_bsp/\libhal_bsp.a(altera_avalon_jtag_uart_write.o)
 .debug_info    0x00000000000019f6      0x2cc ../lab2_bsp/\libhal_bsp.a(alt_alarm_start.o)
 .debug_info    0x0000000000001cc2      0x321 ../lab2_bsp/\libhal_bsp.a(alt_close.o)
 .debug_info    0x0000000000001fe3       0x92 ../lab2_bsp/\libhal_bsp.a(alt_dcache_flush_all.o)
 .debug_info    0x0000000000002075      0x49c ../lab2_bsp/\libhal_bsp.a(alt_dev.o)
 .debug_info    0x0000000000002511      0x1a9 ../lab2_bsp/\libhal_bsp.a(alt_dev_llist_insert.o)
 .debug_info    0x00000000000026ba       0x83 ../lab2_bsp/\libhal_bsp.a(alt_do_ctors.o)
 .debug_info    0x000000000000273d       0x83 ../lab2_bsp/\libhal_bsp.a(alt_do_dtors.o)
 .debug_info    0x00000000000027c0       0xa6 ../lab2_bsp/\libhal_bsp.a(alt_errno.o)
 .debug_info    0x0000000000002866       0x92 ../lab2_bsp/\libhal_bsp.a(alt_icache_flush_all.o)
 .debug_info    0x00000000000028f8      0x350 ../lab2_bsp/\libhal_bsp.a(alt_iic.o)
 .debug_info    0x0000000000002c48      0x1ef ../lab2_bsp/\libhal_bsp.a(alt_iic_isr_register.o)
 .debug_info    0x0000000000002e37      0x4a5 ../lab2_bsp/\libhal_bsp.a(alt_io_redirect.o)
 .debug_info    0x00000000000032dc       0x82 ../lab2_bsp/\libhal_bsp.a(alt_irq_entry.o)
 .debug_info    0x000000000000335e      0x187 ../lab2_bsp/\libhal_bsp.a(alt_irq_handler.o)
 .debug_info    0x00000000000034e5       0x88 ../lab2_bsp/\libhal_bsp.a(alt_irq_vars.o)
 .debug_info    0x000000000000356d      0x3bb ../lab2_bsp/\libhal_bsp.a(alt_open.o)
 .debug_info    0x0000000000003928      0x2b0 ../lab2_bsp/\libhal_bsp.a(alt_release_fd.o)
 .debug_info    0x0000000000003bd8      0x299 ../lab2_bsp/\libhal_bsp.a(alt_tick.o)
 .debug_info    0x0000000000003e71       0x92 ../lab2_bsp/\libhal_bsp.a(altera_nios2_gen2_irq.o)
 .debug_info    0x0000000000003f03       0x88 ../lab2_bsp/\libhal_bsp.a(alt_exception_entry.o)
 .debug_info    0x0000000000003f8b      0x2e9 ../lab2_bsp/\libhal_bsp.a(alt_find_dev.o)
 .debug_info    0x0000000000004274      0x2e6 ../lab2_bsp/\libhal_bsp.a(alt_find_file.o)
 .debug_info    0x000000000000455a      0x310 ../lab2_bsp/\libhal_bsp.a(alt_get_fd.o)
 .debug_info    0x000000000000486a      0x1e7 ../lab2_bsp/\libhal_bsp.a(alt_instruction_exception_entry.o)
 .debug_info    0x0000000000004a51       0xfe c:/intelfpga_lite/18.1/nios2eds/bin/gnu/h-x86_64-mingw32/bin/../lib/gcc/nios2-elf/5.3.0/../../../../../H-x86_64-mingw32/nios2-elf/lib/mno-hw-mul\libc.a(lib_a-atexit.o)
 .debug_info    0x0000000000004b4f      0x8e4 c:/intelfpga_lite/18.1/nios2eds/bin/gnu/h-x86_64-mingw32/bin/../lib/gcc/nios2-elf/5.3.0/../../../../../H-x86_64-mingw32/nios2-elf/lib/mno-hw-mul\libc.a(lib_a-exit.o)
 .debug_info    0x0000000000005433      0x8a1 c:/intelfpga_lite/18.1/nios2eds/bin/gnu/h-x86_64-mingw32/bin/../lib/gcc/nios2-elf/5.3.0/../../../../../H-x86_64-mingw32/nios2-elf/lib/mno-hw-mul\libc.a(lib_a-impure.o)
 .debug_info    0x0000000000005cd4       0x8a c:/intelfpga_lite/18.1/nios2eds/bin/gnu/h-x86_64-mingw32/bin/../lib/gcc/nios2-elf/5.3.0/../../../../../H-x86_64-mingw32/nios2-elf/lib/mno-hw-mul\libc.a(lib_a-int_errno.o)
 .debug_info    0x0000000000005d5e      0x11a c:/intelfpga_lite/18.1/nios2eds/bin/gnu/h-x86_64-mingw32/bin/../lib/gcc/nios2-elf/5.3.0/../../../../../H-x86_64-mingw32/nios2-elf/lib/mno-hw-mul\libc.a(lib_a-memcmp.o)
 .debug_info    0x0000000000005e78      0x144 c:/intelfpga_lite/18.1/nios2eds/bin/gnu/h-x86_64-mingw32/bin/../lib/gcc/nios2-elf/5.3.0/../../../../../H-x86_64-mingw32/nios2-elf/lib/mno-hw-mul\libc.a(lib_a-memcpy.o)
 .debug_info    0x0000000000005fbc       0xe2 c:/intelfpga_lite/18.1/nios2eds/bin/gnu/h-x86_64-mingw32/bin/../lib/gcc/nios2-elf/5.3.0/../../../../../H-x86_64-mingw32/nios2-elf/lib/mno-hw-mul\libc.a(lib_a-strlen.o)
 .debug_info    0x000000000000609e      0x934 c:/intelfpga_lite/18.1/nios2eds/bin/gnu/h-x86_64-mingw32/bin/../lib/gcc/nios2-elf/5.3.0/../../../../../H-x86_64-mingw32/nios2-elf/lib/mno-hw-mul\libc.a(lib_a-__atexit.o)
 .debug_info    0x00000000000069d2      0x965 c:/intelfpga_lite/18.1/nios2eds/bin/gnu/h-x86_64-mingw32/bin/../lib/gcc/nios2-elf/5.3.0/../../../../../H-x86_64-mingw32/nios2-elf/lib/mno-hw-mul\libc.a(lib_a-__call_atexit.o)
 .debug_info    0x0000000000007337       0xb4 c:/intelfpga_lite/18.1/nios2eds/bin/gnu/h-x86_64-mingw32/bin/../lib/gcc/nios2-elf/5.3.0/mno-hw-mul\libgcc.a(lib2-mul.o)
 .debug_info    0x00000000000073eb       0xec ../lab2_bsp/\libhal_bsp.a(alt_exit.o)

.debug_abbrev   0x0000000000000000     0x28c8
 *(.debug_abbrev)
 .debug_abbrev  0x0000000000000000       0x12 ../lab2_bsp//obj/HAL/src/crt0.o
 .debug_abbrev  0x0000000000000012       0x14 obj/default/lab2.o
 .debug_abbrev  0x0000000000000026       0x9f ../lab2_bsp/\libhal_bsp.a(alt_load.o)
 .debug_abbrev  0x00000000000000c5       0xba ../lab2_bsp/\libhal_bsp.a(alt_main.o)
 .debug_abbrev  0x000000000000017f      0x187 ../lab2_bsp/\libhal_bsp.a(alt_sys_init.o)
 .debug_abbrev  0x0000000000000306      0x127 ../lab2_bsp/\libhal_bsp.a(altera_avalon_jtag_uart_fd.o)
 .debug_abbrev  0x000000000000042d      0x19e ../lab2_bsp/\libhal_bsp.a(altera_avalon_jtag_uart_init.o)
 .debug_abbrev  0x00000000000005cb      0x111 ../lab2_bsp/\libhal_bsp.a(altera_avalon_jtag_uart_ioctl.o)
 .debug_abbrev  0x00000000000006dc      0x1aa ../lab2_bsp/\libhal_bsp.a(altera_avalon_jtag_uart_read.o)
 .debug_abbrev  0x0000000000000886      0x1a8 ../lab2_bsp/\libhal_bsp.a(altera_avalon_jtag_uart_write.o)
 .debug_abbrev  0x0000000000000a2e      0x162 ../lab2_bsp/\libhal_bsp.a(alt_alarm_start.o)
 .debug_abbrev  0x0000000000000b90      0x11f ../lab2_bsp/\libhal_bsp.a(alt_close.o)
 .debug_abbrev  0x0000000000000caf       0x42 ../lab2_bsp/\libhal_bsp.a(alt_dcache_flush_all.o)
 .debug_abbrev  0x0000000000000cf1       0xd9 ../lab2_bsp/\libhal_bsp.a(alt_dev.o)
 .debug_abbrev  0x0000000000000dca      0x114 ../lab2_bsp/\libhal_bsp.a(alt_dev_llist_insert.o)
 .debug_abbrev  0x0000000000000ede       0x79 ../lab2_bsp/\libhal_bsp.a(alt_do_ctors.o)
 .debug_abbrev  0x0000000000000f57       0x79 ../lab2_bsp/\libhal_bsp.a(alt_do_dtors.o)
 .debug_abbrev  0x0000000000000fd0       0x5a ../lab2_bsp/\libhal_bsp.a(alt_errno.o)
 .debug_abbrev  0x000000000000102a       0x42 ../lab2_bsp/\libhal_bsp.a(alt_icache_flush_all.o)
 .debug_abbrev  0x000000000000106c      0x163 ../lab2_bsp/\libhal_bsp.a(alt_iic.o)
 .debug_abbrev  0x00000000000011cf      0x169 ../lab2_bsp/\libhal_bsp.a(alt_iic_isr_register.o)
 .debug_abbrev  0x0000000000001338      0x114 ../lab2_bsp/\libhal_bsp.a(alt_io_redirect.o)
 .debug_abbrev  0x000000000000144c       0x12 ../lab2_bsp/\libhal_bsp.a(alt_irq_entry.o)
 .debug_abbrev  0x000000000000145e      0x122 ../lab2_bsp/\libhal_bsp.a(alt_irq_handler.o)
 .debug_abbrev  0x0000000000001580       0x40 ../lab2_bsp/\libhal_bsp.a(alt_irq_vars.o)
 .debug_abbrev  0x00000000000015c0      0x148 ../lab2_bsp/\libhal_bsp.a(alt_open.o)
 .debug_abbrev  0x0000000000001708       0xde ../lab2_bsp/\libhal_bsp.a(alt_release_fd.o)
 .debug_abbrev  0x00000000000017e6      0x15a ../lab2_bsp/\libhal_bsp.a(alt_tick.o)
 .debug_abbrev  0x0000000000001940       0x42 ../lab2_bsp/\libhal_bsp.a(altera_nios2_gen2_irq.o)
 .debug_abbrev  0x0000000000001982       0x12 ../lab2_bsp/\libhal_bsp.a(alt_exception_entry.o)
 .debug_abbrev  0x0000000000001994       0xf0 ../lab2_bsp/\libhal_bsp.a(alt_find_dev.o)
 .debug_abbrev  0x0000000000001a84       0xf0 ../lab2_bsp/\libhal_bsp.a(alt_find_file.o)
 .debug_abbrev  0x0000000000001b74      0x10d ../lab2_bsp/\libhal_bsp.a(alt_get_fd.o)
 .debug_abbrev  0x0000000000001c81       0xdc ../lab2_bsp/\libhal_bsp.a(alt_instruction_exception_entry.o)
 .debug_abbrev  0x0000000000001d5d       0xaa c:/intelfpga_lite/18.1/nios2eds/bin/gnu/h-x86_64-mingw32/bin/../lib/gcc/nios2-elf/5.3.0/../../../../../H-x86_64-mingw32/nios2-elf/lib/mno-hw-mul\libc.a(lib_a-atexit.o)
 .debug_abbrev  0x0000000000001e07      0x1e5 c:/intelfpga_lite/18.1/nios2eds/bin/gnu/h-x86_64-mingw32/bin/../lib/gcc/nios2-elf/5.3.0/../../../../../H-x86_64-mingw32/nios2-elf/lib/mno-hw-mul\libc.a(lib_a-exit.o)
 .debug_abbrev  0x0000000000001fec      0x18f c:/intelfpga_lite/18.1/nios2eds/bin/gnu/h-x86_64-mingw32/bin/../lib/gcc/nios2-elf/5.3.0/../../../../../H-x86_64-mingw32/nios2-elf/lib/mno-hw-mul\libc.a(lib_a-impure.o)
 .debug_abbrev  0x000000000000217b       0x37 c:/intelfpga_lite/18.1/nios2eds/bin/gnu/h-x86_64-mingw32/bin/../lib/gcc/nios2-elf/5.3.0/../../../../../H-x86_64-mingw32/nios2-elf/lib/mno-hw-mul\libc.a(lib_a-int_errno.o)
 .debug_abbrev  0x00000000000021b2       0x7f c:/intelfpga_lite/18.1/nios2eds/bin/gnu/h-x86_64-mingw32/bin/../lib/gcc/nios2-elf/5.3.0/../../../../../H-x86_64-mingw32/nios2-elf/lib/mno-hw-mul\libc.a(lib_a-memcmp.o)
 .debug_abbrev  0x0000000000002231       0xa3 c:/intelfpga_lite/18.1/nios2eds/bin/gnu/h-x86_64-mingw32/bin/../lib/gcc/nios2-elf/5.3.0/../../../../../H-x86_64-mingw32/nios2-elf/lib/mno-hw-mul\libc.a(lib_a-memcpy.o)
 .debug_abbrev  0x00000000000022d4       0x90 c:/intelfpga_lite/18.1/nios2eds/bin/gnu/h-x86_64-mingw32/bin/../lib/gcc/nios2-elf/5.3.0/../../../../../H-x86_64-mingw32/nios2-elf/lib/mno-hw-mul\libc.a(lib_a-strlen.o)
 .debug_abbrev  0x0000000000002364      0x21e c:/intelfpga_lite/18.1/nios2eds/bin/gnu/h-x86_64-mingw32/bin/../lib/gcc/nios2-elf/5.3.0/../../../../../H-x86_64-mingw32/nios2-elf/lib/mno-hw-mul\libc.a(lib_a-__atexit.o)
 .debug_abbrev  0x0000000000002582      0x22e c:/intelfpga_lite/18.1/nios2eds/bin/gnu/h-x86_64-mingw32/bin/../lib/gcc/nios2-elf/5.3.0/../../../../../H-x86_64-mingw32/nios2-elf/lib/mno-hw-mul\libc.a(lib_a-__call_atexit.o)
 .debug_abbrev  0x00000000000027b0       0x6f c:/intelfpga_lite/18.1/nios2eds/bin/gnu/h-x86_64-mingw32/bin/../lib/gcc/nios2-elf/5.3.0/mno-hw-mul\libgcc.a(lib2-mul.o)
 .debug_abbrev  0x000000000000281f       0xa9 ../lab2_bsp/\libhal_bsp.a(alt_exit.o)

.debug_line     0x0000000000000000     0x296d
 *(.debug_line)
 .debug_line    0x0000000000000000       0x66 ../lab2_bsp//obj/HAL/src/crt0.o
 .debug_line    0x0000000000000066       0x59 obj/default/lab2.o
 .debug_line    0x00000000000000bf       0x8e ../lab2_bsp/\libhal_bsp.a(alt_load.o)
 .debug_line    0x000000000000014d       0xa4 ../lab2_bsp/\libhal_bsp.a(alt_main.o)
 .debug_line    0x00000000000001f1      0x137 ../lab2_bsp/\libhal_bsp.a(alt_sys_init.o)
 .debug_line    0x0000000000000328      0x12f ../lab2_bsp/\libhal_bsp.a(altera_avalon_jtag_uart_fd.o)
 .debug_line    0x0000000000000457      0x18b ../lab2_bsp/\libhal_bsp.a(altera_avalon_jtag_uart_init.o)
 .debug_line    0x00000000000005e2      0x131 ../lab2_bsp/\libhal_bsp.a(altera_avalon_jtag_uart_ioctl.o)
 .debug_line    0x0000000000000713      0x171 ../lab2_bsp/\libhal_bsp.a(altera_avalon_jtag_uart_read.o)
 .debug_line    0x0000000000000884      0x170 ../lab2_bsp/\libhal_bsp.a(altera_avalon_jtag_uart_write.o)
 .debug_line    0x00000000000009f4       0xf9 ../lab2_bsp/\libhal_bsp.a(alt_alarm_start.o)
 .debug_line    0x0000000000000aed      0x165 ../lab2_bsp/\libhal_bsp.a(alt_close.o)
 .debug_line    0x0000000000000c52       0x51 ../lab2_bsp/\libhal_bsp.a(alt_dcache_flush_all.o)
 .debug_line    0x0000000000000ca3       0xf8 ../lab2_bsp/\libhal_bsp.a(alt_dev.o)
 .debug_line    0x0000000000000d9b       0xcf ../lab2_bsp/\libhal_bsp.a(alt_dev_llist_insert.o)
 .debug_line    0x0000000000000e6a       0x59 ../lab2_bsp/\libhal_bsp.a(alt_do_ctors.o)
 .debug_line    0x0000000000000ec3       0x59 ../lab2_bsp/\libhal_bsp.a(alt_do_dtors.o)
 .debug_line    0x0000000000000f1c       0x51 ../lab2_bsp/\libhal_bsp.a(alt_errno.o)
 .debug_line    0x0000000000000f6d       0x4f ../lab2_bsp/\libhal_bsp.a(alt_icache_flush_all.o)
 .debug_line    0x0000000000000fbc       0xeb ../lab2_bsp/\libhal_bsp.a(alt_iic.o)
 .debug_line    0x00000000000010a7       0xdb ../lab2_bsp/\libhal_bsp.a(alt_iic_isr_register.o)
 .debug_line    0x0000000000001182      0x135 ../lab2_bsp/\libhal_bsp.a(alt_io_redirect.o)
 .debug_line    0x00000000000012b7       0x6b ../lab2_bsp/\libhal_bsp.a(alt_irq_entry.o)
 .debug_line    0x0000000000001322       0xaa ../lab2_bsp/\libhal_bsp.a(alt_irq_handler.o)
 .debug_line    0x00000000000013cc       0x50 ../lab2_bsp/\libhal_bsp.a(alt_irq_vars.o)
 .debug_line    0x000000000000141c      0x12b ../lab2_bsp/\libhal_bsp.a(alt_open.o)
 .debug_line    0x0000000000001547       0xb0 ../lab2_bsp/\libhal_bsp.a(alt_release_fd.o)
 .debug_line    0x00000000000015f7       0xff ../lab2_bsp/\libhal_bsp.a(alt_tick.o)
 .debug_line    0x00000000000016f6       0x51 ../lab2_bsp/\libhal_bsp.a(altera_nios2_gen2_irq.o)
 .debug_line    0x0000000000001747       0xb3 ../lab2_bsp/\libhal_bsp.a(alt_exception_entry.o)
 .debug_line    0x00000000000017fa       0xb5 ../lab2_bsp/\libhal_bsp.a(alt_find_dev.o)
 .debug_line    0x00000000000018af       0xd1 ../lab2_bsp/\libhal_bsp.a(alt_find_file.o)
 .debug_line    0x0000000000001980       0xd7 ../lab2_bsp/\libhal_bsp.a(alt_get_fd.o)
 .debug_line    0x0000000000001a57       0xb9 ../lab2_bsp/\libhal_bsp.a(alt_instruction_exception_entry.o)
 .debug_line    0x0000000000001b10       0xe7 c:/intelfpga_lite/18.1/nios2eds/bin/gnu/h-x86_64-mingw32/bin/../lib/gcc/nios2-elf/5.3.0/../../../../../H-x86_64-mingw32/nios2-elf/lib/mno-hw-mul\libc.a(lib_a-atexit.o)
 .debug_line    0x0000000000001bf7      0x1fc c:/intelfpga_lite/18.1/nios2eds/bin/gnu/h-x86_64-mingw32/bin/../lib/gcc/nios2-elf/5.3.0/../../../../../H-x86_64-mingw32/nios2-elf/lib/mno-hw-mul\libc.a(lib_a-exit.o)
 .debug_line    0x0000000000001df3      0x160 c:/intelfpga_lite/18.1/nios2eds/bin/gnu/h-x86_64-mingw32/bin/../lib/gcc/nios2-elf/5.3.0/../../../../../H-x86_64-mingw32/nios2-elf/lib/mno-hw-mul\libc.a(lib_a-impure.o)
 .debug_line    0x0000000000001f53       0x5f c:/intelfpga_lite/18.1/nios2eds/bin/gnu/h-x86_64-mingw32/bin/../lib/gcc/nios2-elf/5.3.0/../../../../../H-x86_64-mingw32/nios2-elf/lib/mno-hw-mul\libc.a(lib_a-int_errno.o)
 .debug_line    0x0000000000001fb2      0x176 c:/intelfpga_lite/18.1/nios2eds/bin/gnu/h-x86_64-mingw32/bin/../lib/gcc/nios2-elf/5.3.0/../../../../../H-x86_64-mingw32/nios2-elf/lib/mno-hw-mul\libc.a(lib_a-memcmp.o)
 .debug_line    0x0000000000002128      0x18c c:/intelfpga_lite/18.1/nios2eds/bin/gnu/h-x86_64-mingw32/bin/../lib/gcc/nios2-elf/5.3.0/../../../../../H-x86_64-mingw32/nios2-elf/lib/mno-hw-mul\libc.a(lib_a-memcpy.o)
 .debug_line    0x00000000000022b4      0x16f c:/intelfpga_lite/18.1/nios2eds/bin/gnu/h-x86_64-mingw32/bin/../lib/gcc/nios2-elf/5.3.0/../../../../../H-x86_64-mingw32/nios2-elf/lib/mno-hw-mul\libc.a(lib_a-strlen.o)
 .debug_line    0x0000000000002423      0x21f c:/intelfpga_lite/18.1/nios2eds/bin/gnu/h-x86_64-mingw32/bin/../lib/gcc/nios2-elf/5.3.0/../../../../../H-x86_64-mingw32/nios2-elf/lib/mno-hw-mul\libc.a(lib_a-__atexit.o)
 .debug_line    0x0000000000002642      0x23a c:/intelfpga_lite/18.1/nios2eds/bin/gnu/h-x86_64-mingw32/bin/../lib/gcc/nios2-elf/5.3.0/../../../../../H-x86_64-mingw32/nios2-elf/lib/mno-hw-mul\libc.a(lib_a-__call_atexit.o)
 .debug_line    0x000000000000287c       0x80 c:/intelfpga_lite/18.1/nios2eds/bin/gnu/h-x86_64-mingw32/bin/../lib/gcc/nios2-elf/5.3.0/mno-hw-mul\libgcc.a(lib2-mul.o)
 .debug_line    0x00000000000028fc       0x71 ../lab2_bsp/\libhal_bsp.a(alt_exit.o)

.debug_frame    0x0000000000000000      0xa78
 *(.debug_frame)
 .debug_frame   0x0000000000000000       0x5c ../lab2_bsp/\libhal_bsp.a(alt_load.o)
 .debug_frame   0x000000000000005c       0x2c ../lab2_bsp/\libhal_bsp.a(alt_main.o)
 .debug_frame   0x0000000000000088       0x88 ../lab2_bsp/\libhal_bsp.a(alt_sys_init.o)
 .debug_frame   0x0000000000000110       0xb0 ../lab2_bsp/\libhal_bsp.a(altera_avalon_jtag_uart_fd.o)
 .debug_frame   0x00000000000001c0       0xa4 ../lab2_bsp/\libhal_bsp.a(altera_avalon_jtag_uart_init.o)
 .debug_frame   0x0000000000000264       0x34 ../lab2_bsp/\libhal_bsp.a(altera_avalon_jtag_uart_ioctl.o)
 .debug_frame   0x0000000000000298       0x38 ../lab2_bsp/\libhal_bsp.a(altera_avalon_jtag_uart_read.o)
 .debug_frame   0x00000000000002d0       0x38 ../lab2_bsp/\libhal_bsp.a(altera_avalon_jtag_uart_write.o)
 .debug_frame   0x0000000000000308       0x34 ../lab2_bsp/\libhal_bsp.a(alt_alarm_start.o)
 .debug_frame   0x000000000000033c       0x60 ../lab2_bsp/\libhal_bsp.a(alt_close.o)
 .debug_frame   0x000000000000039c       0x34 ../lab2_bsp/\libhal_bsp.a(alt_dcache_flush_all.o)
 .debug_frame   0x00000000000003d0       0x34 ../lab2_bsp/\libhal_bsp.a(alt_dev.o)
 .debug_frame   0x0000000000000404       0x60 ../lab2_bsp/\libhal_bsp.a(alt_dev_llist_insert.o)
 .debug_frame   0x0000000000000464       0x38 ../lab2_bsp/\libhal_bsp.a(alt_do_ctors.o)
 .debug_frame   0x000000000000049c       0x38 ../lab2_bsp/\libhal_bsp.a(alt_do_dtors.o)
 .debug_frame   0x00000000000004d4       0x34 ../lab2_bsp/\libhal_bsp.a(alt_icache_flush_all.o)
 .debug_frame   0x0000000000000508       0xa4 ../lab2_bsp/\libhal_bsp.a(alt_iic.o)
 .debug_frame   0x00000000000005ac       0x38 ../lab2_bsp/\libhal_bsp.a(alt_iic_isr_register.o)
 .debug_frame   0x00000000000005e4       0x64 ../lab2_bsp/\libhal_bsp.a(alt_io_redirect.o)
 .debug_frame   0x0000000000000648       0x38 ../lab2_bsp/\libhal_bsp.a(alt_irq_handler.o)
 .debug_frame   0x0000000000000680       0x8c ../lab2_bsp/\libhal_bsp.a(alt_open.o)
 .debug_frame   0x000000000000070c       0x3c ../lab2_bsp/\libhal_bsp.a(alt_release_fd.o)
 .debug_frame   0x0000000000000748       0x5c ../lab2_bsp/\libhal_bsp.a(alt_tick.o)
 .debug_frame   0x00000000000007a4       0x34 ../lab2_bsp/\libhal_bsp.a(altera_nios2_gen2_irq.o)
 .debug_frame   0x00000000000007d8       0x38 ../lab2_bsp/\libhal_bsp.a(alt_find_dev.o)
 .debug_frame   0x0000000000000810       0x38 ../lab2_bsp/\libhal_bsp.a(alt_find_file.o)
 .debug_frame   0x0000000000000848       0x3c ../lab2_bsp/\libhal_bsp.a(alt_get_fd.o)
 .debug_frame   0x0000000000000884       0x5c ../lab2_bsp/\libhal_bsp.a(alt_instruction_exception_entry.o)
 .debug_frame   0x00000000000008e0       0x20 c:/intelfpga_lite/18.1/nios2eds/bin/gnu/h-x86_64-mingw32/bin/../lib/gcc/nios2-elf/5.3.0/../../../../../H-x86_64-mingw32/nios2-elf/lib/mno-hw-mul\libc.a(lib_a-atexit.o)
 .debug_frame   0x0000000000000900       0x28 c:/intelfpga_lite/18.1/nios2eds/bin/gnu/h-x86_64-mingw32/bin/../lib/gcc/nios2-elf/5.3.0/../../../../../H-x86_64-mingw32/nios2-elf/lib/mno-hw-mul\libc.a(lib_a-exit.o)
 .debug_frame   0x0000000000000928       0x20 c:/intelfpga_lite/18.1/nios2eds/bin/gnu/h-x86_64-mingw32/bin/../lib/gcc/nios2-elf/5.3.0/../../../../../H-x86_64-mingw32/nios2-elf/lib/mno-hw-mul\libc.a(lib_a-memcmp.o)
 .debug_frame   0x0000000000000948       0x38 c:/intelfpga_lite/18.1/nios2eds/bin/gnu/h-x86_64-mingw32/bin/../lib/gcc/nios2-elf/5.3.0/../../../../../H-x86_64-mingw32/nios2-elf/lib/mno-hw-mul\libc.a(lib_a-memcpy.o)
 .debug_frame   0x0000000000000980       0x20 c:/intelfpga_lite/18.1/nios2eds/bin/gnu/h-x86_64-mingw32/bin/../lib/gcc/nios2-elf/5.3.0/../../../../../H-x86_64-mingw32/nios2-elf/lib/mno-hw-mul\libc.a(lib_a-strlen.o)
 .debug_frame   0x00000000000009a0       0x38 c:/intelfpga_lite/18.1/nios2eds/bin/gnu/h-x86_64-mingw32/bin/../lib/gcc/nios2-elf/5.3.0/../../../../../H-x86_64-mingw32/nios2-elf/lib/mno-hw-mul\libc.a(lib_a-__atexit.o)
 .debug_frame   0x00000000000009d8       0x54 c:/intelfpga_lite/18.1/nios2eds/bin/gnu/h-x86_64-mingw32/bin/../lib/gcc/nios2-elf/5.3.0/../../../../../H-x86_64-mingw32/nios2-elf/lib/mno-hw-mul\libc.a(lib_a-__call_atexit.o)
 .debug_frame   0x0000000000000a2c       0x20 c:/intelfpga_lite/18.1/nios2eds/bin/gnu/h-x86_64-mingw32/bin/../lib/gcc/nios2-elf/5.3.0/mno-hw-mul\libgcc.a(lib2-mul.o)
 .debug_frame   0x0000000000000a4c       0x2c ../lab2_bsp/\libhal_bsp.a(alt_exit.o)

.debug_str      0x0000000000000000     0x1b1e
 *(.debug_str)
 .debug_str     0x0000000000000000      0x1e4 ../lab2_bsp/\libhal_bsp.a(alt_load.o)
                                        0x21d (size before relaxing)
 .debug_str     0x00000000000001e4       0x70 ../lab2_bsp/\libhal_bsp.a(alt_main.o)
                                        0x1a8 (size before relaxing)
 .debug_str     0x0000000000000254      0x1a2 ../lab2_bsp/\libhal_bsp.a(alt_sys_init.o)
                                        0x363 (size before relaxing)
 .debug_str     0x00000000000003f6       0xb9 ../lab2_bsp/\libhal_bsp.a(altera_avalon_jtag_uart_fd.o)
                                        0x3af (size before relaxing)
 .debug_str     0x00000000000004af       0xd1 ../lab2_bsp/\libhal_bsp.a(altera_avalon_jtag_uart_init.o)
                                        0x343 (size before relaxing)
 .debug_str     0x0000000000000580       0x4a ../lab2_bsp/\libhal_bsp.a(altera_avalon_jtag_uart_ioctl.o)
                                        0x29e (size before relaxing)
 .debug_str     0x00000000000005ca       0x7f ../lab2_bsp/\libhal_bsp.a(altera_avalon_jtag_uart_read.o)
                                        0x2f3 (size before relaxing)
 .debug_str     0x0000000000000649       0x4a ../lab2_bsp/\libhal_bsp.a(altera_avalon_jtag_uart_write.o)
                                        0x2f4 (size before relaxing)
 .debug_str     0x0000000000000693       0x59 ../lab2_bsp/\libhal_bsp.a(alt_alarm_start.o)
                                        0x289 (size before relaxing)
 .debug_str     0x00000000000006ec       0x44 ../lab2_bsp/\libhal_bsp.a(alt_close.o)
                                        0x216 (size before relaxing)
 .debug_str     0x0000000000000730       0x34 ../lab2_bsp/\libhal_bsp.a(alt_dcache_flush_all.o)
                                        0x160 (size before relaxing)
 .debug_str     0x0000000000000764      0x120 ../lab2_bsp/\libhal_bsp.a(alt_dev.o)
                                        0x310 (size before relaxing)
 .debug_str     0x0000000000000884       0x34 ../lab2_bsp/\libhal_bsp.a(alt_dev_llist_insert.o)
                                        0x1d7 (size before relaxing)
 .debug_str     0x00000000000008b8       0x48 ../lab2_bsp/\libhal_bsp.a(alt_do_ctors.o)
                                         0xdb (size before relaxing)
 .debug_str     0x0000000000000900       0x4c ../lab2_bsp/\libhal_bsp.a(alt_do_dtors.o)
                                         0xda (size before relaxing)
 .debug_str     0x000000000000094c       0x14 ../lab2_bsp/\libhal_bsp.a(alt_errno.o)
                                        0x150 (size before relaxing)
 .debug_str     0x0000000000000960       0x34 ../lab2_bsp/\libhal_bsp.a(alt_icache_flush_all.o)
                                        0x160 (size before relaxing)
 .debug_str     0x0000000000000994       0xc4 ../lab2_bsp/\libhal_bsp.a(alt_iic.o)
                                        0x249 (size before relaxing)
 .debug_str     0x0000000000000a58       0x4c ../lab2_bsp/\libhal_bsp.a(alt_iic_isr_register.o)
                                        0x1f3 (size before relaxing)
 .debug_str     0x0000000000000aa4       0x56 ../lab2_bsp/\libhal_bsp.a(alt_io_redirect.o)
                                        0x321 (size before relaxing)
 .debug_str     0x0000000000000afa       0x3a ../lab2_bsp/\libhal_bsp.a(alt_irq_handler.o)
                                        0x1a2 (size before relaxing)
 .debug_str     0x0000000000000b34       0x17 ../lab2_bsp/\libhal_bsp.a(alt_irq_vars.o)
                                        0x145 (size before relaxing)
 .debug_str     0x0000000000000b4b       0x2f ../lab2_bsp/\libhal_bsp.a(alt_open.o)
                                        0x256 (size before relaxing)
 .debug_str     0x0000000000000b7a       0x28 ../lab2_bsp/\libhal_bsp.a(alt_release_fd.o)
                                        0x1de (size before relaxing)
 .debug_str     0x0000000000000ba2       0x4a ../lab2_bsp/\libhal_bsp.a(alt_tick.o)
                                        0x25d (size before relaxing)
 .debug_str     0x0000000000000bec       0x3b ../lab2_bsp/\libhal_bsp.a(altera_nios2_gen2_irq.o)
                                        0x167 (size before relaxing)
 .debug_str     0x0000000000000c27       0x24 ../lab2_bsp/\libhal_bsp.a(alt_find_dev.o)
                                        0x1f7 (size before relaxing)
 .debug_str     0x0000000000000c4b       0x26 ../lab2_bsp/\libhal_bsp.a(alt_find_file.o)
                                        0x205 (size before relaxing)
 .debug_str     0x0000000000000c71       0x30 ../lab2_bsp/\libhal_bsp.a(alt_get_fd.o)
                                        0x227 (size before relaxing)
 .debug_str     0x0000000000000ca1      0x48b ../lab2_bsp/\libhal_bsp.a(alt_instruction_exception_entry.o)
                                        0x5ab (size before relaxing)
 .debug_str     0x000000000000112c      0x17c c:/intelfpga_lite/18.1/nios2eds/bin/gnu/h-x86_64-mingw32/bin/../lib/gcc/nios2-elf/5.3.0/../../../../../H-x86_64-mingw32/nios2-elf/lib/mno-hw-mul\libc.a(lib_a-atexit.o)
                                        0x221 (size before relaxing)
 .debug_str     0x00000000000012a8      0x3b5 c:/intelfpga_lite/18.1/nios2eds/bin/gnu/h-x86_64-mingw32/bin/../lib/gcc/nios2-elf/5.3.0/../../../../../H-x86_64-mingw32/nios2-elf/lib/mno-hw-mul\libc.a(lib_a-exit.o)
                                        0x5be (size before relaxing)
 .debug_str     0x000000000000165d       0xd6 c:/intelfpga_lite/18.1/nios2eds/bin/gnu/h-x86_64-mingw32/bin/../lib/gcc/nios2-elf/5.3.0/../../../../../H-x86_64-mingw32/nios2-elf/lib/mno-hw-mul\libc.a(lib_a-impure.o)
                                        0x5b5 (size before relaxing)
 .debug_str     0x0000000000001733       0x3f c:/intelfpga_lite/18.1/nios2eds/bin/gnu/h-x86_64-mingw32/bin/../lib/gcc/nios2-elf/5.3.0/../../../../../H-x86_64-mingw32/nios2-elf/lib/mno-hw-mul\libc.a(lib_a-int_errno.o)
                                        0x1dd (size before relaxing)
 .debug_str     0x0000000000001772       0xda c:/intelfpga_lite/18.1/nios2eds/bin/gnu/h-x86_64-mingw32/bin/../lib/gcc/nios2-elf/5.3.0/../../../../../H-x86_64-mingw32/nios2-elf/lib/mno-hw-mul\libc.a(lib_a-memcmp.o)
                                        0x1e4 (size before relaxing)
 .debug_str     0x000000000000184c       0x6b c:/intelfpga_lite/18.1/nios2eds/bin/gnu/h-x86_64-mingw32/bin/../lib/gcc/nios2-elf/5.3.0/../../../../../H-x86_64-mingw32/nios2-elf/lib/mno-hw-mul\libc.a(lib_a-memcpy.o)
                                        0x20b (size before relaxing)
 .debug_str     0x00000000000018b7       0x51 c:/intelfpga_lite/18.1/nios2eds/bin/gnu/h-x86_64-mingw32/bin/../lib/gcc/nios2-elf/5.3.0/../../../../../H-x86_64-mingw32/nios2-elf/lib/mno-hw-mul\libc.a(lib_a-strlen.o)
                                        0x1f7 (size before relaxing)
 .debug_str     0x0000000000001908       0x3f c:/intelfpga_lite/18.1/nios2eds/bin/gnu/h-x86_64-mingw32/bin/../lib/gcc/nios2-elf/5.3.0/../../../../../H-x86_64-mingw32/nios2-elf/lib/mno-hw-mul\libc.a(lib_a-__atexit.o)
                                        0x5f6 (size before relaxing)
 .debug_str     0x0000000000001947       0x65 c:/intelfpga_lite/18.1/nios2eds/bin/gnu/h-x86_64-mingw32/bin/../lib/gcc/nios2-elf/5.3.0/../../../../../H-x86_64-mingw32/nios2-elf/lib/mno-hw-mul\libc.a(lib_a-__call_atexit.o)
                                        0x5e2 (size before relaxing)
 .debug_str     0x00000000000019ac      0x148 c:/intelfpga_lite/18.1/nios2eds/bin/gnu/h-x86_64-mingw32/bin/../lib/gcc/nios2-elf/5.3.0/mno-hw-mul\libgcc.a(lib2-mul.o)
                                        0x193 (size before relaxing)
 .debug_str     0x0000000000001af4       0x2a ../lab2_bsp/\libhal_bsp.a(alt_exit.o)
                                        0x15c (size before relaxing)

.debug_loc      0x0000000000000000      0x803
 *(.debug_loc)
 .debug_loc     0x0000000000000000       0x2c c:/intelfpga_lite/18.1/nios2eds/bin/gnu/h-x86_64-mingw32/bin/../lib/gcc/nios2-elf/5.3.0/../../../../../H-x86_64-mingw32/nios2-elf/lib/mno-hw-mul\libc.a(lib_a-atexit.o)
 .debug_loc     0x000000000000002c       0x1e c:/intelfpga_lite/18.1/nios2eds/bin/gnu/h-x86_64-mingw32/bin/../lib/gcc/nios2-elf/5.3.0/../../../../../H-x86_64-mingw32/nios2-elf/lib/mno-hw-mul\libc.a(lib_a-exit.o)
 .debug_loc     0x000000000000004a      0x126 c:/intelfpga_lite/18.1/nios2eds/bin/gnu/h-x86_64-mingw32/bin/../lib/gcc/nios2-elf/5.3.0/../../../../../H-x86_64-mingw32/nios2-elf/lib/mno-hw-mul\libc.a(lib_a-memcmp.o)
 .debug_loc     0x0000000000000170      0x266 c:/intelfpga_lite/18.1/nios2eds/bin/gnu/h-x86_64-mingw32/bin/../lib/gcc/nios2-elf/5.3.0/../../../../../H-x86_64-mingw32/nios2-elf/lib/mno-hw-mul\libc.a(lib_a-memcpy.o)
 .debug_loc     0x00000000000003d6       0x47 c:/intelfpga_lite/18.1/nios2eds/bin/gnu/h-x86_64-mingw32/bin/../lib/gcc/nios2-elf/5.3.0/../../../../../H-x86_64-mingw32/nios2-elf/lib/mno-hw-mul\libc.a(lib_a-strlen.o)
 .debug_loc     0x000000000000041d      0x185 c:/intelfpga_lite/18.1/nios2eds/bin/gnu/h-x86_64-mingw32/bin/../lib/gcc/nios2-elf/5.3.0/../../../../../H-x86_64-mingw32/nios2-elf/lib/mno-hw-mul\libc.a(lib_a-__atexit.o)
 .debug_loc     0x00000000000005a2      0x1ce c:/intelfpga_lite/18.1/nios2eds/bin/gnu/h-x86_64-mingw32/bin/../lib/gcc/nios2-elf/5.3.0/../../../../../H-x86_64-mingw32/nios2-elf/lib/mno-hw-mul\libc.a(lib_a-__call_atexit.o)
 .debug_loc     0x0000000000000770       0x93 c:/intelfpga_lite/18.1/nios2eds/bin/gnu/h-x86_64-mingw32/bin/../lib/gcc/nios2-elf/5.3.0/mno-hw-mul\libgcc.a(lib2-mul.o)

.debug_macinfo
 *(.debug_macinfo)

.debug_weaknames
 *(.debug_weaknames)

.debug_funcnames
 *(.debug_funcnames)

.debug_typenames
 *(.debug_typenames)

.debug_varnames
 *(.debug_varnames)

.debug_alt_sim_info
                0x0000000000000000       0x10
 *(.debug_alt_sim_info)
 .debug_alt_sim_info
                0x0000000000000000       0x10 ../lab2_bsp//obj/HAL/src/crt0.o
                0x0000000000010000                __alt_data_end = 0x10000
                0x0000000000010000                PROVIDE (__alt_stack_pointer, __alt_data_end)
                [!provide]                        PROVIDE (__alt_stack_limit, __alt_stack_base)
                [!provide]                        PROVIDE (__alt_heap_start, end)
                [!provide]                        PROVIDE (__alt_heap_limit, 0x10000)
OUTPUT(lab2.elf elf32-littlenios2)

.debug_ranges   0x0000000000000000      0x178
 .debug_ranges  0x0000000000000000       0x20 ../lab2_bsp//obj/HAL/src/crt0.o
 .debug_ranges  0x0000000000000020       0x30 ../lab2_bsp/\libhal_bsp.a(altera_avalon_jtag_uart_init.o)
 .debug_ranges  0x0000000000000050       0x18 ../lab2_bsp/\libhal_bsp.a(altera_avalon_jtag_uart_read.o)
 .debug_ranges  0x0000000000000068       0x28 ../lab2_bsp/\libhal_bsp.a(alt_irq_entry.o)
 .debug_ranges  0x0000000000000090       0x10 ../lab2_bsp/\libhal_bsp.a(alt_irq_handler.o)
 .debug_ranges  0x00000000000000a0       0x30 ../lab2_bsp/\libhal_bsp.a(alt_exception_entry.o)
 .debug_ranges  0x00000000000000d0       0x18 ../lab2_bsp/\libhal_bsp.a(alt_instruction_exception_entry.o)
 .debug_ranges  0x00000000000000e8       0x10 c:/intelfpga_lite/18.1/nios2eds/bin/gnu/h-x86_64-mingw32/bin/../lib/gcc/nios2-elf/5.3.0/../../../../../H-x86_64-mingw32/nios2-elf/lib/mno-hw-mul\libc.a(lib_a-atexit.o)
 .debug_ranges  0x00000000000000f8       0x10 c:/intelfpga_lite/18.1/nios2eds/bin/gnu/h-x86_64-mingw32/bin/../lib/gcc/nios2-elf/5.3.0/../../../../../H-x86_64-mingw32/nios2-elf/lib/mno-hw-mul\libc.a(lib_a-exit.o)
 .debug_ranges  0x0000000000000108       0x10 c:/intelfpga_lite/18.1/nios2eds/bin/gnu/h-x86_64-mingw32/bin/../lib/gcc/nios2-elf/5.3.0/../../../../../H-x86_64-mingw32/nios2-elf/lib/mno-hw-mul\libc.a(lib_a-memcmp.o)
 .debug_ranges  0x0000000000000118       0x10 c:/intelfpga_lite/18.1/nios2eds/bin/gnu/h-x86_64-mingw32/bin/../lib/gcc/nios2-elf/5.3.0/../../../../../H-x86_64-mingw32/nios2-elf/lib/mno-hw-mul\libc.a(lib_a-memcpy.o)
 .debug_ranges  0x0000000000000128       0x10 c:/intelfpga_lite/18.1/nios2eds/bin/gnu/h-x86_64-mingw32/bin/../lib/gcc/nios2-elf/5.3.0/../../../../../H-x86_64-mingw32/nios2-elf/lib/mno-hw-mul\libc.a(lib_a-strlen.o)
 .debug_ranges  0x0000000000000138       0x10 c:/intelfpga_lite/18.1/nios2eds/bin/gnu/h-x86_64-mingw32/bin/../lib/gcc/nios2-elf/5.3.0/../../../../../H-x86_64-mingw32/nios2-elf/lib/mno-hw-mul\libc.a(lib_a-__atexit.o)
 .debug_ranges  0x0000000000000148       0x30 c:/intelfpga_lite/18.1/nios2eds/bin/gnu/h-x86_64-mingw32/bin/../lib/gcc/nios2-elf/5.3.0/../../../../../H-x86_64-mingw32/nios2-elf/lib/mno-hw-mul\libc.a(lib_a-__call_atexit.o)
