Archive member included to satisfy reference by file (symbol)

../lab3_bsp/\libhal_bsp.a(alt_iic.o)
                              obj/default/part2.o (alt_ic_isr_register)
../lab3_bsp/\libhal_bsp.a(alt_iic_isr_register.o)
                              ../lab3_bsp/\libhal_bsp.a(alt_iic.o) (alt_iic_isr_register)
../lab3_bsp/\libhal_bsp.a(alt_irq_entry.o)
                              ../lab3_bsp/\libhal_bsp.a(alt_iic_isr_register.o) (alt_irq_entry)
../lab3_bsp/\libhal_bsp.a(alt_irq_handler.o)
                              ../lab3_bsp/\libhal_bsp.a(alt_iic_isr_register.o) (alt_irq)
../lab3_bsp/\libhal_bsp.a(alt_irq_vars.o)
                              ../lab3_bsp/\libhal_bsp.a(alt_iic.o) (alt_irq_active)
../lab3_bsp/\libhal_bsp.a(alt_load.o)
                              ../lab3_bsp//obj/HAL/src/crt0.o (alt_load)
../lab3_bsp/\libhal_bsp.a(alt_main.o)
                              ../lab3_bsp//obj/HAL/src/crt0.o (alt_main)
../lab3_bsp/\libhal_bsp.a(alt_sys_init.o)
                              ../lab3_bsp/\libhal_bsp.a(alt_main.o) (alt_irq_init)
../lab3_bsp/\libhal_bsp.a(altera_avalon_jtag_uart_fd.o)
                              ../lab3_bsp/\libhal_bsp.a(alt_sys_init.o) (altera_avalon_jtag_uart_read_fd)
../lab3_bsp/\libhal_bsp.a(altera_avalon_jtag_uart_init.o)
                              ../lab3_bsp/\libhal_bsp.a(alt_sys_init.o) (altera_avalon_jtag_uart_init)
../lab3_bsp/\libhal_bsp.a(altera_avalon_jtag_uart_ioctl.o)
                              ../lab3_bsp/\libhal_bsp.a(altera_avalon_jtag_uart_fd.o) (altera_avalon_jtag_uart_ioctl)
../lab3_bsp/\libhal_bsp.a(altera_avalon_jtag_uart_read.o)
                              ../lab3_bsp/\libhal_bsp.a(altera_avalon_jtag_uart_fd.o) (altera_avalon_jtag_uart_read)
../lab3_bsp/\libhal_bsp.a(altera_avalon_jtag_uart_write.o)
                              ../lab3_bsp/\libhal_bsp.a(altera_avalon_jtag_uart_fd.o) (altera_avalon_jtag_uart_write)
../lab3_bsp/\libhal_bsp.a(altera_avalon_timer_sc.o)
                              ../lab3_bsp/\libhal_bsp.a(alt_sys_init.o) (alt_avalon_timer_sc_init)
../lab3_bsp/\libhal_bsp.a(alt_alarm_start.o)
                              ../lab3_bsp/\libhal_bsp.a(altera_avalon_jtag_uart_init.o) (alt_alarm_start)
../lab3_bsp/\libhal_bsp.a(alt_close.o)
                              ../lab3_bsp/\libhal_bsp.a(alt_main.o) (close)
../lab3_bsp/\libhal_bsp.a(alt_dcache_flush_all.o)
                              ../lab3_bsp/\libhal_bsp.a(alt_load.o) (alt_dcache_flush_all)
../lab3_bsp/\libhal_bsp.a(alt_dev.o)
                              ../lab3_bsp/\libhal_bsp.a(alt_sys_init.o) (alt_dev_list)
../lab3_bsp/\libhal_bsp.a(alt_dev_llist_insert.o)
                              ../lab3_bsp/\libhal_bsp.a(alt_sys_init.o) (alt_dev_llist_insert)
../lab3_bsp/\libhal_bsp.a(alt_do_ctors.o)
                              ../lab3_bsp/\libhal_bsp.a(alt_main.o) (_do_ctors)
../lab3_bsp/\libhal_bsp.a(alt_do_dtors.o)
                              ../lab3_bsp/\libhal_bsp.a(alt_main.o) (_do_dtors)
../lab3_bsp/\libhal_bsp.a(alt_errno.o)
                              ../lab3_bsp/\libhal_bsp.a(alt_close.o) (alt_errno)
../lab3_bsp/\libhal_bsp.a(alt_exception_entry.o)
                              ../lab3_bsp/\libhal_bsp.a(alt_irq_entry.o) (alt_exception)
../lab3_bsp/\libhal_bsp.a(alt_icache_flush_all.o)
                              ../lab3_bsp/\libhal_bsp.a(alt_load.o) (alt_icache_flush_all)
../lab3_bsp/\libhal_bsp.a(alt_instruction_exception_entry.o)
                              ../lab3_bsp/\libhal_bsp.a(alt_exception_entry.o) (alt_instruction_exception_entry)
../lab3_bsp/\libhal_bsp.a(alt_io_redirect.o)
                              ../lab3_bsp/\libhal_bsp.a(alt_main.o) (alt_io_redirect)
../lab3_bsp/\libhal_bsp.a(alt_open.o)
                              ../lab3_bsp/\libhal_bsp.a(alt_io_redirect.o) (open)
../lab3_bsp/\libhal_bsp.a(alt_release_fd.o)
                              ../lab3_bsp/\libhal_bsp.a(alt_close.o) (alt_release_fd)
../lab3_bsp/\libhal_bsp.a(alt_tick.o)
                              ../lab3_bsp/\libhal_bsp.a(altera_avalon_jtag_uart_init.o) (_alt_tick_rate)
../lab3_bsp/\libhal_bsp.a(altera_nios2_gen2_irq.o)
                              ../lab3_bsp/\libhal_bsp.a(alt_sys_init.o) (altera_nios2_gen2_irq_init)
../lab3_bsp/\libhal_bsp.a(alt_find_dev.o)
                              ../lab3_bsp/\libhal_bsp.a(alt_open.o) (alt_find_dev)
../lab3_bsp/\libhal_bsp.a(alt_find_file.o)
                              ../lab3_bsp/\libhal_bsp.a(alt_open.o) (alt_find_file)
../lab3_bsp/\libhal_bsp.a(alt_get_fd.o)
                              ../lab3_bsp/\libhal_bsp.a(alt_open.o) (alt_get_fd)
c:/intelfpga_lite/18.1/nios2eds/bin/gnu/h-x86_64-mingw32/bin/../lib/gcc/nios2-elf/5.3.0/../../../../../H-x86_64-mingw32/nios2-elf/lib/mno-hw-mul\libc.a(lib_a-atexit.o)
                              ../lab3_bsp/\libhal_bsp.a(alt_main.o) (atexit)
c:/intelfpga_lite/18.1/nios2eds/bin/gnu/h-x86_64-mingw32/bin/../lib/gcc/nios2-elf/5.3.0/../../../../../H-x86_64-mingw32/nios2-elf/lib/mno-hw-mul\libc.a(lib_a-exit.o)
                              ../lab3_bsp/\libhal_bsp.a(alt_main.o) (exit)
c:/intelfpga_lite/18.1/nios2eds/bin/gnu/h-x86_64-mingw32/bin/../lib/gcc/nios2-elf/5.3.0/../../../../../H-x86_64-mingw32/nios2-elf/lib/mno-hw-mul\libc.a(lib_a-impure.o)
                              c:/intelfpga_lite/18.1/nios2eds/bin/gnu/h-x86_64-mingw32/bin/../lib/gcc/nios2-elf/5.3.0/../../../../../H-x86_64-mingw32/nios2-elf/lib/mno-hw-mul\libc.a(lib_a-exit.o) (_global_impure_ptr)
c:/intelfpga_lite/18.1/nios2eds/bin/gnu/h-x86_64-mingw32/bin/../lib/gcc/nios2-elf/5.3.0/../../../../../H-x86_64-mingw32/nios2-elf/lib/mno-hw-mul\libc.a(lib_a-int_errno.o)
                              ../lab3_bsp/\libhal_bsp.a(alt_close.o) (errno)
c:/intelfpga_lite/18.1/nios2eds/bin/gnu/h-x86_64-mingw32/bin/../lib/gcc/nios2-elf/5.3.0/../../../../../H-x86_64-mingw32/nios2-elf/lib/mno-hw-mul\libc.a(lib_a-memcmp.o)
                              ../lab3_bsp/\libhal_bsp.a(alt_find_dev.o) (memcmp)
c:/intelfpga_lite/18.1/nios2eds/bin/gnu/h-x86_64-mingw32/bin/../lib/gcc/nios2-elf/5.3.0/../../../../../H-x86_64-mingw32/nios2-elf/lib/mno-hw-mul\libc.a(lib_a-memcpy.o)
                              ../lab3_bsp/\libhal_bsp.a(altera_avalon_jtag_uart_read.o) (memcpy)
c:/intelfpga_lite/18.1/nios2eds/bin/gnu/h-x86_64-mingw32/bin/../lib/gcc/nios2-elf/5.3.0/../../../../../H-x86_64-mingw32/nios2-elf/lib/mno-hw-mul\libc.a(lib_a-strlen.o)
                              ../lab3_bsp/\libhal_bsp.a(alt_find_dev.o) (strlen)
c:/intelfpga_lite/18.1/nios2eds/bin/gnu/h-x86_64-mingw32/bin/../lib/gcc/nios2-elf/5.3.0/../../../../../H-x86_64-mingw32/nios2-elf/lib/mno-hw-mul\libc.a(lib_a-__atexit.o)
                              c:/intelfpga_lite/18.1/nios2eds/bin/gnu/h-x86_64-mingw32/bin/../lib/gcc/nios2-elf/5.3.0/../../../../../H-x86_64-mingw32/nios2-elf/lib/mno-hw-mul\libc.a(lib_a-atexit.o) (__register_exitproc)
c:/intelfpga_lite/18.1/nios2eds/bin/gnu/h-x86_64-mingw32/bin/../lib/gcc/nios2-elf/5.3.0/../../../../../H-x86_64-mingw32/nios2-elf/lib/mno-hw-mul\libc.a(lib_a-__call_atexit.o)
                              c:/intelfpga_lite/18.1/nios2eds/bin/gnu/h-x86_64-mingw32/bin/../lib/gcc/nios2-elf/5.3.0/../../../../../H-x86_64-mingw32/nios2-elf/lib/mno-hw-mul\libc.a(lib_a-exit.o) (__call_exitprocs)
c:/intelfpga_lite/18.1/nios2eds/bin/gnu/h-x86_64-mingw32/bin/../lib/gcc/nios2-elf/5.3.0/mno-hw-mul\libgcc.a(lib2-mul.o)
                              ../lab3_bsp/\libhal_bsp.a(alt_close.o) (__mulsi3)
../lab3_bsp/\libhal_bsp.a(alt_exit.o)
                              c:/intelfpga_lite/18.1/nios2eds/bin/gnu/h-x86_64-mingw32/bin/../lib/gcc/nios2-elf/5.3.0/../../../../../H-x86_64-mingw32/nios2-elf/lib/mno-hw-mul\libc.a(lib_a-exit.o) (_exit)

Allocating common symbols
Common symbol       size              file

alt_irq             0x100             ../lab3_bsp/\libhal_bsp.a(alt_irq_handler.o)
errno               0x4               c:/intelfpga_lite/18.1/nios2eds/bin/gnu/h-x86_64-mingw32/bin/../lib/gcc/nios2-elf/5.3.0/../../../../../H-x86_64-mingw32/nios2-elf/lib/mno-hw-mul\libc.a(lib_a-int_errno.o)
button              0x1               obj/default/part2.o
sw0                 0x1               obj/default/part2.o

Memory Configuration

Name             Origin             Length             Attributes
reset            0x0000000000008000 0x0000000000000020
onchip_memory2_0 0x0000000000008020 0x0000000000007fe0
*default*        0x0000000000000000 0xffffffffffffffff

Linker script and memory map

LOAD ../lab3_bsp//obj/HAL/src/crt0.o
LOAD obj/default/part2.o
LOAD c:/intelfpga_lite/18.1/nios2eds/bin/gnu/h-x86_64-mingw32/bin/../lib/gcc/nios2-elf/5.3.0/../../../../../H-x86_64-mingw32/nios2-elf/lib/mno-hw-mul\libstdc++.a
LOAD c:/intelfpga_lite/18.1/nios2eds/bin/gnu/h-x86_64-mingw32/bin/../lib/gcc/nios2-elf/5.3.0/../../../../../H-x86_64-mingw32/nios2-elf/lib/mno-hw-mul\libm.a
LOAD c:/intelfpga_lite/18.1/nios2eds/bin/gnu/h-x86_64-mingw32/bin/../lib/gcc/nios2-elf/5.3.0/mno-hw-mul\libgcc.a
START GROUP
LOAD c:/intelfpga_lite/18.1/nios2eds/bin/gnu/h-x86_64-mingw32/bin/../lib/gcc/nios2-elf/5.3.0/../../../../../H-x86_64-mingw32/nios2-elf/lib/mno-hw-mul\libc.a
LOAD c:/intelfpga_lite/18.1/nios2eds/bin/gnu/h-x86_64-mingw32/bin/../lib/gcc/nios2-elf/5.3.0/mno-hw-mul\libgcc.a
LOAD ../lab3_bsp/\libhal_bsp.a
LOAD c:/intelfpga_lite/18.1/nios2eds/bin/gnu/h-x86_64-mingw32/bin/../lib/gcc/nios2-elf/5.3.0/../../../../../H-x86_64-mingw32/nios2-elf/lib/mno-hw-mul\libm.a
END GROUP
LOAD c:/intelfpga_lite/18.1/nios2eds/bin/gnu/h-x86_64-mingw32/bin/../lib/gcc/nios2-elf/5.3.0/mno-hw-mul\libgcc.a
                0x0000000000008000                __alt_mem_onchip_memory2_0 = 0x8000

.entry          0x0000000000008000       0x20
 *(.entry)
 .entry         0x0000000000008000       0x20 ../lab3_bsp//obj/HAL/src/crt0.o
                0x0000000000008000                __reset

.exceptions     0x0000000000008020      0x210
                0x0000000000008020                PROVIDE (__ram_exceptions_start, ABSOLUTE (.))
                0x0000000000008020                . = ALIGN (0x20)
 *(.irq)
 *(.exceptions.entry.label)
 .exceptions.entry.label
                0x0000000000008020        0x0 ../lab3_bsp/\libhal_bsp.a(alt_irq_entry.o)
                0x0000000000008020                alt_irq_entry
 .exceptions.entry.label
                0x0000000000008020        0x0 ../lab3_bsp/\libhal_bsp.a(alt_exception_entry.o)
                0x0000000000008020                alt_exception
 *(.exceptions.entry.user)
 *(.exceptions.entry.ecc_fatal)
 *(.exceptions.entry)
 .exceptions.entry
                0x0000000000008020       0x54 ../lab3_bsp/\libhal_bsp.a(alt_exception_entry.o)
 *(.exceptions.irqtest.user)
 *(.exceptions.irqtest)
 .exceptions.irqtest
                0x0000000000008074       0x10 ../lab3_bsp/\libhal_bsp.a(alt_irq_entry.o)
 *(.exceptions.irqhandler.user)
 *(.exceptions.irqhandler)
 .exceptions.irqhandler
                0x0000000000008084        0x4 ../lab3_bsp/\libhal_bsp.a(alt_irq_entry.o)
 *(.exceptions.irqreturn.user)
 *(.exceptions.irqreturn)
 .exceptions.irqreturn
                0x0000000000008088        0x4 ../lab3_bsp/\libhal_bsp.a(alt_irq_entry.o)
 *(.exceptions.notirq.label)
 .exceptions.notirq.label
                0x000000000000808c        0x0 ../lab3_bsp/\libhal_bsp.a(alt_irq_entry.o)
 *(.exceptions.notirq.user)
 *(.exceptions.notirq)
 .exceptions.notirq
                0x000000000000808c        0x8 ../lab3_bsp/\libhal_bsp.a(alt_exception_entry.o)
 *(.exceptions.soft.user)
 *(.exceptions.soft)
 *(.exceptions.unknown.user)
 *(.exceptions.unknown)
 .exceptions.unknown
                0x0000000000008094       0x14 ../lab3_bsp/\libhal_bsp.a(alt_exception_entry.o)
 *(.exceptions.exit.label)
 .exceptions.exit.label
                0x00000000000080a8        0x0 ../lab3_bsp/\libhal_bsp.a(alt_irq_entry.o)
 .exceptions.exit.label
                0x00000000000080a8        0x0 ../lab3_bsp/\libhal_bsp.a(alt_exception_entry.o)
 *(.exceptions.exit.user)
 *(.exceptions.exit)
 .exceptions.exit
                0x00000000000080a8       0x54 ../lab3_bsp/\libhal_bsp.a(alt_exception_entry.o)
 *(.exceptions)
 .exceptions    0x00000000000080fc       0xd4 ../lab3_bsp/\libhal_bsp.a(alt_irq_handler.o)
                0x00000000000080fc                alt_irq_handler
 .exceptions    0x00000000000081d0       0x60 ../lab3_bsp/\libhal_bsp.a(alt_instruction_exception_entry.o)
                0x00000000000081d0                alt_instruction_exception_entry
                0x0000000000008230                PROVIDE (__ram_exceptions_end, ABSOLUTE (.))
                0x0000000000008020                PROVIDE (__flash_exceptions_start, LOADADDR (.exceptions))

.text           0x0000000000008230     0x2598
                [!provide]                        PROVIDE (stext, ABSOLUTE (.))
 *(.interp)
 *(.hash)
 *(.dynsym)
 *(.dynstr)
 *(.gnu.version)
 *(.gnu.version_d)
 *(.gnu.version_r)
 *(.rel.init)
 *(.rela.init)
 *(.rel.text .rel.text.* .rel.gnu.linkonce.t.*)
 *(.rela.text .rela.text.* .rela.gnu.linkonce.t.*)
 *(.rel.fini)
 *(.rela.fini)
 *(.rel.rodata .rel.rodata.* .rel.gnu.linkonce.r.*)
 *(.rela.rodata .rela.rodata.* .rela.gnu.linkonce.r.*)
 *(.rel.data .rel.data.* .rel.gnu.linkonce.d.*)
 *(.rela.data .rela.data.* .rela.gnu.linkonce.d.*)
 *(.rel.tdata .rel.tdata.* .rel.gnu.linkonce.td.*)
 *(.rela.tdata .rela.tdata.* .rela.gnu.linkonce.td.*)
 *(.rel.tbss .rel.tbss.* .rel.gnu.linkonce.tb.*)
 *(.rela.tbss .rela.tbss.* .rela.gnu.linkonce.tb.*)
 *(.rel.ctors)
 *(.rela.ctors)
 *(.rel.dtors)
 *(.rela.dtors)
 *(.rel.got)
 *(.rela.got)
 *(.rel.sdata .rel.sdata.* .rel.gnu.linkonce.s.*)
 *(.rela.sdata .rela.sdata.* .rela.gnu.linkonce.s.*)
 *(.rel.sbss .rel.sbss.* .rel.gnu.linkonce.sb.*)
 *(.rela.sbss .rela.sbss.* .rela.gnu.linkonce.sb.*)
 *(.rel.sdata2 .rel.sdata2.* .rel.gnu.linkonce.s2.*)
 *(.rela.sdata2 .rela.sdata2.* .rela.gnu.linkonce.s2.*)
 *(.rel.sbss2 .rel.sbss2.* .rel.gnu.linkonce.sb2.*)
 *(.rela.sbss2 .rela.sbss2.* .rela.gnu.linkonce.sb2.*)
 *(.rel.bss .rel.bss.* .rel.gnu.linkonce.b.*)
 *(.rela.bss .rela.bss.* .rela.gnu.linkonce.b.*)
 *(.rel.plt)
 *(.rela.plt)
 *(.rel.dyn)
 *(.init)
 *(.plt)
 *(.text .stub .text.* .gnu.linkonce.t.*)
 .text          0x0000000000008230       0x3c ../lab3_bsp//obj/HAL/src/crt0.o
                0x0000000000008230                _start
 .text          0x000000000000826c      0x218 obj/default/part2.o
                0x000000000000826c                pushbtn_isr
                0x00000000000083ac                timer_isr
                0x0000000000008408                main
 .text          0x0000000000008484      0x1b0 ../lab3_bsp/\libhal_bsp.a(alt_iic.o)
                0x0000000000008484                alt_ic_isr_register
                0x00000000000084d4                alt_ic_irq_enable
                0x000000000000855c                alt_ic_irq_disable
                0x00000000000085e8                alt_ic_irq_enabled
 .text          0x0000000000008634       0xf0 ../lab3_bsp/\libhal_bsp.a(alt_iic_isr_register.o)
                0x0000000000008634                alt_iic_isr_register
 .text          0x0000000000008724        0x0 ../lab3_bsp/\libhal_bsp.a(alt_irq_entry.o)
 .text          0x0000000000008724        0x0 ../lab3_bsp/\libhal_bsp.a(alt_irq_handler.o)
 .text          0x0000000000008724        0x0 ../lab3_bsp/\libhal_bsp.a(alt_irq_vars.o)
 .text          0x0000000000008724       0xec ../lab3_bsp/\libhal_bsp.a(alt_load.o)
                0x000000000000878c                alt_load
 .text          0x0000000000008810       0x7c ../lab3_bsp/\libhal_bsp.a(alt_main.o)
                0x0000000000008810                alt_main
 .text          0x000000000000888c       0xd0 ../lab3_bsp/\libhal_bsp.a(alt_sys_init.o)
                0x00000000000088c0                alt_irq_init
                0x00000000000088f8                alt_sys_init
 .text          0x000000000000895c      0x164 ../lab3_bsp/\libhal_bsp.a(altera_avalon_jtag_uart_fd.o)
                0x000000000000895c                altera_avalon_jtag_uart_read_fd
                0x00000000000089bc                altera_avalon_jtag_uart_write_fd
                0x0000000000008a1c                altera_avalon_jtag_uart_close_fd
                0x0000000000008a6c                altera_avalon_jtag_uart_ioctl_fd
 .text          0x0000000000008ac0      0x3d4 ../lab3_bsp/\libhal_bsp.a(altera_avalon_jtag_uart_init.o)
                0x0000000000008ac0                altera_avalon_jtag_uart_init
                0x0000000000008e2c                altera_avalon_jtag_uart_close
 .text          0x0000000000008e94       0xf0 ../lab3_bsp/\libhal_bsp.a(altera_avalon_jtag_uart_ioctl.o)
                0x0000000000008e94                altera_avalon_jtag_uart_ioctl
 .text          0x0000000000008f84      0x21c ../lab3_bsp/\libhal_bsp.a(altera_avalon_jtag_uart_read.o)
                0x0000000000008f84                altera_avalon_jtag_uart_read
 .text          0x00000000000091a0      0x224 ../lab3_bsp/\libhal_bsp.a(altera_avalon_jtag_uart_write.o)
                0x00000000000091a0                altera_avalon_jtag_uart_write
 .text          0x00000000000093c4       0xf4 ../lab3_bsp/\libhal_bsp.a(altera_avalon_timer_sc.o)
                0x000000000000943c                alt_avalon_timer_sc_init
 .text          0x00000000000094b8      0x12c ../lab3_bsp/\libhal_bsp.a(alt_alarm_start.o)
                0x00000000000094b8                alt_alarm_start
 .text          0x00000000000095e4      0x114 ../lab3_bsp/\libhal_bsp.a(alt_close.o)
                0x0000000000009620                close
 .text          0x00000000000096f8       0x20 ../lab3_bsp/\libhal_bsp.a(alt_dcache_flush_all.o)
                0x00000000000096f8                alt_dcache_flush_all
 .text          0x0000000000009718       0x2c ../lab3_bsp/\libhal_bsp.a(alt_dev.o)
 .text          0x0000000000009744       0xe0 ../lab3_bsp/\libhal_bsp.a(alt_dev_llist_insert.o)
                0x0000000000009780                alt_dev_llist_insert
 .text          0x0000000000009824       0x60 ../lab3_bsp/\libhal_bsp.a(alt_do_ctors.o)
                0x0000000000009824                _do_ctors
 .text          0x0000000000009884       0x60 ../lab3_bsp/\libhal_bsp.a(alt_do_dtors.o)
                0x0000000000009884                _do_dtors
 .text          0x00000000000098e4        0x0 ../lab3_bsp/\libhal_bsp.a(alt_errno.o)
 .text          0x00000000000098e4        0x0 ../lab3_bsp/\libhal_bsp.a(alt_exception_entry.o)
 .text          0x00000000000098e4       0x20 ../lab3_bsp/\libhal_bsp.a(alt_icache_flush_all.o)
                0x00000000000098e4                alt_icache_flush_all
 .text          0x0000000000009904       0x9c ../lab3_bsp/\libhal_bsp.a(alt_instruction_exception_entry.o)
                0x0000000000009904                alt_exception_cause_generated_bad_addr
 .text          0x00000000000099a0      0x160 ../lab3_bsp/\libhal_bsp.a(alt_io_redirect.o)
                0x0000000000009a84                alt_io_redirect
 .text          0x0000000000009b00      0x284 ../lab3_bsp/\libhal_bsp.a(alt_open.o)
                0x0000000000009c28                open
 .text          0x0000000000009d84       0x84 ../lab3_bsp/\libhal_bsp.a(alt_release_fd.o)
                0x0000000000009d84                alt_release_fd
 .text          0x0000000000009e08      0x1a4 ../lab3_bsp/\libhal_bsp.a(alt_tick.o)
                0x0000000000009e08                alt_alarm_stop
                0x0000000000009ea4                alt_tick
 .text          0x0000000000009fac       0x24 ../lab3_bsp/\libhal_bsp.a(altera_nios2_gen2_irq.o)
                0x0000000000009fac                altera_nios2_gen2_irq_init
 .text          0x0000000000009fd0       0x90 ../lab3_bsp/\libhal_bsp.a(alt_find_dev.o)
                0x0000000000009fd0                alt_find_dev
 .text          0x000000000000a060      0x108 ../lab3_bsp/\libhal_bsp.a(alt_find_file.o)
                0x000000000000a060                alt_find_file
 .text          0x000000000000a168       0xc4 ../lab3_bsp/\libhal_bsp.a(alt_get_fd.o)
                0x000000000000a168                alt_get_fd
 .text          0x000000000000a22c        0x0 c:/intelfpga_lite/18.1/nios2eds/bin/gnu/h-x86_64-mingw32/bin/../lib/gcc/nios2-elf/5.3.0/../../../../../H-x86_64-mingw32/nios2-elf/lib/mno-hw-mul\libc.a(lib_a-atexit.o)
 .text.atexit   0x000000000000a22c       0x14 c:/intelfpga_lite/18.1/nios2eds/bin/gnu/h-x86_64-mingw32/bin/../lib/gcc/nios2-elf/5.3.0/../../../../../H-x86_64-mingw32/nios2-elf/lib/mno-hw-mul\libc.a(lib_a-atexit.o)
                0x000000000000a22c                atexit
 .text          0x000000000000a240        0x0 c:/intelfpga_lite/18.1/nios2eds/bin/gnu/h-x86_64-mingw32/bin/../lib/gcc/nios2-elf/5.3.0/../../../../../H-x86_64-mingw32/nios2-elf/lib/mno-hw-mul\libc.a(lib_a-exit.o)
 .text.exit     0x000000000000a240       0x38 c:/intelfpga_lite/18.1/nios2eds/bin/gnu/h-x86_64-mingw32/bin/../lib/gcc/nios2-elf/5.3.0/../../../../../H-x86_64-mingw32/nios2-elf/lib/mno-hw-mul\libc.a(lib_a-exit.o)
                0x000000000000a240                exit
 .text          0x000000000000a278        0x0 c:/intelfpga_lite/18.1/nios2eds/bin/gnu/h-x86_64-mingw32/bin/../lib/gcc/nios2-elf/5.3.0/../../../../../H-x86_64-mingw32/nios2-elf/lib/mno-hw-mul\libc.a(lib_a-impure.o)
 .text          0x000000000000a278        0x0 c:/intelfpga_lite/18.1/nios2eds/bin/gnu/h-x86_64-mingw32/bin/../lib/gcc/nios2-elf/5.3.0/../../../../../H-x86_64-mingw32/nios2-elf/lib/mno-hw-mul\libc.a(lib_a-int_errno.o)
 .text          0x000000000000a278        0x0 c:/intelfpga_lite/18.1/nios2eds/bin/gnu/h-x86_64-mingw32/bin/../lib/gcc/nios2-elf/5.3.0/../../../../../H-x86_64-mingw32/nios2-elf/lib/mno-hw-mul\libc.a(lib_a-memcmp.o)
 .text.memcmp   0x000000000000a278       0x7c c:/intelfpga_lite/18.1/nios2eds/bin/gnu/h-x86_64-mingw32/bin/../lib/gcc/nios2-elf/5.3.0/../../../../../H-x86_64-mingw32/nios2-elf/lib/mno-hw-mul\libc.a(lib_a-memcmp.o)
                0x000000000000a278                memcmp
 .text          0x000000000000a2f4        0x0 c:/intelfpga_lite/18.1/nios2eds/bin/gnu/h-x86_64-mingw32/bin/../lib/gcc/nios2-elf/5.3.0/../../../../../H-x86_64-mingw32/nios2-elf/lib/mno-hw-mul\libc.a(lib_a-memcpy.o)
 .text.memcpy   0x000000000000a2f4      0x148 c:/intelfpga_lite/18.1/nios2eds/bin/gnu/h-x86_64-mingw32/bin/../lib/gcc/nios2-elf/5.3.0/../../../../../H-x86_64-mingw32/nios2-elf/lib/mno-hw-mul\libc.a(lib_a-memcpy.o)
                0x000000000000a2f4                memcpy
 .text          0x000000000000a43c        0x0 c:/intelfpga_lite/18.1/nios2eds/bin/gnu/h-x86_64-mingw32/bin/../lib/gcc/nios2-elf/5.3.0/../../../../../H-x86_64-mingw32/nios2-elf/lib/mno-hw-mul\libc.a(lib_a-strlen.o)
 .text.strlen   0x000000000000a43c       0x98 c:/intelfpga_lite/18.1/nios2eds/bin/gnu/h-x86_64-mingw32/bin/../lib/gcc/nios2-elf/5.3.0/../../../../../H-x86_64-mingw32/nios2-elf/lib/mno-hw-mul\libc.a(lib_a-strlen.o)
                0x000000000000a43c                strlen
 .text          0x000000000000a4d4        0x0 c:/intelfpga_lite/18.1/nios2eds/bin/gnu/h-x86_64-mingw32/bin/../lib/gcc/nios2-elf/5.3.0/../../../../../H-x86_64-mingw32/nios2-elf/lib/mno-hw-mul\libc.a(lib_a-__atexit.o)
 .text.__register_exitproc
                0x000000000000a4d4      0x118 c:/intelfpga_lite/18.1/nios2eds/bin/gnu/h-x86_64-mingw32/bin/../lib/gcc/nios2-elf/5.3.0/../../../../../H-x86_64-mingw32/nios2-elf/lib/mno-hw-mul\libc.a(lib_a-__atexit.o)
                0x000000000000a4d4                __register_exitproc
 .text          0x000000000000a5ec        0x0 c:/intelfpga_lite/18.1/nios2eds/bin/gnu/h-x86_64-mingw32/bin/../lib/gcc/nios2-elf/5.3.0/../../../../../H-x86_64-mingw32/nios2-elf/lib/mno-hw-mul\libc.a(lib_a-__call_atexit.o)
 .text.__call_exitprocs
                0x000000000000a5ec      0x180 c:/intelfpga_lite/18.1/nios2eds/bin/gnu/h-x86_64-mingw32/bin/../lib/gcc/nios2-elf/5.3.0/../../../../../H-x86_64-mingw32/nios2-elf/lib/mno-hw-mul\libc.a(lib_a-__call_atexit.o)
                0x000000000000a5ec                __call_exitprocs
 .text          0x000000000000a76c       0x28 c:/intelfpga_lite/18.1/nios2eds/bin/gnu/h-x86_64-mingw32/bin/../lib/gcc/nios2-elf/5.3.0/mno-hw-mul\libgcc.a(lib2-mul.o)
                0x000000000000a76c                __mulsi3
 .text          0x000000000000a794       0x34 ../lab3_bsp/\libhal_bsp.a(alt_exit.o)
                0x000000000000a794                _exit
 *(.gnu.warning.*)
 *(.fini)
                [!provide]                        PROVIDE (__etext, ABSOLUTE (.))
                [!provide]                        PROVIDE (_etext, ABSOLUTE (.))
                [!provide]                        PROVIDE (etext, ABSOLUTE (.))
 *(.eh_frame_hdr)
                0x000000000000a7c8                . = ALIGN (0x4)
                [!provide]                        PROVIDE (__preinit_array_start, ABSOLUTE (.))
 *(.preinit_array)
                [!provide]                        PROVIDE (__preinit_array_end, ABSOLUTE (.))
                [!provide]                        PROVIDE (__init_array_start, ABSOLUTE (.))
 *(.init_array)
                [!provide]                        PROVIDE (__init_array_end, ABSOLUTE (.))
                [!provide]                        PROVIDE (__fini_array_start, ABSOLUTE (.))
 *(.fini_array)
                [!provide]                        PROVIDE (__fini_array_end, ABSOLUTE (.))
 *(.eh_frame)
 *(.gcc_except_table .gcc_except_table.*)
 *(.dynamic)
                0x000000000000a7c8                PROVIDE (__CTOR_LIST__, ABSOLUTE (.))
 *(.ctors)
 *(SORT(.ctors.*))
                0x000000000000a7c8                PROVIDE (__CTOR_END__, ABSOLUTE (.))
                0x000000000000a7c8                PROVIDE (__DTOR_LIST__, ABSOLUTE (.))
 *(.dtors)
 *(SORT(.dtors.*))
                0x000000000000a7c8                PROVIDE (__DTOR_END__, ABSOLUTE (.))
 *(.jcr)
                0x000000000000a7c8                . = ALIGN (0x4)

.rodata         0x000000000000a7c8       0x38
                0x000000000000a7c8                PROVIDE (__ram_rodata_start, ABSOLUTE (.))
                0x000000000000a7c8                . = ALIGN (0x4)
 *(.rodata .rodata.* .gnu.linkonce.r.*)
 .rodata        0x000000000000a7c8       0x11 ../lab3_bsp/\libhal_bsp.a(alt_main.o)
 *fill*         0x000000000000a7d9        0x3 
 .rodata        0x000000000000a7dc       0x11 ../lab3_bsp/\libhal_bsp.a(alt_sys_init.o)
 *fill*         0x000000000000a7ed        0x3 
 .rodata        0x000000000000a7f0        0xa ../lab3_bsp/\libhal_bsp.a(alt_dev.o)
 *fill*         0x000000000000a7fa        0x2 
 .rodata.str1.4
                0x000000000000a7fc        0x4 c:/intelfpga_lite/18.1/nios2eds/bin/gnu/h-x86_64-mingw32/bin/../lib/gcc/nios2-elf/5.3.0/../../../../../H-x86_64-mingw32/nios2-elf/lib/mno-hw-mul\libc.a(lib_a-impure.o)
                                          0x2 (size before relaxing)
 *(.rodata1)
                0x000000000000a800                . = ALIGN (0x4)
                0x000000000000a800                PROVIDE (__ram_rodata_end, ABSOLUTE (.))
                0x000000000000a7c8                PROVIDE (__flash_rodata_start, LOADADDR (.rodata))

.rwdata         0x000000000000a800     0x167c load address 0x000000000000be7c
                0x000000000000a800                PROVIDE (__ram_rwdata_start, ABSOLUTE (.))
                0x000000000000a800                . = ALIGN (0x4)
 *(.got.plt)
 *(.got)
 *(.data1)
 *(.data .data.* .gnu.linkonce.d.*)
 .data          0x000000000000a800        0x0 ../lab3_bsp//obj/HAL/src/crt0.o
 .data          0x000000000000a800        0xa obj/default/part2.o
                0x000000000000a800                display
 .data          0x000000000000a80a        0x0 ../lab3_bsp/\libhal_bsp.a(alt_iic.o)
 .data          0x000000000000a80a        0x0 ../lab3_bsp/\libhal_bsp.a(alt_iic_isr_register.o)
 .data          0x000000000000a80a        0x0 ../lab3_bsp/\libhal_bsp.a(alt_irq_entry.o)
 .data          0x000000000000a80a        0x0 ../lab3_bsp/\libhal_bsp.a(alt_irq_handler.o)
 .data          0x000000000000a80a        0x0 ../lab3_bsp/\libhal_bsp.a(alt_irq_vars.o)
 .data          0x000000000000a80a        0x0 ../lab3_bsp/\libhal_bsp.a(alt_load.o)
 .data          0x000000000000a80a        0x0 ../lab3_bsp/\libhal_bsp.a(alt_main.o)
 *fill*         0x000000000000a80a        0x2 
 .data          0x000000000000a80c     0x1060 ../lab3_bsp/\libhal_bsp.a(alt_sys_init.o)
 .data          0x000000000000b86c        0x0 ../lab3_bsp/\libhal_bsp.a(altera_avalon_jtag_uart_fd.o)
 .data          0x000000000000b86c        0x0 ../lab3_bsp/\libhal_bsp.a(altera_avalon_jtag_uart_init.o)
 .data          0x000000000000b86c        0x0 ../lab3_bsp/\libhal_bsp.a(altera_avalon_jtag_uart_ioctl.o)
 .data          0x000000000000b86c        0x0 ../lab3_bsp/\libhal_bsp.a(altera_avalon_jtag_uart_read.o)
 .data          0x000000000000b86c        0x0 ../lab3_bsp/\libhal_bsp.a(altera_avalon_jtag_uart_write.o)
 .data          0x000000000000b86c        0x0 ../lab3_bsp/\libhal_bsp.a(altera_avalon_timer_sc.o)
 .data          0x000000000000b86c        0x0 ../lab3_bsp/\libhal_bsp.a(alt_alarm_start.o)
 .data          0x000000000000b86c        0x0 ../lab3_bsp/\libhal_bsp.a(alt_close.o)
 .data          0x000000000000b86c        0x0 ../lab3_bsp/\libhal_bsp.a(alt_dcache_flush_all.o)
 .data          0x000000000000b86c      0x1a8 ../lab3_bsp/\libhal_bsp.a(alt_dev.o)
                0x000000000000b86c                alt_dev_null
                0x000000000000b894                alt_fd_list
 .data          0x000000000000ba14        0x0 ../lab3_bsp/\libhal_bsp.a(alt_dev_llist_insert.o)
 .data          0x000000000000ba14        0x0 ../lab3_bsp/\libhal_bsp.a(alt_do_ctors.o)
 .data          0x000000000000ba14        0x0 ../lab3_bsp/\libhal_bsp.a(alt_do_dtors.o)
 .data          0x000000000000ba14        0x0 ../lab3_bsp/\libhal_bsp.a(alt_errno.o)
 .data          0x000000000000ba14        0x0 ../lab3_bsp/\libhal_bsp.a(alt_exception_entry.o)
 .data          0x000000000000ba14        0x0 ../lab3_bsp/\libhal_bsp.a(alt_icache_flush_all.o)
 .data          0x000000000000ba14        0x0 ../lab3_bsp/\libhal_bsp.a(alt_instruction_exception_entry.o)
 .data          0x000000000000ba14        0x0 ../lab3_bsp/\libhal_bsp.a(alt_io_redirect.o)
 .data          0x000000000000ba14        0x0 ../lab3_bsp/\libhal_bsp.a(alt_open.o)
 .data          0x000000000000ba14        0x0 ../lab3_bsp/\libhal_bsp.a(alt_release_fd.o)
 .data          0x000000000000ba14        0x0 ../lab3_bsp/\libhal_bsp.a(alt_tick.o)
 .data          0x000000000000ba14        0x0 ../lab3_bsp/\libhal_bsp.a(altera_nios2_gen2_irq.o)
 .data          0x000000000000ba14        0x0 ../lab3_bsp/\libhal_bsp.a(alt_find_dev.o)
 .data          0x000000000000ba14        0x0 ../lab3_bsp/\libhal_bsp.a(alt_find_file.o)
 .data          0x000000000000ba14        0x0 ../lab3_bsp/\libhal_bsp.a(alt_get_fd.o)
 .data          0x000000000000ba14        0x0 c:/intelfpga_lite/18.1/nios2eds/bin/gnu/h-x86_64-mingw32/bin/../lib/gcc/nios2-elf/5.3.0/../../../../../H-x86_64-mingw32/nios2-elf/lib/mno-hw-mul\libc.a(lib_a-atexit.o)
 .data          0x000000000000ba14        0x0 c:/intelfpga_lite/18.1/nios2eds/bin/gnu/h-x86_64-mingw32/bin/../lib/gcc/nios2-elf/5.3.0/../../../../../H-x86_64-mingw32/nios2-elf/lib/mno-hw-mul\libc.a(lib_a-exit.o)
 .data          0x000000000000ba14        0x0 c:/intelfpga_lite/18.1/nios2eds/bin/gnu/h-x86_64-mingw32/bin/../lib/gcc/nios2-elf/5.3.0/../../../../../H-x86_64-mingw32/nios2-elf/lib/mno-hw-mul\libc.a(lib_a-impure.o)
 .data.impure_data
                0x000000000000ba14      0x424 c:/intelfpga_lite/18.1/nios2eds/bin/gnu/h-x86_64-mingw32/bin/../lib/gcc/nios2-elf/5.3.0/../../../../../H-x86_64-mingw32/nios2-elf/lib/mno-hw-mul\libc.a(lib_a-impure.o)
 .data          0x000000000000be38        0x0 c:/intelfpga_lite/18.1/nios2eds/bin/gnu/h-x86_64-mingw32/bin/../lib/gcc/nios2-elf/5.3.0/../../../../../H-x86_64-mingw32/nios2-elf/lib/mno-hw-mul\libc.a(lib_a-int_errno.o)
 .data          0x000000000000be38        0x0 c:/intelfpga_lite/18.1/nios2eds/bin/gnu/h-x86_64-mingw32/bin/../lib/gcc/nios2-elf/5.3.0/../../../../../H-x86_64-mingw32/nios2-elf/lib/mno-hw-mul\libc.a(lib_a-memcmp.o)
 .data          0x000000000000be38        0x0 c:/intelfpga_lite/18.1/nios2eds/bin/gnu/h-x86_64-mingw32/bin/../lib/gcc/nios2-elf/5.3.0/../../../../../H-x86_64-mingw32/nios2-elf/lib/mno-hw-mul\libc.a(lib_a-memcpy.o)
 .data          0x000000000000be38        0x0 c:/intelfpga_lite/18.1/nios2eds/bin/gnu/h-x86_64-mingw32/bin/../lib/gcc/nios2-elf/5.3.0/../../../../../H-x86_64-mingw32/nios2-elf/lib/mno-hw-mul\libc.a(lib_a-strlen.o)
 .data          0x000000000000be38        0x0 c:/intelfpga_lite/18.1/nios2eds/bin/gnu/h-x86_64-mingw32/bin/../lib/gcc/nios2-elf/5.3.0/../../../../../H-x86_64-mingw32/nios2-elf/lib/mno-hw-mul\libc.a(lib_a-__atexit.o)
 .data          0x000000000000be38        0x0 c:/intelfpga_lite/18.1/nios2eds/bin/gnu/h-x86_64-mingw32/bin/../lib/gcc/nios2-elf/5.3.0/../../../../../H-x86_64-mingw32/nios2-elf/lib/mno-hw-mul\libc.a(lib_a-__call_atexit.o)
 .data          0x000000000000be38        0x0 c:/intelfpga_lite/18.1/nios2eds/bin/gnu/h-x86_64-mingw32/bin/../lib/gcc/nios2-elf/5.3.0/mno-hw-mul\libgcc.a(lib2-mul.o)
 .data          0x000000000000be38        0x0 ../lab3_bsp/\libhal_bsp.a(alt_exit.o)
                0x0000000000013e38                _gp = ABSOLUTE ((. + 0x8000))
                [!provide]                        PROVIDE (gp, _gp)
 *(.rwdata .rwdata.*)
 *(.sdata .sdata.* .gnu.linkonce.s.*)
 .sdata         0x000000000000be38       0x15 obj/default/part2.o
                0x000000000000be38                TimerPtr
                0x000000000000be3c                SwitchPtr
                0x000000000000be40                PushButtonPtr
                0x000000000000be44                hex0Ptr
                0x000000000000be48                LedPtr
                0x000000000000be4c                check
 *fill*         0x000000000000be4d        0x3 
 .sdata         0x000000000000be50        0x4 ../lab3_bsp/\libhal_bsp.a(alt_irq_vars.o)
                0x000000000000be50                alt_priority_mask
 .sdata         0x000000000000be54       0x14 ../lab3_bsp/\libhal_bsp.a(alt_dev.o)
                0x000000000000be54                alt_fs_list
                0x000000000000be5c                alt_dev_list
                0x000000000000be64                alt_max_fd
 .sdata         0x000000000000be68        0x4 ../lab3_bsp/\libhal_bsp.a(alt_errno.o)
                0x000000000000be68                alt_errno
 .sdata         0x000000000000be6c        0x8 ../lab3_bsp/\libhal_bsp.a(alt_tick.o)
                0x000000000000be6c                alt_alarm_list
 .sdata._global_impure_ptr
                0x000000000000be74        0x4 c:/intelfpga_lite/18.1/nios2eds/bin/gnu/h-x86_64-mingw32/bin/../lib/gcc/nios2-elf/5.3.0/../../../../../H-x86_64-mingw32/nios2-elf/lib/mno-hw-mul\libc.a(lib_a-impure.o)
                0x000000000000be74                _global_impure_ptr
 .sdata._impure_ptr
                0x000000000000be78        0x4 c:/intelfpga_lite/18.1/nios2eds/bin/gnu/h-x86_64-mingw32/bin/../lib/gcc/nios2-elf/5.3.0/../../../../../H-x86_64-mingw32/nios2-elf/lib/mno-hw-mul\libc.a(lib_a-impure.o)
                0x000000000000be78                _impure_ptr
 *(.sdata2 .sdata2.* .gnu.linkonce.s2.*)
                0x000000000000be7c                . = ALIGN (0x4)
                0x000000000000be7c                _edata = ABSOLUTE (.)
                [!provide]                        PROVIDE (edata, ABSOLUTE (.))
                0x000000000000be7c                PROVIDE (__ram_rwdata_end, ABSOLUTE (.))
                0x000000000000be7c                PROVIDE (__flash_rwdata_start, LOADADDR (.rwdata))

.bss            0x000000000000d4f8      0x124
                0x000000000000d4f8                __bss_start = ABSOLUTE (.)
                [!provide]                        PROVIDE (__sbss_start, ABSOLUTE (.))
                [!provide]                        PROVIDE (___sbss_start, ABSOLUTE (.))
 *(.dynsbss)
 *(.sbss .sbss.* .gnu.linkonce.sb.*)
 .sbss          0x000000000000d4f8        0x1 obj/default/part2.o
                0x000000000000d4f8                pos
 .sbss          0x000000000000d4f9        0x2 obj/default/part2.o
                0x000000000000d4f9                button
                0x000000000000d4fa                sw0
 *fill*         0x000000000000d4fb        0x1 
 .sbss          0x000000000000d4fc        0x4 ../lab3_bsp/\libhal_bsp.a(alt_irq_vars.o)
                0x000000000000d4fc                alt_irq_active
 .sbss          0x000000000000d500        0xc ../lab3_bsp/\libhal_bsp.a(alt_main.o)
                0x000000000000d500                alt_argc
                0x000000000000d504                alt_argv
                0x000000000000d508                alt_envp
 .sbss          0x000000000000d50c        0x4 ../lab3_bsp/\libhal_bsp.a(alt_instruction_exception_entry.o)
                0x000000000000d50c                alt_instruction_exception_handler
 .sbss          0x000000000000d510        0x8 ../lab3_bsp/\libhal_bsp.a(alt_tick.o)
                0x000000000000d510                _alt_tick_rate
                0x000000000000d514                _alt_nticks
 .sbss          0x000000000000d518        0x4 c:/intelfpga_lite/18.1/nios2eds/bin/gnu/h-x86_64-mingw32/bin/../lib/gcc/nios2-elf/5.3.0/../../../../../H-x86_64-mingw32/nios2-elf/lib/mno-hw-mul\libc.a(lib_a-int_errno.o)
                0x000000000000d518                errno
 *(.sbss2 .sbss2.* .gnu.linkonce.sb2.*)
 *(.scommon)
                [!provide]                        PROVIDE (__sbss_end, ABSOLUTE (.))
                [!provide]                        PROVIDE (___sbss_end, ABSOLUTE (.))
 *(.dynbss)
 *(.bss .bss.* .gnu.linkonce.b.*)
 .bss           0x000000000000d51c        0x0 ../lab3_bsp//obj/HAL/src/crt0.o
 .bss           0x000000000000d51c        0x0 obj/default/part2.o
 .bss           0x000000000000d51c        0x0 ../lab3_bsp/\libhal_bsp.a(alt_iic.o)
 .bss           0x000000000000d51c        0x0 ../lab3_bsp/\libhal_bsp.a(alt_iic_isr_register.o)
 .bss           0x000000000000d51c        0x0 ../lab3_bsp/\libhal_bsp.a(alt_irq_entry.o)
 .bss           0x000000000000d51c        0x0 ../lab3_bsp/\libhal_bsp.a(alt_irq_handler.o)
 .bss           0x000000000000d51c        0x0 ../lab3_bsp/\libhal_bsp.a(alt_irq_vars.o)
 .bss           0x000000000000d51c        0x0 ../lab3_bsp/\libhal_bsp.a(alt_load.o)
 .bss           0x000000000000d51c        0x0 ../lab3_bsp/\libhal_bsp.a(alt_main.o)
 .bss           0x000000000000d51c        0x0 ../lab3_bsp/\libhal_bsp.a(alt_sys_init.o)
 .bss           0x000000000000d51c        0x0 ../lab3_bsp/\libhal_bsp.a(altera_avalon_jtag_uart_fd.o)
 .bss           0x000000000000d51c        0x0 ../lab3_bsp/\libhal_bsp.a(altera_avalon_jtag_uart_init.o)
 .bss           0x000000000000d51c        0x0 ../lab3_bsp/\libhal_bsp.a(altera_avalon_jtag_uart_ioctl.o)
 .bss           0x000000000000d51c        0x0 ../lab3_bsp/\libhal_bsp.a(altera_avalon_jtag_uart_read.o)
 .bss           0x000000000000d51c        0x0 ../lab3_bsp/\libhal_bsp.a(altera_avalon_jtag_uart_write.o)
 .bss           0x000000000000d51c        0x0 ../lab3_bsp/\libhal_bsp.a(altera_avalon_timer_sc.o)
 .bss           0x000000000000d51c        0x0 ../lab3_bsp/\libhal_bsp.a(alt_alarm_start.o)
 .bss           0x000000000000d51c        0x0 ../lab3_bsp/\libhal_bsp.a(alt_close.o)
 .bss           0x000000000000d51c        0x0 ../lab3_bsp/\libhal_bsp.a(alt_dcache_flush_all.o)
 .bss           0x000000000000d51c        0x0 ../lab3_bsp/\libhal_bsp.a(alt_dev.o)
 .bss           0x000000000000d51c        0x0 ../lab3_bsp/\libhal_bsp.a(alt_dev_llist_insert.o)
 .bss           0x000000000000d51c        0x0 ../lab3_bsp/\libhal_bsp.a(alt_do_ctors.o)
 .bss           0x000000000000d51c        0x0 ../lab3_bsp/\libhal_bsp.a(alt_do_dtors.o)
 .bss           0x000000000000d51c        0x0 ../lab3_bsp/\libhal_bsp.a(alt_errno.o)
 .bss           0x000000000000d51c        0x0 ../lab3_bsp/\libhal_bsp.a(alt_exception_entry.o)
 .bss           0x000000000000d51c        0x0 ../lab3_bsp/\libhal_bsp.a(alt_icache_flush_all.o)
 .bss           0x000000000000d51c        0x0 ../lab3_bsp/\libhal_bsp.a(alt_instruction_exception_entry.o)
 .bss           0x000000000000d51c        0x0 ../lab3_bsp/\libhal_bsp.a(alt_io_redirect.o)
 .bss           0x000000000000d51c        0x0 ../lab3_bsp/\libhal_bsp.a(alt_open.o)
 .bss           0x000000000000d51c        0x0 ../lab3_bsp/\libhal_bsp.a(alt_release_fd.o)
 .bss           0x000000000000d51c        0x0 ../lab3_bsp/\libhal_bsp.a(alt_tick.o)
 .bss           0x000000000000d51c        0x0 ../lab3_bsp/\libhal_bsp.a(altera_nios2_gen2_irq.o)
 .bss           0x000000000000d51c        0x0 ../lab3_bsp/\libhal_bsp.a(alt_find_dev.o)
 .bss           0x000000000000d51c        0x0 ../lab3_bsp/\libhal_bsp.a(alt_find_file.o)
 .bss           0x000000000000d51c        0x0 ../lab3_bsp/\libhal_bsp.a(alt_get_fd.o)
 .bss           0x000000000000d51c        0x0 c:/intelfpga_lite/18.1/nios2eds/bin/gnu/h-x86_64-mingw32/bin/../lib/gcc/nios2-elf/5.3.0/../../../../../H-x86_64-mingw32/nios2-elf/lib/mno-hw-mul\libc.a(lib_a-atexit.o)
 .bss           0x000000000000d51c        0x0 c:/intelfpga_lite/18.1/nios2eds/bin/gnu/h-x86_64-mingw32/bin/../lib/gcc/nios2-elf/5.3.0/../../../../../H-x86_64-mingw32/nios2-elf/lib/mno-hw-mul\libc.a(lib_a-exit.o)
 .bss           0x000000000000d51c        0x0 c:/intelfpga_lite/18.1/nios2eds/bin/gnu/h-x86_64-mingw32/bin/../lib/gcc/nios2-elf/5.3.0/../../../../../H-x86_64-mingw32/nios2-elf/lib/mno-hw-mul\libc.a(lib_a-impure.o)
 .bss           0x000000000000d51c        0x0 c:/intelfpga_lite/18.1/nios2eds/bin/gnu/h-x86_64-mingw32/bin/../lib/gcc/nios2-elf/5.3.0/../../../../../H-x86_64-mingw32/nios2-elf/lib/mno-hw-mul\libc.a(lib_a-int_errno.o)
 .bss           0x000000000000d51c        0x0 c:/intelfpga_lite/18.1/nios2eds/bin/gnu/h-x86_64-mingw32/bin/../lib/gcc/nios2-elf/5.3.0/../../../../../H-x86_64-mingw32/nios2-elf/lib/mno-hw-mul\libc.a(lib_a-memcmp.o)
 .bss           0x000000000000d51c        0x0 c:/intelfpga_lite/18.1/nios2eds/bin/gnu/h-x86_64-mingw32/bin/../lib/gcc/nios2-elf/5.3.0/../../../../../H-x86_64-mingw32/nios2-elf/lib/mno-hw-mul\libc.a(lib_a-memcpy.o)
 .bss           0x000000000000d51c        0x0 c:/intelfpga_lite/18.1/nios2eds/bin/gnu/h-x86_64-mingw32/bin/../lib/gcc/nios2-elf/5.3.0/../../../../../H-x86_64-mingw32/nios2-elf/lib/mno-hw-mul\libc.a(lib_a-strlen.o)
 .bss           0x000000000000d51c        0x0 c:/intelfpga_lite/18.1/nios2eds/bin/gnu/h-x86_64-mingw32/bin/../lib/gcc/nios2-elf/5.3.0/../../../../../H-x86_64-mingw32/nios2-elf/lib/mno-hw-mul\libc.a(lib_a-__atexit.o)
 .bss           0x000000000000d51c        0x0 c:/intelfpga_lite/18.1/nios2eds/bin/gnu/h-x86_64-mingw32/bin/../lib/gcc/nios2-elf/5.3.0/../../../../../H-x86_64-mingw32/nios2-elf/lib/mno-hw-mul\libc.a(lib_a-__call_atexit.o)
 .bss           0x000000000000d51c        0x0 c:/intelfpga_lite/18.1/nios2eds/bin/gnu/h-x86_64-mingw32/bin/../lib/gcc/nios2-elf/5.3.0/mno-hw-mul\libgcc.a(lib2-mul.o)
 .bss           0x000000000000d51c        0x0 ../lab3_bsp/\libhal_bsp.a(alt_exit.o)
 *(COMMON)
 COMMON         0x000000000000d51c      0x100 ../lab3_bsp/\libhal_bsp.a(alt_irq_handler.o)
                0x000000000000d51c                alt_irq
                0x000000000000d61c                . = ALIGN (0x4)
                0x000000000000d61c                __bss_end = ABSOLUTE (.)

.onchip_memory2_0
                0x000000000000d61c        0x0
                [!provide]                        PROVIDE (_alt_partition_onchip_memory2_0_start, ABSOLUTE (.))
 *(.onchip_memory2_0 .onchip_memory2_0. onchip_memory2_0.*)
                0x000000000000d61c                . = ALIGN (0x4)
                [!provide]                        PROVIDE (_alt_partition_onchip_memory2_0_end, ABSOLUTE (.))
                0x000000000000d61c                _end = ABSOLUTE (.)
                0x000000000000d61c                end = ABSOLUTE (.)
                0x000000000000d61c                __alt_stack_base = ABSOLUTE (.)
                [!provide]                        PROVIDE (_alt_partition_onchip_memory2_0_load_addr, LOADADDR (.onchip_memory2_0))

.stab
 *(.stab)

.stabstr
 *(.stabstr)

.stab.excl
 *(.stab.excl)

.stab.exclstr
 *(.stab.exclstr)

.stab.index
 *(.stab.index)

.stab.indexstr
 *(.stab.indexstr)

.comment        0x0000000000000000       0x23
 *(.comment)
 .comment       0x0000000000000000       0x23 obj/default/part2.o
                                         0x24 (size before relaxing)
 .comment       0x0000000000000023       0x24 ../lab3_bsp/\libhal_bsp.a(alt_iic.o)
 .comment       0x0000000000000023       0x24 ../lab3_bsp/\libhal_bsp.a(alt_iic_isr_register.o)
 .comment       0x0000000000000023       0x24 ../lab3_bsp/\libhal_bsp.a(alt_irq_handler.o)
 .comment       0x0000000000000023       0x24 ../lab3_bsp/\libhal_bsp.a(alt_irq_vars.o)
 .comment       0x0000000000000023       0x24 ../lab3_bsp/\libhal_bsp.a(alt_load.o)
 .comment       0x0000000000000023       0x24 ../lab3_bsp/\libhal_bsp.a(alt_main.o)
 .comment       0x0000000000000023       0x24 ../lab3_bsp/\libhal_bsp.a(alt_sys_init.o)
 .comment       0x0000000000000023       0x24 ../lab3_bsp/\libhal_bsp.a(altera_avalon_jtag_uart_fd.o)
 .comment       0x0000000000000023       0x24 ../lab3_bsp/\libhal_bsp.a(altera_avalon_jtag_uart_init.o)
 .comment       0x0000000000000023       0x24 ../lab3_bsp/\libhal_bsp.a(altera_avalon_jtag_uart_ioctl.o)
 .comment       0x0000000000000023       0x24 ../lab3_bsp/\libhal_bsp.a(altera_avalon_jtag_uart_read.o)
 .comment       0x0000000000000023       0x24 ../lab3_bsp/\libhal_bsp.a(altera_avalon_jtag_uart_write.o)
 .comment       0x0000000000000023       0x24 ../lab3_bsp/\libhal_bsp.a(altera_avalon_timer_sc.o)
 .comment       0x0000000000000023       0x24 ../lab3_bsp/\libhal_bsp.a(alt_alarm_start.o)
 .comment       0x0000000000000023       0x24 ../lab3_bsp/\libhal_bsp.a(alt_close.o)
 .comment       0x0000000000000023       0x24 ../lab3_bsp/\libhal_bsp.a(alt_dcache_flush_all.o)
 .comment       0x0000000000000023       0x24 ../lab3_bsp/\libhal_bsp.a(alt_dev.o)
 .comment       0x0000000000000023       0x24 ../lab3_bsp/\libhal_bsp.a(alt_dev_llist_insert.o)
 .comment       0x0000000000000023       0x24 ../lab3_bsp/\libhal_bsp.a(alt_do_ctors.o)
 .comment       0x0000000000000023       0x24 ../lab3_bsp/\libhal_bsp.a(alt_do_dtors.o)
 .comment       0x0000000000000023       0x24 ../lab3_bsp/\libhal_bsp.a(alt_errno.o)
 .comment       0x0000000000000023       0x24 ../lab3_bsp/\libhal_bsp.a(alt_icache_flush_all.o)
 .comment       0x0000000000000023       0x24 ../lab3_bsp/\libhal_bsp.a(alt_instruction_exception_entry.o)
 .comment       0x0000000000000023       0x24 ../lab3_bsp/\libhal_bsp.a(alt_io_redirect.o)
 .comment       0x0000000000000023       0x24 ../lab3_bsp/\libhal_bsp.a(alt_open.o)
 .comment       0x0000000000000023       0x24 ../lab3_bsp/\libhal_bsp.a(alt_release_fd.o)
 .comment       0x0000000000000023       0x24 ../lab3_bsp/\libhal_bsp.a(alt_tick.o)
 .comment       0x0000000000000023       0x24 ../lab3_bsp/\libhal_bsp.a(altera_nios2_gen2_irq.o)
 .comment       0x0000000000000023       0x24 ../lab3_bsp/\libhal_bsp.a(alt_find_dev.o)
 .comment       0x0000000000000023       0x24 ../lab3_bsp/\libhal_bsp.a(alt_find_file.o)
 .comment       0x0000000000000023       0x24 ../lab3_bsp/\libhal_bsp.a(alt_get_fd.o)
 .comment       0x0000000000000023       0x24 c:/intelfpga_lite/18.1/nios2eds/bin/gnu/h-x86_64-mingw32/bin/../lib/gcc/nios2-elf/5.3.0/../../../../../H-x86_64-mingw32/nios2-elf/lib/mno-hw-mul\libc.a(lib_a-atexit.o)
 .comment       0x0000000000000023       0x24 c:/intelfpga_lite/18.1/nios2eds/bin/gnu/h-x86_64-mingw32/bin/../lib/gcc/nios2-elf/5.3.0/../../../../../H-x86_64-mingw32/nios2-elf/lib/mno-hw-mul\libc.a(lib_a-exit.o)
 .comment       0x0000000000000023       0x24 c:/intelfpga_lite/18.1/nios2eds/bin/gnu/h-x86_64-mingw32/bin/../lib/gcc/nios2-elf/5.3.0/../../../../../H-x86_64-mingw32/nios2-elf/lib/mno-hw-mul\libc.a(lib_a-impure.o)
 .comment       0x0000000000000023       0x24 c:/intelfpga_lite/18.1/nios2eds/bin/gnu/h-x86_64-mingw32/bin/../lib/gcc/nios2-elf/5.3.0/../../../../../H-x86_64-mingw32/nios2-elf/lib/mno-hw-mul\libc.a(lib_a-int_errno.o)
 .comment       0x0000000000000023       0x24 c:/intelfpga_lite/18.1/nios2eds/bin/gnu/h-x86_64-mingw32/bin/../lib/gcc/nios2-elf/5.3.0/../../../../../H-x86_64-mingw32/nios2-elf/lib/mno-hw-mul\libc.a(lib_a-memcmp.o)
 .comment       0x0000000000000023       0x24 c:/intelfpga_lite/18.1/nios2eds/bin/gnu/h-x86_64-mingw32/bin/../lib/gcc/nios2-elf/5.3.0/../../../../../H-x86_64-mingw32/nios2-elf/lib/mno-hw-mul\libc.a(lib_a-memcpy.o)
 .comment       0x0000000000000023       0x24 c:/intelfpga_lite/18.1/nios2eds/bin/gnu/h-x86_64-mingw32/bin/../lib/gcc/nios2-elf/5.3.0/../../../../../H-x86_64-mingw32/nios2-elf/lib/mno-hw-mul\libc.a(lib_a-strlen.o)
 .comment       0x0000000000000023       0x24 c:/intelfpga_lite/18.1/nios2eds/bin/gnu/h-x86_64-mingw32/bin/../lib/gcc/nios2-elf/5.3.0/../../../../../H-x86_64-mingw32/nios2-elf/lib/mno-hw-mul\libc.a(lib_a-__atexit.o)
 .comment       0x0000000000000023       0x24 c:/intelfpga_lite/18.1/nios2eds/bin/gnu/h-x86_64-mingw32/bin/../lib/gcc/nios2-elf/5.3.0/../../../../../H-x86_64-mingw32/nios2-elf/lib/mno-hw-mul\libc.a(lib_a-__call_atexit.o)
 .comment       0x0000000000000023       0x24 c:/intelfpga_lite/18.1/nios2eds/bin/gnu/h-x86_64-mingw32/bin/../lib/gcc/nios2-elf/5.3.0/mno-hw-mul\libgcc.a(lib2-mul.o)
 .comment       0x0000000000000023       0x24 ../lab3_bsp/\libhal_bsp.a(alt_exit.o)

.debug
 *(.debug)

.line
 *(.line)

.debug_srcinfo
 *(.debug_srcinfo)

.debug_sfnames
 *(.debug_sfnames)

.debug_aranges  0x0000000000000000      0x5d8
 *(.debug_aranges)
 .debug_aranges
                0x0000000000000000       0x28 ../lab3_bsp//obj/HAL/src/crt0.o
 .debug_aranges
                0x0000000000000028       0x20 obj/default/part2.o
 .debug_aranges
                0x0000000000000048       0x20 ../lab3_bsp/\libhal_bsp.a(alt_iic.o)
 .debug_aranges
                0x0000000000000068       0x20 ../lab3_bsp/\libhal_bsp.a(alt_iic_isr_register.o)
 .debug_aranges
                0x0000000000000088       0x30 ../lab3_bsp/\libhal_bsp.a(alt_irq_entry.o)
 .debug_aranges
                0x00000000000000b8       0x20 ../lab3_bsp/\libhal_bsp.a(alt_irq_handler.o)
 .debug_aranges
                0x00000000000000d8       0x18 ../lab3_bsp/\libhal_bsp.a(alt_irq_vars.o)
 .debug_aranges
                0x00000000000000f0       0x20 ../lab3_bsp/\libhal_bsp.a(alt_load.o)
 .debug_aranges
                0x0000000000000110       0x20 ../lab3_bsp/\libhal_bsp.a(alt_main.o)
 .debug_aranges
                0x0000000000000130       0x20 ../lab3_bsp/\libhal_bsp.a(alt_sys_init.o)
 .debug_aranges
                0x0000000000000150       0x20 ../lab3_bsp/\libhal_bsp.a(altera_avalon_jtag_uart_fd.o)
 .debug_aranges
                0x0000000000000170       0x20 ../lab3_bsp/\libhal_bsp.a(altera_avalon_jtag_uart_init.o)
 .debug_aranges
                0x0000000000000190       0x20 ../lab3_bsp/\libhal_bsp.a(altera_avalon_jtag_uart_ioctl.o)
 .debug_aranges
                0x00000000000001b0       0x20 ../lab3_bsp/\libhal_bsp.a(altera_avalon_jtag_uart_read.o)
 .debug_aranges
                0x00000000000001d0       0x20 ../lab3_bsp/\libhal_bsp.a(altera_avalon_jtag_uart_write.o)
 .debug_aranges
                0x00000000000001f0       0x20 ../lab3_bsp/\libhal_bsp.a(altera_avalon_timer_sc.o)
 .debug_aranges
                0x0000000000000210       0x20 ../lab3_bsp/\libhal_bsp.a(alt_alarm_start.o)
 .debug_aranges
                0x0000000000000230       0x20 ../lab3_bsp/\libhal_bsp.a(alt_close.o)
 .debug_aranges
                0x0000000000000250       0x20 ../lab3_bsp/\libhal_bsp.a(alt_dcache_flush_all.o)
 .debug_aranges
                0x0000000000000270       0x20 ../lab3_bsp/\libhal_bsp.a(alt_dev.o)
 .debug_aranges
                0x0000000000000290       0x20 ../lab3_bsp/\libhal_bsp.a(alt_dev_llist_insert.o)
 .debug_aranges
                0x00000000000002b0       0x20 ../lab3_bsp/\libhal_bsp.a(alt_do_ctors.o)
 .debug_aranges
                0x00000000000002d0       0x20 ../lab3_bsp/\libhal_bsp.a(alt_do_dtors.o)
 .debug_aranges
                0x00000000000002f0       0x18 ../lab3_bsp/\libhal_bsp.a(alt_errno.o)
 .debug_aranges
                0x0000000000000308       0x38 ../lab3_bsp/\libhal_bsp.a(alt_exception_entry.o)
 .debug_aranges
                0x0000000000000340       0x20 ../lab3_bsp/\libhal_bsp.a(alt_icache_flush_all.o)
 .debug_aranges
                0x0000000000000360       0x28 ../lab3_bsp/\libhal_bsp.a(alt_instruction_exception_entry.o)
 .debug_aranges
                0x0000000000000388       0x20 ../lab3_bsp/\libhal_bsp.a(alt_io_redirect.o)
 .debug_aranges
                0x00000000000003a8       0x20 ../lab3_bsp/\libhal_bsp.a(alt_open.o)
 .debug_aranges
                0x00000000000003c8       0x20 ../lab3_bsp/\libhal_bsp.a(alt_release_fd.o)
 .debug_aranges
                0x00000000000003e8       0x20 ../lab3_bsp/\libhal_bsp.a(alt_tick.o)
 .debug_aranges
                0x0000000000000408       0x20 ../lab3_bsp/\libhal_bsp.a(altera_nios2_gen2_irq.o)
 .debug_aranges
                0x0000000000000428       0x20 ../lab3_bsp/\libhal_bsp.a(alt_find_dev.o)
 .debug_aranges
                0x0000000000000448       0x20 ../lab3_bsp/\libhal_bsp.a(alt_find_file.o)
 .debug_aranges
                0x0000000000000468       0x20 ../lab3_bsp/\libhal_bsp.a(alt_get_fd.o)
 .debug_aranges
                0x0000000000000488       0x20 c:/intelfpga_lite/18.1/nios2eds/bin/gnu/h-x86_64-mingw32/bin/../lib/gcc/nios2-elf/5.3.0/../../../../../H-x86_64-mingw32/nios2-elf/lib/mno-hw-mul\libc.a(lib_a-atexit.o)
 .debug_aranges
                0x00000000000004a8       0x20 c:/intelfpga_lite/18.1/nios2eds/bin/gnu/h-x86_64-mingw32/bin/../lib/gcc/nios2-elf/5.3.0/../../../../../H-x86_64-mingw32/nios2-elf/lib/mno-hw-mul\libc.a(lib_a-exit.o)
 .debug_aranges
                0x00000000000004c8       0x18 c:/intelfpga_lite/18.1/nios2eds/bin/gnu/h-x86_64-mingw32/bin/../lib/gcc/nios2-elf/5.3.0/../../../../../H-x86_64-mingw32/nios2-elf/lib/mno-hw-mul\libc.a(lib_a-impure.o)
 .debug_aranges
                0x00000000000004e0       0x18 c:/intelfpga_lite/18.1/nios2eds/bin/gnu/h-x86_64-mingw32/bin/../lib/gcc/nios2-elf/5.3.0/../../../../../H-x86_64-mingw32/nios2-elf/lib/mno-hw-mul\libc.a(lib_a-int_errno.o)
 .debug_aranges
                0x00000000000004f8       0x20 c:/intelfpga_lite/18.1/nios2eds/bin/gnu/h-x86_64-mingw32/bin/../lib/gcc/nios2-elf/5.3.0/../../../../../H-x86_64-mingw32/nios2-elf/lib/mno-hw-mul\libc.a(lib_a-memcmp.o)
 .debug_aranges
                0x0000000000000518       0x20 c:/intelfpga_lite/18.1/nios2eds/bin/gnu/h-x86_64-mingw32/bin/../lib/gcc/nios2-elf/5.3.0/../../../../../H-x86_64-mingw32/nios2-elf/lib/mno-hw-mul\libc.a(lib_a-memcpy.o)
 .debug_aranges
                0x0000000000000538       0x20 c:/intelfpga_lite/18.1/nios2eds/bin/gnu/h-x86_64-mingw32/bin/../lib/gcc/nios2-elf/5.3.0/../../../../../H-x86_64-mingw32/nios2-elf/lib/mno-hw-mul\libc.a(lib_a-strlen.o)
 .debug_aranges
                0x0000000000000558       0x20 c:/intelfpga_lite/18.1/nios2eds/bin/gnu/h-x86_64-mingw32/bin/../lib/gcc/nios2-elf/5.3.0/../../../../../H-x86_64-mingw32/nios2-elf/lib/mno-hw-mul\libc.a(lib_a-__atexit.o)
 .debug_aranges
                0x0000000000000578       0x20 c:/intelfpga_lite/18.1/nios2eds/bin/gnu/h-x86_64-mingw32/bin/../lib/gcc/nios2-elf/5.3.0/../../../../../H-x86_64-mingw32/nios2-elf/lib/mno-hw-mul\libc.a(lib_a-__call_atexit.o)
 .debug_aranges
                0x0000000000000598       0x20 c:/intelfpga_lite/18.1/nios2eds/bin/gnu/h-x86_64-mingw32/bin/../lib/gcc/nios2-elf/5.3.0/mno-hw-mul\libgcc.a(lib2-mul.o)
 .debug_aranges
                0x00000000000005b8       0x20 ../lab3_bsp/\libhal_bsp.a(alt_exit.o)

.debug_pubnames
 *(.debug_pubnames)

.debug_info     0x0000000000000000     0x78b9
 *(.debug_info .gnu.linkonce.wi.*)
 .debug_info    0x0000000000000000       0x79 ../lab3_bsp//obj/HAL/src/crt0.o
 .debug_info    0x0000000000000079      0x217 obj/default/part2.o
 .debug_info    0x0000000000000290      0x350 ../lab3_bsp/\libhal_bsp.a(alt_iic.o)
 .debug_info    0x00000000000005e0      0x1ef ../lab3_bsp/\libhal_bsp.a(alt_iic_isr_register.o)
 .debug_info    0x00000000000007cf       0x82 ../lab3_bsp/\libhal_bsp.a(alt_irq_entry.o)
 .debug_info    0x0000000000000851      0x187 ../lab3_bsp/\libhal_bsp.a(alt_irq_handler.o)
 .debug_info    0x00000000000009d8       0x88 ../lab3_bsp/\libhal_bsp.a(alt_irq_vars.o)
 .debug_info    0x0000000000000a60      0x145 ../lab3_bsp/\libhal_bsp.a(alt_load.o)
 .debug_info    0x0000000000000ba5      0x131 ../lab3_bsp/\libhal_bsp.a(alt_main.o)
 .debug_info    0x0000000000000cd6      0x4d9 ../lab3_bsp/\libhal_bsp.a(alt_sys_init.o)
 .debug_info    0x00000000000011af      0x52e ../lab3_bsp/\libhal_bsp.a(altera_avalon_jtag_uart_fd.o)
 .debug_info    0x00000000000016dd      0x3a0 ../lab3_bsp/\libhal_bsp.a(altera_avalon_jtag_uart_init.o)
 .debug_info    0x0000000000001a7d      0x280 ../lab3_bsp/\libhal_bsp.a(altera_avalon_jtag_uart_ioctl.o)
 .debug_info    0x0000000000001cfd      0x345 ../lab3_bsp/\libhal_bsp.a(altera_avalon_jtag_uart_read.o)
 .debug_info    0x0000000000002042      0x340 ../lab3_bsp/\libhal_bsp.a(altera_avalon_jtag_uart_write.o)
 .debug_info    0x0000000000002382      0x226 ../lab3_bsp/\libhal_bsp.a(altera_avalon_timer_sc.o)
 .debug_info    0x00000000000025a8      0x2cc ../lab3_bsp/\libhal_bsp.a(alt_alarm_start.o)
 .debug_info    0x0000000000002874      0x321 ../lab3_bsp/\libhal_bsp.a(alt_close.o)
 .debug_info    0x0000000000002b95       0x92 ../lab3_bsp/\libhal_bsp.a(alt_dcache_flush_all.o)
 .debug_info    0x0000000000002c27      0x49c ../lab3_bsp/\libhal_bsp.a(alt_dev.o)
 .debug_info    0x00000000000030c3      0x1a9 ../lab3_bsp/\libhal_bsp.a(alt_dev_llist_insert.o)
 .debug_info    0x000000000000326c       0x83 ../lab3_bsp/\libhal_bsp.a(alt_do_ctors.o)
 .debug_info    0x00000000000032ef       0x83 ../lab3_bsp/\libhal_bsp.a(alt_do_dtors.o)
 .debug_info    0x0000000000003372       0xa6 ../lab3_bsp/\libhal_bsp.a(alt_errno.o)
 .debug_info    0x0000000000003418       0x88 ../lab3_bsp/\libhal_bsp.a(alt_exception_entry.o)
 .debug_info    0x00000000000034a0       0x92 ../lab3_bsp/\libhal_bsp.a(alt_icache_flush_all.o)
 .debug_info    0x0000000000003532      0x1e7 ../lab3_bsp/\libhal_bsp.a(alt_instruction_exception_entry.o)
 .debug_info    0x0000000000003719      0x4a5 ../lab3_bsp/\libhal_bsp.a(alt_io_redirect.o)
 .debug_info    0x0000000000003bbe      0x3bb ../lab3_bsp/\libhal_bsp.a(alt_open.o)
 .debug_info    0x0000000000003f79      0x2b0 ../lab3_bsp/\libhal_bsp.a(alt_release_fd.o)
 .debug_info    0x0000000000004229      0x299 ../lab3_bsp/\libhal_bsp.a(alt_tick.o)
 .debug_info    0x00000000000044c2       0x92 ../lab3_bsp/\libhal_bsp.a(altera_nios2_gen2_irq.o)
 .debug_info    0x0000000000004554      0x2e9 ../lab3_bsp/\libhal_bsp.a(alt_find_dev.o)
 .debug_info    0x000000000000483d      0x2e6 ../lab3_bsp/\libhal_bsp.a(alt_find_file.o)
 .debug_info    0x0000000000004b23      0x310 ../lab3_bsp/\libhal_bsp.a(alt_get_fd.o)
 .debug_info    0x0000000000004e33       0xfe c:/intelfpga_lite/18.1/nios2eds/bin/gnu/h-x86_64-mingw32/bin/../lib/gcc/nios2-elf/5.3.0/../../../../../H-x86_64-mingw32/nios2-elf/lib/mno-hw-mul\libc.a(lib_a-atexit.o)
 .debug_info    0x0000000000004f31      0x8e4 c:/intelfpga_lite/18.1/nios2eds/bin/gnu/h-x86_64-mingw32/bin/../lib/gcc/nios2-elf/5.3.0/../../../../../H-x86_64-mingw32/nios2-elf/lib/mno-hw-mul\libc.a(lib_a-exit.o)
 .debug_info    0x0000000000005815      0x8a1 c:/intelfpga_lite/18.1/nios2eds/bin/gnu/h-x86_64-mingw32/bin/../lib/gcc/nios2-elf/5.3.0/../../../../../H-x86_64-mingw32/nios2-elf/lib/mno-hw-mul\libc.a(lib_a-impure.o)
 .debug_info    0x00000000000060b6       0x8a c:/intelfpga_lite/18.1/nios2eds/bin/gnu/h-x86_64-mingw32/bin/../lib/gcc/nios2-elf/5.3.0/../../../../../H-x86_64-mingw32/nios2-elf/lib/mno-hw-mul\libc.a(lib_a-int_errno.o)
 .debug_info    0x0000000000006140      0x11a c:/intelfpga_lite/18.1/nios2eds/bin/gnu/h-x86_64-mingw32/bin/../lib/gcc/nios2-elf/5.3.0/../../../../../H-x86_64-mingw32/nios2-elf/lib/mno-hw-mul\libc.a(lib_a-memcmp.o)
 .debug_info    0x000000000000625a      0x144 c:/intelfpga_lite/18.1/nios2eds/bin/gnu/h-x86_64-mingw32/bin/../lib/gcc/nios2-elf/5.3.0/../../../../../H-x86_64-mingw32/nios2-elf/lib/mno-hw-mul\libc.a(lib_a-memcpy.o)
 .debug_info    0x000000000000639e       0xe2 c:/intelfpga_lite/18.1/nios2eds/bin/gnu/h-x86_64-mingw32/bin/../lib/gcc/nios2-elf/5.3.0/../../../../../H-x86_64-mingw32/nios2-elf/lib/mno-hw-mul\libc.a(lib_a-strlen.o)
 .debug_info    0x0000000000006480      0x934 c:/intelfpga_lite/18.1/nios2eds/bin/gnu/h-x86_64-mingw32/bin/../lib/gcc/nios2-elf/5.3.0/../../../../../H-x86_64-mingw32/nios2-elf/lib/mno-hw-mul\libc.a(lib_a-__atexit.o)
 .debug_info    0x0000000000006db4      0x965 c:/intelfpga_lite/18.1/nios2eds/bin/gnu/h-x86_64-mingw32/bin/../lib/gcc/nios2-elf/5.3.0/../../../../../H-x86_64-mingw32/nios2-elf/lib/mno-hw-mul\libc.a(lib_a-__call_atexit.o)
 .debug_info    0x0000000000007719       0xb4 c:/intelfpga_lite/18.1/nios2eds/bin/gnu/h-x86_64-mingw32/bin/../lib/gcc/nios2-elf/5.3.0/mno-hw-mul\libgcc.a(lib2-mul.o)
 .debug_info    0x00000000000077cd       0xec ../lab3_bsp/\libhal_bsp.a(alt_exit.o)

.debug_abbrev   0x0000000000000000     0x2b0c
 *(.debug_abbrev)
 .debug_abbrev  0x0000000000000000       0x12 ../lab3_bsp//obj/HAL/src/crt0.o
 .debug_abbrev  0x0000000000000012      0x103 obj/default/part2.o
 .debug_abbrev  0x0000000000000115      0x163 ../lab3_bsp/\libhal_bsp.a(alt_iic.o)
 .debug_abbrev  0x0000000000000278      0x169 ../lab3_bsp/\libhal_bsp.a(alt_iic_isr_register.o)
 .debug_abbrev  0x00000000000003e1       0x12 ../lab3_bsp/\libhal_bsp.a(alt_irq_entry.o)
 .debug_abbrev  0x00000000000003f3      0x122 ../lab3_bsp/\libhal_bsp.a(alt_irq_handler.o)
 .debug_abbrev  0x0000000000000515       0x40 ../lab3_bsp/\libhal_bsp.a(alt_irq_vars.o)
 .debug_abbrev  0x0000000000000555       0x9f ../lab3_bsp/\libhal_bsp.a(alt_load.o)
 .debug_abbrev  0x00000000000005f4       0xba ../lab3_bsp/\libhal_bsp.a(alt_main.o)
 .debug_abbrev  0x00000000000006ae      0x187 ../lab3_bsp/\libhal_bsp.a(alt_sys_init.o)
 .debug_abbrev  0x0000000000000835      0x127 ../lab3_bsp/\libhal_bsp.a(altera_avalon_jtag_uart_fd.o)
 .debug_abbrev  0x000000000000095c      0x19e ../lab3_bsp/\libhal_bsp.a(altera_avalon_jtag_uart_init.o)
 .debug_abbrev  0x0000000000000afa      0x111 ../lab3_bsp/\libhal_bsp.a(altera_avalon_jtag_uart_ioctl.o)
 .debug_abbrev  0x0000000000000c0b      0x1aa ../lab3_bsp/\libhal_bsp.a(altera_avalon_jtag_uart_read.o)
 .debug_abbrev  0x0000000000000db5      0x1a8 ../lab3_bsp/\libhal_bsp.a(altera_avalon_jtag_uart_write.o)
 .debug_abbrev  0x0000000000000f5d      0x155 ../lab3_bsp/\libhal_bsp.a(altera_avalon_timer_sc.o)
 .debug_abbrev  0x00000000000010b2      0x162 ../lab3_bsp/\libhal_bsp.a(alt_alarm_start.o)
 .debug_abbrev  0x0000000000001214      0x11f ../lab3_bsp/\libhal_bsp.a(alt_close.o)
 .debug_abbrev  0x0000000000001333       0x42 ../lab3_bsp/\libhal_bsp.a(alt_dcache_flush_all.o)
 .debug_abbrev  0x0000000000001375       0xd9 ../lab3_bsp/\libhal_bsp.a(alt_dev.o)
 .debug_abbrev  0x000000000000144e      0x114 ../lab3_bsp/\libhal_bsp.a(alt_dev_llist_insert.o)
 .debug_abbrev  0x0000000000001562       0x79 ../lab3_bsp/\libhal_bsp.a(alt_do_ctors.o)
 .debug_abbrev  0x00000000000015db       0x79 ../lab3_bsp/\libhal_bsp.a(alt_do_dtors.o)
 .debug_abbrev  0x0000000000001654       0x5a ../lab3_bsp/\libhal_bsp.a(alt_errno.o)
 .debug_abbrev  0x00000000000016ae       0x12 ../lab3_bsp/\libhal_bsp.a(alt_exception_entry.o)
 .debug_abbrev  0x00000000000016c0       0x42 ../lab3_bsp/\libhal_bsp.a(alt_icache_flush_all.o)
 .debug_abbrev  0x0000000000001702       0xdc ../lab3_bsp/\libhal_bsp.a(alt_instruction_exception_entry.o)
 .debug_abbrev  0x00000000000017de      0x114 ../lab3_bsp/\libhal_bsp.a(alt_io_redirect.o)
 .debug_abbrev  0x00000000000018f2      0x148 ../lab3_bsp/\libhal_bsp.a(alt_open.o)
 .debug_abbrev  0x0000000000001a3a       0xde ../lab3_bsp/\libhal_bsp.a(alt_release_fd.o)
 .debug_abbrev  0x0000000000001b18      0x15a ../lab3_bsp/\libhal_bsp.a(alt_tick.o)
 .debug_abbrev  0x0000000000001c72       0x42 ../lab3_bsp/\libhal_bsp.a(altera_nios2_gen2_irq.o)
 .debug_abbrev  0x0000000000001cb4       0xf0 ../lab3_bsp/\libhal_bsp.a(alt_find_dev.o)
 .debug_abbrev  0x0000000000001da4       0xf0 ../lab3_bsp/\libhal_bsp.a(alt_find_file.o)
 .debug_abbrev  0x0000000000001e94      0x10d ../lab3_bsp/\libhal_bsp.a(alt_get_fd.o)
 .debug_abbrev  0x0000000000001fa1       0xaa c:/intelfpga_lite/18.1/nios2eds/bin/gnu/h-x86_64-mingw32/bin/../lib/gcc/nios2-elf/5.3.0/../../../../../H-x86_64-mingw32/nios2-elf/lib/mno-hw-mul\libc.a(lib_a-atexit.o)
 .debug_abbrev  0x000000000000204b      0x1e5 c:/intelfpga_lite/18.1/nios2eds/bin/gnu/h-x86_64-mingw32/bin/../lib/gcc/nios2-elf/5.3.0/../../../../../H-x86_64-mingw32/nios2-elf/lib/mno-hw-mul\libc.a(lib_a-exit.o)
 .debug_abbrev  0x0000000000002230      0x18f c:/intelfpga_lite/18.1/nios2eds/bin/gnu/h-x86_64-mingw32/bin/../lib/gcc/nios2-elf/5.3.0/../../../../../H-x86_64-mingw32/nios2-elf/lib/mno-hw-mul\libc.a(lib_a-impure.o)
 .debug_abbrev  0x00000000000023bf       0x37 c:/intelfpga_lite/18.1/nios2eds/bin/gnu/h-x86_64-mingw32/bin/../lib/gcc/nios2-elf/5.3.0/../../../../../H-x86_64-mingw32/nios2-elf/lib/mno-hw-mul\libc.a(lib_a-int_errno.o)
 .debug_abbrev  0x00000000000023f6       0x7f c:/intelfpga_lite/18.1/nios2eds/bin/gnu/h-x86_64-mingw32/bin/../lib/gcc/nios2-elf/5.3.0/../../../../../H-x86_64-mingw32/nios2-elf/lib/mno-hw-mul\libc.a(lib_a-memcmp.o)
 .debug_abbrev  0x0000000000002475       0xa3 c:/intelfpga_lite/18.1/nios2eds/bin/gnu/h-x86_64-mingw32/bin/../lib/gcc/nios2-elf/5.3.0/../../../../../H-x86_64-mingw32/nios2-elf/lib/mno-hw-mul\libc.a(lib_a-memcpy.o)
 .debug_abbrev  0x0000000000002518       0x90 c:/intelfpga_lite/18.1/nios2eds/bin/gnu/h-x86_64-mingw32/bin/../lib/gcc/nios2-elf/5.3.0/../../../../../H-x86_64-mingw32/nios2-elf/lib/mno-hw-mul\libc.a(lib_a-strlen.o)
 .debug_abbrev  0x00000000000025a8      0x21e c:/intelfpga_lite/18.1/nios2eds/bin/gnu/h-x86_64-mingw32/bin/../lib/gcc/nios2-elf/5.3.0/../../../../../H-x86_64-mingw32/nios2-elf/lib/mno-hw-mul\libc.a(lib_a-__atexit.o)
 .debug_abbrev  0x00000000000027c6      0x22e c:/intelfpga_lite/18.1/nios2eds/bin/gnu/h-x86_64-mingw32/bin/../lib/gcc/nios2-elf/5.3.0/../../../../../H-x86_64-mingw32/nios2-elf/lib/mno-hw-mul\libc.a(lib_a-__call_atexit.o)
 .debug_abbrev  0x00000000000029f4       0x6f c:/intelfpga_lite/18.1/nios2eds/bin/gnu/h-x86_64-mingw32/bin/../lib/gcc/nios2-elf/5.3.0/mno-hw-mul\libgcc.a(lib2-mul.o)
 .debug_abbrev  0x0000000000002a63       0xa9 ../lab3_bsp/\libhal_bsp.a(alt_exit.o)

.debug_line     0x0000000000000000     0x2ad5
 *(.debug_line)
 .debug_line    0x0000000000000000       0x66 ../lab3_bsp//obj/HAL/src/crt0.o
 .debug_line    0x0000000000000066       0xa9 obj/default/part2.o
 .debug_line    0x000000000000010f       0xeb ../lab3_bsp/\libhal_bsp.a(alt_iic.o)
 .debug_line    0x00000000000001fa       0xdb ../lab3_bsp/\libhal_bsp.a(alt_iic_isr_register.o)
 .debug_line    0x00000000000002d5       0x6b ../lab3_bsp/\libhal_bsp.a(alt_irq_entry.o)
 .debug_line    0x0000000000000340       0xaa ../lab3_bsp/\libhal_bsp.a(alt_irq_handler.o)
 .debug_line    0x00000000000003ea       0x50 ../lab3_bsp/\libhal_bsp.a(alt_irq_vars.o)
 .debug_line    0x000000000000043a       0x8e ../lab3_bsp/\libhal_bsp.a(alt_load.o)
 .debug_line    0x00000000000004c8       0xa4 ../lab3_bsp/\libhal_bsp.a(alt_main.o)
 .debug_line    0x000000000000056c      0x152 ../lab3_bsp/\libhal_bsp.a(alt_sys_init.o)
 .debug_line    0x00000000000006be      0x12f ../lab3_bsp/\libhal_bsp.a(altera_avalon_jtag_uart_fd.o)
 .debug_line    0x00000000000007ed      0x18b ../lab3_bsp/\libhal_bsp.a(altera_avalon_jtag_uart_init.o)
 .debug_line    0x0000000000000978      0x131 ../lab3_bsp/\libhal_bsp.a(altera_avalon_jtag_uart_ioctl.o)
 .debug_line    0x0000000000000aa9      0x171 ../lab3_bsp/\libhal_bsp.a(altera_avalon_jtag_uart_read.o)
 .debug_line    0x0000000000000c1a      0x170 ../lab3_bsp/\libhal_bsp.a(altera_avalon_jtag_uart_write.o)
 .debug_line    0x0000000000000d8a       0xfd ../lab3_bsp/\libhal_bsp.a(altera_avalon_timer_sc.o)
 .debug_line    0x0000000000000e87       0xf9 ../lab3_bsp/\libhal_bsp.a(alt_alarm_start.o)
 .debug_line    0x0000000000000f80      0x165 ../lab3_bsp/\libhal_bsp.a(alt_close.o)
 .debug_line    0x00000000000010e5       0x51 ../lab3_bsp/\libhal_bsp.a(alt_dcache_flush_all.o)
 .debug_line    0x0000000000001136       0xf8 ../lab3_bsp/\libhal_bsp.a(alt_dev.o)
 .debug_line    0x000000000000122e       0xcf ../lab3_bsp/\libhal_bsp.a(alt_dev_llist_insert.o)
 .debug_line    0x00000000000012fd       0x59 ../lab3_bsp/\libhal_bsp.a(alt_do_ctors.o)
 .debug_line    0x0000000000001356       0x59 ../lab3_bsp/\libhal_bsp.a(alt_do_dtors.o)
 .debug_line    0x00000000000013af       0x51 ../lab3_bsp/\libhal_bsp.a(alt_errno.o)
 .debug_line    0x0000000000001400       0xb3 ../lab3_bsp/\libhal_bsp.a(alt_exception_entry.o)
 .debug_line    0x00000000000014b3       0x4f ../lab3_bsp/\libhal_bsp.a(alt_icache_flush_all.o)
 .debug_line    0x0000000000001502       0xb9 ../lab3_bsp/\libhal_bsp.a(alt_instruction_exception_entry.o)
 .debug_line    0x00000000000015bb      0x135 ../lab3_bsp/\libhal_bsp.a(alt_io_redirect.o)
 .debug_line    0x00000000000016f0      0x12b ../lab3_bsp/\libhal_bsp.a(alt_open.o)
 .debug_line    0x000000000000181b       0xb0 ../lab3_bsp/\libhal_bsp.a(alt_release_fd.o)
 .debug_line    0x00000000000018cb       0xff ../lab3_bsp/\libhal_bsp.a(alt_tick.o)
 .debug_line    0x00000000000019ca       0x51 ../lab3_bsp/\libhal_bsp.a(altera_nios2_gen2_irq.o)
 .debug_line    0x0000000000001a1b       0xb5 ../lab3_bsp/\libhal_bsp.a(alt_find_dev.o)
 .debug_line    0x0000000000001ad0       0xd1 ../lab3_bsp/\libhal_bsp.a(alt_find_file.o)
 .debug_line    0x0000000000001ba1       0xd7 ../lab3_bsp/\libhal_bsp.a(alt_get_fd.o)
 .debug_line    0x0000000000001c78       0xe7 c:/intelfpga_lite/18.1/nios2eds/bin/gnu/h-x86_64-mingw32/bin/../lib/gcc/nios2-elf/5.3.0/../../../../../H-x86_64-mingw32/nios2-elf/lib/mno-hw-mul\libc.a(lib_a-atexit.o)
 .debug_line    0x0000000000001d5f      0x1fc c:/intelfpga_lite/18.1/nios2eds/bin/gnu/h-x86_64-mingw32/bin/../lib/gcc/nios2-elf/5.3.0/../../../../../H-x86_64-mingw32/nios2-elf/lib/mno-hw-mul\libc.a(lib_a-exit.o)
 .debug_line    0x0000000000001f5b      0x160 c:/intelfpga_lite/18.1/nios2eds/bin/gnu/h-x86_64-mingw32/bin/../lib/gcc/nios2-elf/5.3.0/../../../../../H-x86_64-mingw32/nios2-elf/lib/mno-hw-mul\libc.a(lib_a-impure.o)
 .debug_line    0x00000000000020bb       0x5f c:/intelfpga_lite/18.1/nios2eds/bin/gnu/h-x86_64-mingw32/bin/../lib/gcc/nios2-elf/5.3.0/../../../../../H-x86_64-mingw32/nios2-elf/lib/mno-hw-mul\libc.a(lib_a-int_errno.o)
 .debug_line    0x000000000000211a      0x176 c:/intelfpga_lite/18.1/nios2eds/bin/gnu/h-x86_64-mingw32/bin/../lib/gcc/nios2-elf/5.3.0/../../../../../H-x86_64-mingw32/nios2-elf/lib/mno-hw-mul\libc.a(lib_a-memcmp.o)
 .debug_line    0x0000000000002290      0x18c c:/intelfpga_lite/18.1/nios2eds/bin/gnu/h-x86_64-mingw32/bin/../lib/gcc/nios2-elf/5.3.0/../../../../../H-x86_64-mingw32/nios2-elf/lib/mno-hw-mul\libc.a(lib_a-memcpy.o)
 .debug_line    0x000000000000241c      0x16f c:/intelfpga_lite/18.1/nios2eds/bin/gnu/h-x86_64-mingw32/bin/../lib/gcc/nios2-elf/5.3.0/../../../../../H-x86_64-mingw32/nios2-elf/lib/mno-hw-mul\libc.a(lib_a-strlen.o)
 .debug_line    0x000000000000258b      0x21f c:/intelfpga_lite/18.1/nios2eds/bin/gnu/h-x86_64-mingw32/bin/../lib/gcc/nios2-elf/5.3.0/../../../../../H-x86_64-mingw32/nios2-elf/lib/mno-hw-mul\libc.a(lib_a-__atexit.o)
 .debug_line    0x00000000000027aa      0x23a c:/intelfpga_lite/18.1/nios2eds/bin/gnu/h-x86_64-mingw32/bin/../lib/gcc/nios2-elf/5.3.0/../../../../../H-x86_64-mingw32/nios2-elf/lib/mno-hw-mul\libc.a(lib_a-__call_atexit.o)
 .debug_line    0x00000000000029e4       0x80 c:/intelfpga_lite/18.1/nios2eds/bin/gnu/h-x86_64-mingw32/bin/../lib/gcc/nios2-elf/5.3.0/mno-hw-mul\libgcc.a(lib2-mul.o)
 .debug_line    0x0000000000002a64       0x71 ../lab3_bsp/\libhal_bsp.a(alt_exit.o)

.debug_frame    0x0000000000000000      0xb4c
 *(.debug_frame)
 .debug_frame   0x0000000000000000       0x74 obj/default/part2.o
 .debug_frame   0x0000000000000074       0xa4 ../lab3_bsp/\libhal_bsp.a(alt_iic.o)
 .debug_frame   0x0000000000000118       0x38 ../lab3_bsp/\libhal_bsp.a(alt_iic_isr_register.o)
 .debug_frame   0x0000000000000150       0x38 ../lab3_bsp/\libhal_bsp.a(alt_irq_handler.o)
 .debug_frame   0x0000000000000188       0x5c ../lab3_bsp/\libhal_bsp.a(alt_load.o)
 .debug_frame   0x00000000000001e4       0x2c ../lab3_bsp/\libhal_bsp.a(alt_main.o)
 .debug_frame   0x0000000000000210       0x88 ../lab3_bsp/\libhal_bsp.a(alt_sys_init.o)
 .debug_frame   0x0000000000000298       0xb0 ../lab3_bsp/\libhal_bsp.a(altera_avalon_jtag_uart_fd.o)
 .debug_frame   0x0000000000000348       0xa4 ../lab3_bsp/\libhal_bsp.a(altera_avalon_jtag_uart_init.o)
 .debug_frame   0x00000000000003ec       0x34 ../lab3_bsp/\libhal_bsp.a(altera_avalon_jtag_uart_ioctl.o)
 .debug_frame   0x0000000000000420       0x38 ../lab3_bsp/\libhal_bsp.a(altera_avalon_jtag_uart_read.o)
 .debug_frame   0x0000000000000458       0x38 ../lab3_bsp/\libhal_bsp.a(altera_avalon_jtag_uart_write.o)
 .debug_frame   0x0000000000000490       0x60 ../lab3_bsp/\libhal_bsp.a(altera_avalon_timer_sc.o)
 .debug_frame   0x00000000000004f0       0x34 ../lab3_bsp/\libhal_bsp.a(alt_alarm_start.o)
 .debug_frame   0x0000000000000524       0x60 ../lab3_bsp/\libhal_bsp.a(alt_close.o)
 .debug_frame   0x0000000000000584       0x34 ../lab3_bsp/\libhal_bsp.a(alt_dcache_flush_all.o)
 .debug_frame   0x00000000000005b8       0x34 ../lab3_bsp/\libhal_bsp.a(alt_dev.o)
 .debug_frame   0x00000000000005ec       0x60 ../lab3_bsp/\libhal_bsp.a(alt_dev_llist_insert.o)
 .debug_frame   0x000000000000064c       0x38 ../lab3_bsp/\libhal_bsp.a(alt_do_ctors.o)
 .debug_frame   0x0000000000000684       0x38 ../lab3_bsp/\libhal_bsp.a(alt_do_dtors.o)
 .debug_frame   0x00000000000006bc       0x34 ../lab3_bsp/\libhal_bsp.a(alt_icache_flush_all.o)
 .debug_frame   0x00000000000006f0       0x5c ../lab3_bsp/\libhal_bsp.a(alt_instruction_exception_entry.o)
 .debug_frame   0x000000000000074c       0x64 ../lab3_bsp/\libhal_bsp.a(alt_io_redirect.o)
 .debug_frame   0x00000000000007b0       0x8c ../lab3_bsp/\libhal_bsp.a(alt_open.o)
 .debug_frame   0x000000000000083c       0x3c ../lab3_bsp/\libhal_bsp.a(alt_release_fd.o)
 .debug_frame   0x0000000000000878       0x5c ../lab3_bsp/\libhal_bsp.a(alt_tick.o)
 .debug_frame   0x00000000000008d4       0x34 ../lab3_bsp/\libhal_bsp.a(altera_nios2_gen2_irq.o)
 .debug_frame   0x0000000000000908       0x38 ../lab3_bsp/\libhal_bsp.a(alt_find_dev.o)
 .debug_frame   0x0000000000000940       0x38 ../lab3_bsp/\libhal_bsp.a(alt_find_file.o)
 .debug_frame   0x0000000000000978       0x3c ../lab3_bsp/\libhal_bsp.a(alt_get_fd.o)
 .debug_frame   0x00000000000009b4       0x20 c:/intelfpga_lite/18.1/nios2eds/bin/gnu/h-x86_64-mingw32/bin/../lib/gcc/nios2-elf/5.3.0/../../../../../H-x86_64-mingw32/nios2-elf/lib/mno-hw-mul\libc.a(lib_a-atexit.o)
 .debug_frame   0x00000000000009d4       0x28 c:/intelfpga_lite/18.1/nios2eds/bin/gnu/h-x86_64-mingw32/bin/../lib/gcc/nios2-elf/5.3.0/../../../../../H-x86_64-mingw32/nios2-elf/lib/mno-hw-mul\libc.a(lib_a-exit.o)
 .debug_frame   0x00000000000009fc       0x20 c:/intelfpga_lite/18.1/nios2eds/bin/gnu/h-x86_64-mingw32/bin/../lib/gcc/nios2-elf/5.3.0/../../../../../H-x86_64-mingw32/nios2-elf/lib/mno-hw-mul\libc.a(lib_a-memcmp.o)
 .debug_frame   0x0000000000000a1c       0x38 c:/intelfpga_lite/18.1/nios2eds/bin/gnu/h-x86_64-mingw32/bin/../lib/gcc/nios2-elf/5.3.0/../../../../../H-x86_64-mingw32/nios2-elf/lib/mno-hw-mul\libc.a(lib_a-memcpy.o)
 .debug_frame   0x0000000000000a54       0x20 c:/intelfpga_lite/18.1/nios2eds/bin/gnu/h-x86_64-mingw32/bin/../lib/gcc/nios2-elf/5.3.0/../../../../../H-x86_64-mingw32/nios2-elf/lib/mno-hw-mul\libc.a(lib_a-strlen.o)
 .debug_frame   0x0000000000000a74       0x38 c:/intelfpga_lite/18.1/nios2eds/bin/gnu/h-x86_64-mingw32/bin/../lib/gcc/nios2-elf/5.3.0/../../../../../H-x86_64-mingw32/nios2-elf/lib/mno-hw-mul\libc.a(lib_a-__atexit.o)
 .debug_frame   0x0000000000000aac       0x54 c:/intelfpga_lite/18.1/nios2eds/bin/gnu/h-x86_64-mingw32/bin/../lib/gcc/nios2-elf/5.3.0/../../../../../H-x86_64-mingw32/nios2-elf/lib/mno-hw-mul\libc.a(lib_a-__call_atexit.o)
 .debug_frame   0x0000000000000b00       0x20 c:/intelfpga_lite/18.1/nios2eds/bin/gnu/h-x86_64-mingw32/bin/../lib/gcc/nios2-elf/5.3.0/mno-hw-mul\libgcc.a(lib2-mul.o)
 .debug_frame   0x0000000000000b20       0x2c ../lab3_bsp/\libhal_bsp.a(alt_exit.o)

.debug_str      0x0000000000000000     0x1c80
 *(.debug_str)
 .debug_str     0x0000000000000000      0x19d obj/default/part2.o
                                        0x1e8 (size before relaxing)
 .debug_str     0x000000000000019d      0x148 ../lab3_bsp/\libhal_bsp.a(alt_iic.o)
                                        0x249 (size before relaxing)
 .debug_str     0x00000000000002e5       0x4c ../lab3_bsp/\libhal_bsp.a(alt_iic_isr_register.o)
                                        0x1f3 (size before relaxing)
 .debug_str     0x0000000000000331       0x3a ../lab3_bsp/\libhal_bsp.a(alt_irq_handler.o)
                                        0x1a2 (size before relaxing)
 .debug_str     0x000000000000036b       0x17 ../lab3_bsp/\libhal_bsp.a(alt_irq_vars.o)
                                        0x145 (size before relaxing)
 .debug_str     0x0000000000000382       0xe9 ../lab3_bsp/\libhal_bsp.a(alt_load.o)
                                        0x21d (size before relaxing)
 .debug_str     0x000000000000046b       0x44 ../lab3_bsp/\libhal_bsp.a(alt_main.o)
                                        0x1a8 (size before relaxing)
 .debug_str     0x00000000000004af      0x1da ../lab3_bsp/\libhal_bsp.a(alt_sys_init.o)
                                        0x39b (size before relaxing)
 .debug_str     0x0000000000000689       0xb9 ../lab3_bsp/\libhal_bsp.a(altera_avalon_jtag_uart_fd.o)
                                        0x3af (size before relaxing)
 .debug_str     0x0000000000000742       0xd1 ../lab3_bsp/\libhal_bsp.a(altera_avalon_jtag_uart_init.o)
                                        0x343 (size before relaxing)
 .debug_str     0x0000000000000813       0x4a ../lab3_bsp/\libhal_bsp.a(altera_avalon_jtag_uart_ioctl.o)
                                        0x29e (size before relaxing)
 .debug_str     0x000000000000085d       0x48 ../lab3_bsp/\libhal_bsp.a(altera_avalon_jtag_uart_read.o)
                                        0x2f3 (size before relaxing)
 .debug_str     0x00000000000008a5       0x4a ../lab3_bsp/\libhal_bsp.a(altera_avalon_jtag_uart_write.o)
                                        0x2f4 (size before relaxing)
 .debug_str     0x00000000000008ef       0x6d ../lab3_bsp/\libhal_bsp.a(altera_avalon_timer_sc.o)
                                        0x256 (size before relaxing)
 .debug_str     0x000000000000095c       0x59 ../lab3_bsp/\libhal_bsp.a(alt_alarm_start.o)
                                        0x289 (size before relaxing)
 .debug_str     0x00000000000009b5       0x44 ../lab3_bsp/\libhal_bsp.a(alt_close.o)
                                        0x216 (size before relaxing)
 .debug_str     0x00000000000009f9       0x34 ../lab3_bsp/\libhal_bsp.a(alt_dcache_flush_all.o)
                                        0x160 (size before relaxing)
 .debug_str     0x0000000000000a2d      0x120 ../lab3_bsp/\libhal_bsp.a(alt_dev.o)
                                        0x310 (size before relaxing)
 .debug_str     0x0000000000000b4d       0x34 ../lab3_bsp/\libhal_bsp.a(alt_dev_llist_insert.o)
                                        0x1d7 (size before relaxing)
 .debug_str     0x0000000000000b81       0x48 ../lab3_bsp/\libhal_bsp.a(alt_do_ctors.o)
                                         0xdb (size before relaxing)
 .debug_str     0x0000000000000bc9       0x4c ../lab3_bsp/\libhal_bsp.a(alt_do_dtors.o)
                                         0xda (size before relaxing)
 .debug_str     0x0000000000000c15       0x14 ../lab3_bsp/\libhal_bsp.a(alt_errno.o)
                                        0x150 (size before relaxing)
 .debug_str     0x0000000000000c29       0x34 ../lab3_bsp/\libhal_bsp.a(alt_icache_flush_all.o)
                                        0x160 (size before relaxing)
 .debug_str     0x0000000000000c5d      0x48b ../lab3_bsp/\libhal_bsp.a(alt_instruction_exception_entry.o)
                                        0x5ab (size before relaxing)
 .debug_str     0x00000000000010e8       0x56 ../lab3_bsp/\libhal_bsp.a(alt_io_redirect.o)
                                        0x321 (size before relaxing)
 .debug_str     0x000000000000113e       0x2f ../lab3_bsp/\libhal_bsp.a(alt_open.o)
                                        0x256 (size before relaxing)
 .debug_str     0x000000000000116d       0x28 ../lab3_bsp/\libhal_bsp.a(alt_release_fd.o)
                                        0x1de (size before relaxing)
 .debug_str     0x0000000000001195       0x4a ../lab3_bsp/\libhal_bsp.a(alt_tick.o)
                                        0x25d (size before relaxing)
 .debug_str     0x00000000000011df       0x3b ../lab3_bsp/\libhal_bsp.a(altera_nios2_gen2_irq.o)
                                        0x167 (size before relaxing)
 .debug_str     0x000000000000121a       0x24 ../lab3_bsp/\libhal_bsp.a(alt_find_dev.o)
                                        0x1f7 (size before relaxing)
 .debug_str     0x000000000000123e       0x26 ../lab3_bsp/\libhal_bsp.a(alt_find_file.o)
                                        0x205 (size before relaxing)
 .debug_str     0x0000000000001264       0x30 ../lab3_bsp/\libhal_bsp.a(alt_get_fd.o)
                                        0x227 (size before relaxing)
 .debug_str     0x0000000000001294      0x17c c:/intelfpga_lite/18.1/nios2eds/bin/gnu/h-x86_64-mingw32/bin/../lib/gcc/nios2-elf/5.3.0/../../../../../H-x86_64-mingw32/nios2-elf/lib/mno-hw-mul\libc.a(lib_a-atexit.o)
                                        0x221 (size before relaxing)
 .debug_str     0x0000000000001410      0x3af c:/intelfpga_lite/18.1/nios2eds/bin/gnu/h-x86_64-mingw32/bin/../lib/gcc/nios2-elf/5.3.0/../../../../../H-x86_64-mingw32/nios2-elf/lib/mno-hw-mul\libc.a(lib_a-exit.o)
                                        0x5be (size before relaxing)
 .debug_str     0x00000000000017bf       0xd6 c:/intelfpga_lite/18.1/nios2eds/bin/gnu/h-x86_64-mingw32/bin/../lib/gcc/nios2-elf/5.3.0/../../../../../H-x86_64-mingw32/nios2-elf/lib/mno-hw-mul\libc.a(lib_a-impure.o)
                                        0x5b5 (size before relaxing)
 .debug_str     0x0000000000001895       0x3f c:/intelfpga_lite/18.1/nios2eds/bin/gnu/h-x86_64-mingw32/bin/../lib/gcc/nios2-elf/5.3.0/../../../../../H-x86_64-mingw32/nios2-elf/lib/mno-hw-mul\libc.a(lib_a-int_errno.o)
                                        0x1dd (size before relaxing)
 .debug_str     0x00000000000018d4       0xda c:/intelfpga_lite/18.1/nios2eds/bin/gnu/h-x86_64-mingw32/bin/../lib/gcc/nios2-elf/5.3.0/../../../../../H-x86_64-mingw32/nios2-elf/lib/mno-hw-mul\libc.a(lib_a-memcmp.o)
                                        0x1e4 (size before relaxing)
 .debug_str     0x00000000000019ae       0x6b c:/intelfpga_lite/18.1/nios2eds/bin/gnu/h-x86_64-mingw32/bin/../lib/gcc/nios2-elf/5.3.0/../../../../../H-x86_64-mingw32/nios2-elf/lib/mno-hw-mul\libc.a(lib_a-memcpy.o)
                                        0x20b (size before relaxing)
 .debug_str     0x0000000000001a19       0x51 c:/intelfpga_lite/18.1/nios2eds/bin/gnu/h-x86_64-mingw32/bin/../lib/gcc/nios2-elf/5.3.0/../../../../../H-x86_64-mingw32/nios2-elf/lib/mno-hw-mul\libc.a(lib_a-strlen.o)
                                        0x1f7 (size before relaxing)
 .debug_str     0x0000000000001a6a       0x3f c:/intelfpga_lite/18.1/nios2eds/bin/gnu/h-x86_64-mingw32/bin/../lib/gcc/nios2-elf/5.3.0/../../../../../H-x86_64-mingw32/nios2-elf/lib/mno-hw-mul\libc.a(lib_a-__atexit.o)
                                        0x5f6 (size before relaxing)
 .debug_str     0x0000000000001aa9       0x65 c:/intelfpga_lite/18.1/nios2eds/bin/gnu/h-x86_64-mingw32/bin/../lib/gcc/nios2-elf/5.3.0/../../../../../H-x86_64-mingw32/nios2-elf/lib/mno-hw-mul\libc.a(lib_a-__call_atexit.o)
                                        0x5e2 (size before relaxing)
 .debug_str     0x0000000000001b0e      0x148 c:/intelfpga_lite/18.1/nios2eds/bin/gnu/h-x86_64-mingw32/bin/../lib/gcc/nios2-elf/5.3.0/mno-hw-mul\libgcc.a(lib2-mul.o)
                                        0x193 (size before relaxing)
 .debug_str     0x0000000000001c56       0x2a ../lab3_bsp/\libhal_bsp.a(alt_exit.o)
                                        0x15c (size before relaxing)

.debug_loc      0x0000000000000000      0x803
 *(.debug_loc)
 .debug_loc     0x0000000000000000       0x2c c:/intelfpga_lite/18.1/nios2eds/bin/gnu/h-x86_64-mingw32/bin/../lib/gcc/nios2-elf/5.3.0/../../../../../H-x86_64-mingw32/nios2-elf/lib/mno-hw-mul\libc.a(lib_a-atexit.o)
 .debug_loc     0x000000000000002c       0x1e c:/intelfpga_lite/18.1/nios2eds/bin/gnu/h-x86_64-mingw32/bin/../lib/gcc/nios2-elf/5.3.0/../../../../../H-x86_64-mingw32/nios2-elf/lib/mno-hw-mul\libc.a(lib_a-exit.o)
 .debug_loc     0x000000000000004a      0x126 c:/intelfpga_lite/18.1/nios2eds/bin/gnu/h-x86_64-mingw32/bin/../lib/gcc/nios2-elf/5.3.0/../../../../../H-x86_64-mingw32/nios2-elf/lib/mno-hw-mul\libc.a(lib_a-memcmp.o)
 .debug_loc     0x0000000000000170      0x266 c:/intelfpga_lite/18.1/nios2eds/bin/gnu/h-x86_64-mingw32/bin/../lib/gcc/nios2-elf/5.3.0/../../../../../H-x86_64-mingw32/nios2-elf/lib/mno-hw-mul\libc.a(lib_a-memcpy.o)
 .debug_loc     0x00000000000003d6       0x47 c:/intelfpga_lite/18.1/nios2eds/bin/gnu/h-x86_64-mingw32/bin/../lib/gcc/nios2-elf/5.3.0/../../../../../H-x86_64-mingw32/nios2-elf/lib/mno-hw-mul\libc.a(lib_a-strlen.o)
 .debug_loc     0x000000000000041d      0x185 c:/intelfpga_lite/18.1/nios2eds/bin/gnu/h-x86_64-mingw32/bin/../lib/gcc/nios2-elf/5.3.0/../../../../../H-x86_64-mingw32/nios2-elf/lib/mno-hw-mul\libc.a(lib_a-__atexit.o)
 .debug_loc     0x00000000000005a2      0x1ce c:/intelfpga_lite/18.1/nios2eds/bin/gnu/h-x86_64-mingw32/bin/../lib/gcc/nios2-elf/5.3.0/../../../../../H-x86_64-mingw32/nios2-elf/lib/mno-hw-mul\libc.a(lib_a-__call_atexit.o)
 .debug_loc     0x0000000000000770       0x93 c:/intelfpga_lite/18.1/nios2eds/bin/gnu/h-x86_64-mingw32/bin/../lib/gcc/nios2-elf/5.3.0/mno-hw-mul\libgcc.a(lib2-mul.o)

.debug_macinfo
 *(.debug_macinfo)

.debug_weaknames
 *(.debug_weaknames)

.debug_funcnames
 *(.debug_funcnames)

.debug_typenames
 *(.debug_typenames)

.debug_varnames
 *(.debug_varnames)

.debug_alt_sim_info
                0x0000000000000000       0x10
 *(.debug_alt_sim_info)
 .debug_alt_sim_info
                0x0000000000000000       0x10 ../lab3_bsp//obj/HAL/src/crt0.o
                0x0000000000010000                __alt_data_end = 0x10000
                0x0000000000010000                PROVIDE (__alt_stack_pointer, __alt_data_end)
                [!provide]                        PROVIDE (__alt_stack_limit, __alt_stack_base)
                [!provide]                        PROVIDE (__alt_heap_start, end)
                [!provide]                        PROVIDE (__alt_heap_limit, 0x10000)
OUTPUT(lab3.elf elf32-littlenios2)

.debug_ranges   0x0000000000000000      0x178
 .debug_ranges  0x0000000000000000       0x20 ../lab3_bsp//obj/HAL/src/crt0.o
 .debug_ranges  0x0000000000000020       0x28 ../lab3_bsp/\libhal_bsp.a(alt_irq_entry.o)
 .debug_ranges  0x0000000000000048       0x10 ../lab3_bsp/\libhal_bsp.a(alt_irq_handler.o)
 .debug_ranges  0x0000000000000058       0x30 ../lab3_bsp/\libhal_bsp.a(altera_avalon_jtag_uart_init.o)
 .debug_ranges  0x0000000000000088       0x18 ../lab3_bsp/\libhal_bsp.a(altera_avalon_jtag_uart_read.o)
 .debug_ranges  0x00000000000000a0       0x30 ../lab3_bsp/\libhal_bsp.a(alt_exception_entry.o)
 .debug_ranges  0x00000000000000d0       0x18 ../lab3_bsp/\libhal_bsp.a(alt_instruction_exception_entry.o)
 .debug_ranges  0x00000000000000e8       0x10 c:/intelfpga_lite/18.1/nios2eds/bin/gnu/h-x86_64-mingw32/bin/../lib/gcc/nios2-elf/5.3.0/../../../../../H-x86_64-mingw32/nios2-elf/lib/mno-hw-mul\libc.a(lib_a-atexit.o)
 .debug_ranges  0x00000000000000f8       0x10 c:/intelfpga_lite/18.1/nios2eds/bin/gnu/h-x86_64-mingw32/bin/../lib/gcc/nios2-elf/5.3.0/../../../../../H-x86_64-mingw32/nios2-elf/lib/mno-hw-mul\libc.a(lib_a-exit.o)
 .debug_ranges  0x0000000000000108       0x10 c:/intelfpga_lite/18.1/nios2eds/bin/gnu/h-x86_64-mingw32/bin/../lib/gcc/nios2-elf/5.3.0/../../../../../H-x86_64-mingw32/nios2-elf/lib/mno-hw-mul\libc.a(lib_a-memcmp.o)
 .debug_ranges  0x0000000000000118       0x10 c:/intelfpga_lite/18.1/nios2eds/bin/gnu/h-x86_64-mingw32/bin/../lib/gcc/nios2-elf/5.3.0/../../../../../H-x86_64-mingw32/nios2-elf/lib/mno-hw-mul\libc.a(lib_a-memcpy.o)
 .debug_ranges  0x0000000000000128       0x10 c:/intelfpga_lite/18.1/nios2eds/bin/gnu/h-x86_64-mingw32/bin/../lib/gcc/nios2-elf/5.3.0/../../../../../H-x86_64-mingw32/nios2-elf/lib/mno-hw-mul\libc.a(lib_a-strlen.o)
 .debug_ranges  0x0000000000000138       0x10 c:/intelfpga_lite/18.1/nios2eds/bin/gnu/h-x86_64-mingw32/bin/../lib/gcc/nios2-elf/5.3.0/../../../../../H-x86_64-mingw32/nios2-elf/lib/mno-hw-mul\libc.a(lib_a-__atexit.o)
 .debug_ranges  0x0000000000000148       0x30 c:/intelfpga_lite/18.1/nios2eds/bin/gnu/h-x86_64-mingw32/bin/../lib/gcc/nios2-elf/5.3.0/../../../../../H-x86_64-mingw32/nios2-elf/lib/mno-hw-mul\libc.a(lib_a-__call_atexit.o)
