Archive member included to satisfy reference by file (symbol)

c:/intelfpga_lite/18.1/nios2eds/bin/gnu/h-x86_64-mingw32/bin/../lib/gcc/nios2-elf/5.3.0/mno-hw-mul\libgcc.a(lib2-divmod.o)
                              obj/default/lab5.o (__udivsi3)
c:/intelfpga_lite/18.1/nios2eds/bin/gnu/h-x86_64-mingw32/bin/../lib/gcc/nios2-elf/5.3.0/mno-hw-mul\libgcc.a(lib2-mul.o)
                              obj/default/lab5.o (__mulsi3)
../lab5_bsp/\libhal_bsp.a(alt_iic.o)
                              obj/default/lab5.o (alt_ic_isr_register)
../lab5_bsp/\libhal_bsp.a(alt_iic_isr_register.o)
                              ../lab5_bsp/\libhal_bsp.a(alt_iic.o) (alt_iic_isr_register)
../lab5_bsp/\libhal_bsp.a(alt_irq_entry.o)
                              ../lab5_bsp/\libhal_bsp.a(alt_iic_isr_register.o) (alt_irq_entry)
../lab5_bsp/\libhal_bsp.a(alt_irq_handler.o)
                              ../lab5_bsp/\libhal_bsp.a(alt_iic_isr_register.o) (alt_irq)
../lab5_bsp/\libhal_bsp.a(alt_irq_vars.o)
                              ../lab5_bsp/\libhal_bsp.a(alt_iic.o) (alt_irq_active)
../lab5_bsp/\libhal_bsp.a(alt_load.o)
                              ../lab5_bsp//obj/HAL/src/crt0.o (alt_load)
../lab5_bsp/\libhal_bsp.a(alt_main.o)
                              ../lab5_bsp//obj/HAL/src/crt0.o (alt_main)
../lab5_bsp/\libhal_bsp.a(alt_sys_init.o)
                              ../lab5_bsp/\libhal_bsp.a(alt_main.o) (alt_irq_init)
../lab5_bsp/\libhal_bsp.a(altera_avalon_jtag_uart_fd.o)
                              ../lab5_bsp/\libhal_bsp.a(alt_sys_init.o) (altera_avalon_jtag_uart_read_fd)
../lab5_bsp/\libhal_bsp.a(altera_avalon_jtag_uart_init.o)
                              ../lab5_bsp/\libhal_bsp.a(alt_sys_init.o) (altera_avalon_jtag_uart_init)
../lab5_bsp/\libhal_bsp.a(altera_avalon_jtag_uart_ioctl.o)
                              ../lab5_bsp/\libhal_bsp.a(altera_avalon_jtag_uart_fd.o) (altera_avalon_jtag_uart_ioctl)
../lab5_bsp/\libhal_bsp.a(altera_avalon_jtag_uart_read.o)
                              ../lab5_bsp/\libhal_bsp.a(altera_avalon_jtag_uart_fd.o) (altera_avalon_jtag_uart_read)
../lab5_bsp/\libhal_bsp.a(altera_avalon_jtag_uart_write.o)
                              ../lab5_bsp/\libhal_bsp.a(altera_avalon_jtag_uart_fd.o) (altera_avalon_jtag_uart_write)
../lab5_bsp/\libhal_bsp.a(alt_alarm_start.o)
                              ../lab5_bsp/\libhal_bsp.a(altera_avalon_jtag_uart_init.o) (alt_alarm_start)
../lab5_bsp/\libhal_bsp.a(alt_close.o)
                              ../lab5_bsp/\libhal_bsp.a(alt_main.o) (close)
../lab5_bsp/\libhal_bsp.a(alt_dcache_flush_all.o)
                              ../lab5_bsp/\libhal_bsp.a(alt_load.o) (alt_dcache_flush_all)
../lab5_bsp/\libhal_bsp.a(alt_dev.o)
                              ../lab5_bsp/\libhal_bsp.a(alt_sys_init.o) (alt_dev_list)
../lab5_bsp/\libhal_bsp.a(alt_dev_llist_insert.o)
                              ../lab5_bsp/\libhal_bsp.a(alt_sys_init.o) (alt_dev_llist_insert)
../lab5_bsp/\libhal_bsp.a(alt_do_ctors.o)
                              ../lab5_bsp/\libhal_bsp.a(alt_main.o) (_do_ctors)
../lab5_bsp/\libhal_bsp.a(alt_do_dtors.o)
                              ../lab5_bsp/\libhal_bsp.a(alt_main.o) (_do_dtors)
../lab5_bsp/\libhal_bsp.a(alt_errno.o)
                              ../lab5_bsp/\libhal_bsp.a(alt_close.o) (alt_errno)
../lab5_bsp/\libhal_bsp.a(alt_exception_entry.o)
                              ../lab5_bsp/\libhal_bsp.a(alt_irq_entry.o) (alt_exception)
../lab5_bsp/\libhal_bsp.a(alt_icache_flush_all.o)
                              ../lab5_bsp/\libhal_bsp.a(alt_load.o) (alt_icache_flush_all)
../lab5_bsp/\libhal_bsp.a(alt_instruction_exception_entry.o)
                              ../lab5_bsp/\libhal_bsp.a(alt_exception_entry.o) (alt_instruction_exception_entry)
../lab5_bsp/\libhal_bsp.a(alt_io_redirect.o)
                              ../lab5_bsp/\libhal_bsp.a(alt_main.o) (alt_io_redirect)
../lab5_bsp/\libhal_bsp.a(alt_open.o)
                              ../lab5_bsp/\libhal_bsp.a(alt_io_redirect.o) (open)
../lab5_bsp/\libhal_bsp.a(alt_release_fd.o)
                              ../lab5_bsp/\libhal_bsp.a(alt_close.o) (alt_release_fd)
../lab5_bsp/\libhal_bsp.a(alt_tick.o)
                              ../lab5_bsp/\libhal_bsp.a(altera_avalon_jtag_uart_init.o) (_alt_tick_rate)
../lab5_bsp/\libhal_bsp.a(altera_nios2_gen2_irq.o)
                              ../lab5_bsp/\libhal_bsp.a(alt_sys_init.o) (altera_nios2_gen2_irq_init)
../lab5_bsp/\libhal_bsp.a(alt_find_dev.o)
                              ../lab5_bsp/\libhal_bsp.a(alt_open.o) (alt_find_dev)
../lab5_bsp/\libhal_bsp.a(alt_find_file.o)
                              ../lab5_bsp/\libhal_bsp.a(alt_open.o) (alt_find_file)
../lab5_bsp/\libhal_bsp.a(alt_get_fd.o)
                              ../lab5_bsp/\libhal_bsp.a(alt_open.o) (alt_get_fd)
c:/intelfpga_lite/18.1/nios2eds/bin/gnu/h-x86_64-mingw32/bin/../lib/gcc/nios2-elf/5.3.0/../../../../../H-x86_64-mingw32/nios2-elf/lib/mno-hw-mul\libc.a(lib_a-atexit.o)
                              ../lab5_bsp/\libhal_bsp.a(alt_main.o) (atexit)
c:/intelfpga_lite/18.1/nios2eds/bin/gnu/h-x86_64-mingw32/bin/../lib/gcc/nios2-elf/5.3.0/../../../../../H-x86_64-mingw32/nios2-elf/lib/mno-hw-mul\libc.a(lib_a-exit.o)
                              ../lab5_bsp/\libhal_bsp.a(alt_main.o) (exit)
c:/intelfpga_lite/18.1/nios2eds/bin/gnu/h-x86_64-mingw32/bin/../lib/gcc/nios2-elf/5.3.0/../../../../../H-x86_64-mingw32/nios2-elf/lib/mno-hw-mul\libc.a(lib_a-impure.o)
                              c:/intelfpga_lite/18.1/nios2eds/bin/gnu/h-x86_64-mingw32/bin/../lib/gcc/nios2-elf/5.3.0/../../../../../H-x86_64-mingw32/nios2-elf/lib/mno-hw-mul\libc.a(lib_a-exit.o) (_global_impure_ptr)
c:/intelfpga_lite/18.1/nios2eds/bin/gnu/h-x86_64-mingw32/bin/../lib/gcc/nios2-elf/5.3.0/../../../../../H-x86_64-mingw32/nios2-elf/lib/mno-hw-mul\libc.a(lib_a-int_errno.o)
                              ../lab5_bsp/\libhal_bsp.a(alt_close.o) (errno)
c:/intelfpga_lite/18.1/nios2eds/bin/gnu/h-x86_64-mingw32/bin/../lib/gcc/nios2-elf/5.3.0/../../../../../H-x86_64-mingw32/nios2-elf/lib/mno-hw-mul\libc.a(lib_a-memcmp.o)
                              ../lab5_bsp/\libhal_bsp.a(alt_find_dev.o) (memcmp)
c:/intelfpga_lite/18.1/nios2eds/bin/gnu/h-x86_64-mingw32/bin/../lib/gcc/nios2-elf/5.3.0/../../../../../H-x86_64-mingw32/nios2-elf/lib/mno-hw-mul\libc.a(lib_a-memcpy.o)
                              ../lab5_bsp/\libhal_bsp.a(altera_avalon_jtag_uart_read.o) (memcpy)
c:/intelfpga_lite/18.1/nios2eds/bin/gnu/h-x86_64-mingw32/bin/../lib/gcc/nios2-elf/5.3.0/../../../../../H-x86_64-mingw32/nios2-elf/lib/mno-hw-mul\libc.a(lib_a-strlen.o)
                              ../lab5_bsp/\libhal_bsp.a(alt_find_dev.o) (strlen)
c:/intelfpga_lite/18.1/nios2eds/bin/gnu/h-x86_64-mingw32/bin/../lib/gcc/nios2-elf/5.3.0/../../../../../H-x86_64-mingw32/nios2-elf/lib/mno-hw-mul\libc.a(lib_a-__atexit.o)
                              c:/intelfpga_lite/18.1/nios2eds/bin/gnu/h-x86_64-mingw32/bin/../lib/gcc/nios2-elf/5.3.0/../../../../../H-x86_64-mingw32/nios2-elf/lib/mno-hw-mul\libc.a(lib_a-atexit.o) (__register_exitproc)
c:/intelfpga_lite/18.1/nios2eds/bin/gnu/h-x86_64-mingw32/bin/../lib/gcc/nios2-elf/5.3.0/../../../../../H-x86_64-mingw32/nios2-elf/lib/mno-hw-mul\libc.a(lib_a-__call_atexit.o)
                              c:/intelfpga_lite/18.1/nios2eds/bin/gnu/h-x86_64-mingw32/bin/../lib/gcc/nios2-elf/5.3.0/../../../../../H-x86_64-mingw32/nios2-elf/lib/mno-hw-mul\libc.a(lib_a-exit.o) (__call_exitprocs)
../lab5_bsp/\libhal_bsp.a(alt_exit.o)
                              c:/intelfpga_lite/18.1/nios2eds/bin/gnu/h-x86_64-mingw32/bin/../lib/gcc/nios2-elf/5.3.0/../../../../../H-x86_64-mingw32/nios2-elf/lib/mno-hw-mul\libc.a(lib_a-exit.o) (_exit)

Allocating common symbols
Common symbol       size              file

alt_irq             0x100             ../lab5_bsp/\libhal_bsp.a(alt_irq_handler.o)
errno               0x4               c:/intelfpga_lite/18.1/nios2eds/bin/gnu/h-x86_64-mingw32/bin/../lib/gcc/nios2-elf/5.3.0/../../../../../H-x86_64-mingw32/nios2-elf/lib/mno-hw-mul\libc.a(lib_a-int_errno.o)
switchVal           0x1               obj/default/lab5.o

Memory Configuration

Name             Origin             Length             Attributes
reset            0x0000000000008000 0x0000000000000020
onchip_memory2_0 0x0000000000008020 0x0000000000007fe0
*default*        0x0000000000000000 0xffffffffffffffff

Linker script and memory map

LOAD ../lab5_bsp//obj/HAL/src/crt0.o
LOAD obj/default/lab5.o
LOAD c:/intelfpga_lite/18.1/nios2eds/bin/gnu/h-x86_64-mingw32/bin/../lib/gcc/nios2-elf/5.3.0/../../../../../H-x86_64-mingw32/nios2-elf/lib/mno-hw-mul\libstdc++.a
LOAD c:/intelfpga_lite/18.1/nios2eds/bin/gnu/h-x86_64-mingw32/bin/../lib/gcc/nios2-elf/5.3.0/../../../../../H-x86_64-mingw32/nios2-elf/lib/mno-hw-mul\libm.a
LOAD c:/intelfpga_lite/18.1/nios2eds/bin/gnu/h-x86_64-mingw32/bin/../lib/gcc/nios2-elf/5.3.0/mno-hw-mul\libgcc.a
START GROUP
LOAD c:/intelfpga_lite/18.1/nios2eds/bin/gnu/h-x86_64-mingw32/bin/../lib/gcc/nios2-elf/5.3.0/../../../../../H-x86_64-mingw32/nios2-elf/lib/mno-hw-mul\libc.a
LOAD c:/intelfpga_lite/18.1/nios2eds/bin/gnu/h-x86_64-mingw32/bin/../lib/gcc/nios2-elf/5.3.0/mno-hw-mul\libgcc.a
LOAD ../lab5_bsp/\libhal_bsp.a
LOAD c:/intelfpga_lite/18.1/nios2eds/bin/gnu/h-x86_64-mingw32/bin/../lib/gcc/nios2-elf/5.3.0/../../../../../H-x86_64-mingw32/nios2-elf/lib/mno-hw-mul\libm.a
END GROUP
LOAD c:/intelfpga_lite/18.1/nios2eds/bin/gnu/h-x86_64-mingw32/bin/../lib/gcc/nios2-elf/5.3.0/mno-hw-mul\libgcc.a
                0x0000000000008000                __alt_mem_onchip_memory2_0 = 0x8000

.entry          0x0000000000008000       0x20
 *(.entry)
 .entry         0x0000000000008000       0x20 ../lab5_bsp//obj/HAL/src/crt0.o
                0x0000000000008000                __reset

.exceptions     0x0000000000008020      0x210
                0x0000000000008020                PROVIDE (__ram_exceptions_start, ABSOLUTE (.))
                0x0000000000008020                . = ALIGN (0x20)
 *(.irq)
 *(.exceptions.entry.label)
 .exceptions.entry.label
                0x0000000000008020        0x0 ../lab5_bsp/\libhal_bsp.a(alt_irq_entry.o)
                0x0000000000008020                alt_irq_entry
 .exceptions.entry.label
                0x0000000000008020        0x0 ../lab5_bsp/\libhal_bsp.a(alt_exception_entry.o)
                0x0000000000008020                alt_exception
 *(.exceptions.entry.user)
 *(.exceptions.entry.ecc_fatal)
 *(.exceptions.entry)
 .exceptions.entry
                0x0000000000008020       0x54 ../lab5_bsp/\libhal_bsp.a(alt_exception_entry.o)
 *(.exceptions.irqtest.user)
 *(.exceptions.irqtest)
 .exceptions.irqtest
                0x0000000000008074       0x10 ../lab5_bsp/\libhal_bsp.a(alt_irq_entry.o)
 *(.exceptions.irqhandler.user)
 *(.exceptions.irqhandler)
 .exceptions.irqhandler
                0x0000000000008084        0x4 ../lab5_bsp/\libhal_bsp.a(alt_irq_entry.o)
 *(.exceptions.irqreturn.user)
 *(.exceptions.irqreturn)
 .exceptions.irqreturn
                0x0000000000008088        0x4 ../lab5_bsp/\libhal_bsp.a(alt_irq_entry.o)
 *(.exceptions.notirq.label)
 .exceptions.notirq.label
                0x000000000000808c        0x0 ../lab5_bsp/\libhal_bsp.a(alt_irq_entry.o)
 *(.exceptions.notirq.user)
 *(.exceptions.notirq)
 .exceptions.notirq
                0x000000000000808c        0x8 ../lab5_bsp/\libhal_bsp.a(alt_exception_entry.o)
 *(.exceptions.soft.user)
 *(.exceptions.soft)
 *(.exceptions.unknown.user)
 *(.exceptions.unknown)
 .exceptions.unknown
                0x0000000000008094       0x14 ../lab5_bsp/\libhal_bsp.a(alt_exception_entry.o)
 *(.exceptions.exit.label)
 .exceptions.exit.label
                0x00000000000080a8        0x0 ../lab5_bsp/\libhal_bsp.a(alt_irq_entry.o)
 .exceptions.exit.label
                0x00000000000080a8        0x0 ../lab5_bsp/\libhal_bsp.a(alt_exception_entry.o)
 *(.exceptions.exit.user)
 *(.exceptions.exit)
 .exceptions.exit
                0x00000000000080a8       0x54 ../lab5_bsp/\libhal_bsp.a(alt_exception_entry.o)
 *(.exceptions)
 .exceptions    0x00000000000080fc       0xd4 ../lab5_bsp/\libhal_bsp.a(alt_irq_handler.o)
                0x00000000000080fc                alt_irq_handler
 .exceptions    0x00000000000081d0       0x60 ../lab5_bsp/\libhal_bsp.a(alt_instruction_exception_entry.o)
                0x00000000000081d0                alt_instruction_exception_entry
                0x0000000000008230                PROVIDE (__ram_exceptions_end, ABSOLUTE (.))
                0x0000000000008020                PROVIDE (__flash_exceptions_start, LOADADDR (.exceptions))

.text           0x0000000000008230     0x2774
                [!provide]                        PROVIDE (stext, ABSOLUTE (.))
 *(.interp)
 *(.hash)
 *(.dynsym)
 *(.dynstr)
 *(.gnu.version)
 *(.gnu.version_d)
 *(.gnu.version_r)
 *(.rel.init)
 *(.rela.init)
 *(.rel.text .rel.text.* .rel.gnu.linkonce.t.*)
 *(.rela.text .rela.text.* .rela.gnu.linkonce.t.*)
 *(.rel.fini)
 *(.rela.fini)
 *(.rel.rodata .rel.rodata.* .rel.gnu.linkonce.r.*)
 *(.rela.rodata .rela.rodata.* .rela.gnu.linkonce.r.*)
 *(.rel.data .rel.data.* .rel.gnu.linkonce.d.*)
 *(.rela.data .rela.data.* .rela.gnu.linkonce.d.*)
 *(.rel.tdata .rel.tdata.* .rel.gnu.linkonce.td.*)
 *(.rela.tdata .rela.tdata.* .rela.gnu.linkonce.td.*)
 *(.rel.tbss .rel.tbss.* .rel.gnu.linkonce.tb.*)
 *(.rela.tbss .rela.tbss.* .rela.gnu.linkonce.tb.*)
 *(.rel.ctors)
 *(.rela.ctors)
 *(.rel.dtors)
 *(.rela.dtors)
 *(.rel.got)
 *(.rela.got)
 *(.rel.sdata .rel.sdata.* .rel.gnu.linkonce.s.*)
 *(.rela.sdata .rela.sdata.* .rela.gnu.linkonce.s.*)
 *(.rel.sbss .rel.sbss.* .rel.gnu.linkonce.sb.*)
 *(.rela.sbss .rela.sbss.* .rela.gnu.linkonce.sb.*)
 *(.rel.sdata2 .rel.sdata2.* .rel.gnu.linkonce.s2.*)
 *(.rela.sdata2 .rela.sdata2.* .rela.gnu.linkonce.s2.*)
 *(.rel.sbss2 .rel.sbss2.* .rel.gnu.linkonce.sb2.*)
 *(.rela.sbss2 .rela.sbss2.* .rela.gnu.linkonce.sb2.*)
 *(.rel.bss .rel.bss.* .rel.gnu.linkonce.b.*)
 *(.rela.bss .rela.bss.* .rela.gnu.linkonce.b.*)
 *(.rel.plt)
 *(.rela.plt)
 *(.rel.dyn)
 *(.init)
 *(.plt)
 *(.text .stub .text.* .gnu.linkonce.t.*)
 .text          0x0000000000008230       0x3c ../lab5_bsp//obj/HAL/src/crt0.o
                0x0000000000008230                _start
 .text          0x000000000000826c      0x34c obj/default/lab5.o
                0x000000000000826c                key1_isr
                0x0000000000008470                servo_isr
                0x00000000000084e8                main
 .text          0x00000000000085b8      0x1b4 c:/intelfpga_lite/18.1/nios2eds/bin/gnu/h-x86_64-mingw32/bin/../lib/gcc/nios2-elf/5.3.0/mno-hw-mul\libgcc.a(lib2-divmod.o)
                0x00000000000085b8                __divsi3
                0x000000000000863c                __modsi3
                0x00000000000086b0                __udivsi3
                0x0000000000008714                __umodsi3
 .text          0x000000000000876c       0x28 c:/intelfpga_lite/18.1/nios2eds/bin/gnu/h-x86_64-mingw32/bin/../lib/gcc/nios2-elf/5.3.0/mno-hw-mul\libgcc.a(lib2-mul.o)
                0x000000000000876c                __mulsi3
 .text          0x0000000000008794      0x1b0 ../lab5_bsp/\libhal_bsp.a(alt_iic.o)
                0x0000000000008794                alt_ic_isr_register
                0x00000000000087e4                alt_ic_irq_enable
                0x000000000000886c                alt_ic_irq_disable
                0x00000000000088f8                alt_ic_irq_enabled
 .text          0x0000000000008944       0xf0 ../lab5_bsp/\libhal_bsp.a(alt_iic_isr_register.o)
                0x0000000000008944                alt_iic_isr_register
 .text          0x0000000000008a34        0x0 ../lab5_bsp/\libhal_bsp.a(alt_irq_entry.o)
 .text          0x0000000000008a34        0x0 ../lab5_bsp/\libhal_bsp.a(alt_irq_handler.o)
 .text          0x0000000000008a34        0x0 ../lab5_bsp/\libhal_bsp.a(alt_irq_vars.o)
 .text          0x0000000000008a34       0xec ../lab5_bsp/\libhal_bsp.a(alt_load.o)
                0x0000000000008a9c                alt_load
 .text          0x0000000000008b20       0x7c ../lab5_bsp/\libhal_bsp.a(alt_main.o)
                0x0000000000008b20                alt_main
 .text          0x0000000000008b9c       0xb8 ../lab5_bsp/\libhal_bsp.a(alt_sys_init.o)
                0x0000000000008bd0                alt_irq_init
                0x0000000000008c08                alt_sys_init
 .text          0x0000000000008c54      0x164 ../lab5_bsp/\libhal_bsp.a(altera_avalon_jtag_uart_fd.o)
                0x0000000000008c54                altera_avalon_jtag_uart_read_fd
                0x0000000000008cb4                altera_avalon_jtag_uart_write_fd
                0x0000000000008d14                altera_avalon_jtag_uart_close_fd
                0x0000000000008d64                altera_avalon_jtag_uart_ioctl_fd
 .text          0x0000000000008db8      0x3d4 ../lab5_bsp/\libhal_bsp.a(altera_avalon_jtag_uart_init.o)
                0x0000000000008db8                altera_avalon_jtag_uart_init
                0x0000000000009124                altera_avalon_jtag_uart_close
 .text          0x000000000000918c       0xf0 ../lab5_bsp/\libhal_bsp.a(altera_avalon_jtag_uart_ioctl.o)
                0x000000000000918c                altera_avalon_jtag_uart_ioctl
 .text          0x000000000000927c      0x21c ../lab5_bsp/\libhal_bsp.a(altera_avalon_jtag_uart_read.o)
                0x000000000000927c                altera_avalon_jtag_uart_read
 .text          0x0000000000009498      0x224 ../lab5_bsp/\libhal_bsp.a(altera_avalon_jtag_uart_write.o)
                0x0000000000009498                altera_avalon_jtag_uart_write
 .text          0x00000000000096bc      0x12c ../lab5_bsp/\libhal_bsp.a(alt_alarm_start.o)
                0x00000000000096bc                alt_alarm_start
 .text          0x00000000000097e8      0x114 ../lab5_bsp/\libhal_bsp.a(alt_close.o)
                0x0000000000009824                close
 .text          0x00000000000098fc       0x20 ../lab5_bsp/\libhal_bsp.a(alt_dcache_flush_all.o)
                0x00000000000098fc                alt_dcache_flush_all
 .text          0x000000000000991c       0x2c ../lab5_bsp/\libhal_bsp.a(alt_dev.o)
 .text          0x0000000000009948       0xe0 ../lab5_bsp/\libhal_bsp.a(alt_dev_llist_insert.o)
                0x0000000000009984                alt_dev_llist_insert
 .text          0x0000000000009a28       0x60 ../lab5_bsp/\libhal_bsp.a(alt_do_ctors.o)
                0x0000000000009a28                _do_ctors
 .text          0x0000000000009a88       0x60 ../lab5_bsp/\libhal_bsp.a(alt_do_dtors.o)
                0x0000000000009a88                _do_dtors
 .text          0x0000000000009ae8        0x0 ../lab5_bsp/\libhal_bsp.a(alt_errno.o)
 .text          0x0000000000009ae8        0x0 ../lab5_bsp/\libhal_bsp.a(alt_exception_entry.o)
 .text          0x0000000000009ae8       0x20 ../lab5_bsp/\libhal_bsp.a(alt_icache_flush_all.o)
                0x0000000000009ae8                alt_icache_flush_all
 .text          0x0000000000009b08       0x9c ../lab5_bsp/\libhal_bsp.a(alt_instruction_exception_entry.o)
                0x0000000000009b08                alt_exception_cause_generated_bad_addr
 .text          0x0000000000009ba4      0x160 ../lab5_bsp/\libhal_bsp.a(alt_io_redirect.o)
                0x0000000000009c88                alt_io_redirect
 .text          0x0000000000009d04      0x284 ../lab5_bsp/\libhal_bsp.a(alt_open.o)
                0x0000000000009e2c                open
 .text          0x0000000000009f88       0x84 ../lab5_bsp/\libhal_bsp.a(alt_release_fd.o)
                0x0000000000009f88                alt_release_fd
 .text          0x000000000000a00c      0x1a4 ../lab5_bsp/\libhal_bsp.a(alt_tick.o)
                0x000000000000a00c                alt_alarm_stop
                0x000000000000a0a8                alt_tick
 .text          0x000000000000a1b0       0x24 ../lab5_bsp/\libhal_bsp.a(altera_nios2_gen2_irq.o)
                0x000000000000a1b0                altera_nios2_gen2_irq_init
 .text          0x000000000000a1d4       0x90 ../lab5_bsp/\libhal_bsp.a(alt_find_dev.o)
                0x000000000000a1d4                alt_find_dev
 .text          0x000000000000a264      0x108 ../lab5_bsp/\libhal_bsp.a(alt_find_file.o)
                0x000000000000a264                alt_find_file
 .text          0x000000000000a36c       0xc4 ../lab5_bsp/\libhal_bsp.a(alt_get_fd.o)
                0x000000000000a36c                alt_get_fd
 .text          0x000000000000a430        0x0 c:/intelfpga_lite/18.1/nios2eds/bin/gnu/h-x86_64-mingw32/bin/../lib/gcc/nios2-elf/5.3.0/../../../../../H-x86_64-mingw32/nios2-elf/lib/mno-hw-mul\libc.a(lib_a-atexit.o)
 .text.atexit   0x000000000000a430       0x14 c:/intelfpga_lite/18.1/nios2eds/bin/gnu/h-x86_64-mingw32/bin/../lib/gcc/nios2-elf/5.3.0/../../../../../H-x86_64-mingw32/nios2-elf/lib/mno-hw-mul\libc.a(lib_a-atexit.o)
                0x000000000000a430                atexit
 .text          0x000000000000a444        0x0 c:/intelfpga_lite/18.1/nios2eds/bin/gnu/h-x86_64-mingw32/bin/../lib/gcc/nios2-elf/5.3.0/../../../../../H-x86_64-mingw32/nios2-elf/lib/mno-hw-mul\libc.a(lib_a-exit.o)
 .text.exit     0x000000000000a444       0x38 c:/intelfpga_lite/18.1/nios2eds/bin/gnu/h-x86_64-mingw32/bin/../lib/gcc/nios2-elf/5.3.0/../../../../../H-x86_64-mingw32/nios2-elf/lib/mno-hw-mul\libc.a(lib_a-exit.o)
                0x000000000000a444                exit
 .text          0x000000000000a47c        0x0 c:/intelfpga_lite/18.1/nios2eds/bin/gnu/h-x86_64-mingw32/bin/../lib/gcc/nios2-elf/5.3.0/../../../../../H-x86_64-mingw32/nios2-elf/lib/mno-hw-mul\libc.a(lib_a-impure.o)
 .text          0x000000000000a47c        0x0 c:/intelfpga_lite/18.1/nios2eds/bin/gnu/h-x86_64-mingw32/bin/../lib/gcc/nios2-elf/5.3.0/../../../../../H-x86_64-mingw32/nios2-elf/lib/mno-hw-mul\libc.a(lib_a-int_errno.o)
 .text          0x000000000000a47c        0x0 c:/intelfpga_lite/18.1/nios2eds/bin/gnu/h-x86_64-mingw32/bin/../lib/gcc/nios2-elf/5.3.0/../../../../../H-x86_64-mingw32/nios2-elf/lib/mno-hw-mul\libc.a(lib_a-memcmp.o)
 .text.memcmp   0x000000000000a47c       0x7c c:/intelfpga_lite/18.1/nios2eds/bin/gnu/h-x86_64-mingw32/bin/../lib/gcc/nios2-elf/5.3.0/../../../../../H-x86_64-mingw32/nios2-elf/lib/mno-hw-mul\libc.a(lib_a-memcmp.o)
                0x000000000000a47c                memcmp
 .text          0x000000000000a4f8        0x0 c:/intelfpga_lite/18.1/nios2eds/bin/gnu/h-x86_64-mingw32/bin/../lib/gcc/nios2-elf/5.3.0/../../../../../H-x86_64-mingw32/nios2-elf/lib/mno-hw-mul\libc.a(lib_a-memcpy.o)
 .text.memcpy   0x000000000000a4f8      0x148 c:/intelfpga_lite/18.1/nios2eds/bin/gnu/h-x86_64-mingw32/bin/../lib/gcc/nios2-elf/5.3.0/../../../../../H-x86_64-mingw32/nios2-elf/lib/mno-hw-mul\libc.a(lib_a-memcpy.o)
                0x000000000000a4f8                memcpy
 .text          0x000000000000a640        0x0 c:/intelfpga_lite/18.1/nios2eds/bin/gnu/h-x86_64-mingw32/bin/../lib/gcc/nios2-elf/5.3.0/../../../../../H-x86_64-mingw32/nios2-elf/lib/mno-hw-mul\libc.a(lib_a-strlen.o)
 .text.strlen   0x000000000000a640       0x98 c:/intelfpga_lite/18.1/nios2eds/bin/gnu/h-x86_64-mingw32/bin/../lib/gcc/nios2-elf/5.3.0/../../../../../H-x86_64-mingw32/nios2-elf/lib/mno-hw-mul\libc.a(lib_a-strlen.o)
                0x000000000000a640                strlen
 .text          0x000000000000a6d8        0x0 c:/intelfpga_lite/18.1/nios2eds/bin/gnu/h-x86_64-mingw32/bin/../lib/gcc/nios2-elf/5.3.0/../../../../../H-x86_64-mingw32/nios2-elf/lib/mno-hw-mul\libc.a(lib_a-__atexit.o)
 .text.__register_exitproc
                0x000000000000a6d8      0x118 c:/intelfpga_lite/18.1/nios2eds/bin/gnu/h-x86_64-mingw32/bin/../lib/gcc/nios2-elf/5.3.0/../../../../../H-x86_64-mingw32/nios2-elf/lib/mno-hw-mul\libc.a(lib_a-__atexit.o)
                0x000000000000a6d8                __register_exitproc
 .text          0x000000000000a7f0        0x0 c:/intelfpga_lite/18.1/nios2eds/bin/gnu/h-x86_64-mingw32/bin/../lib/gcc/nios2-elf/5.3.0/../../../../../H-x86_64-mingw32/nios2-elf/lib/mno-hw-mul\libc.a(lib_a-__call_atexit.o)
 .text.__call_exitprocs
                0x000000000000a7f0      0x180 c:/intelfpga_lite/18.1/nios2eds/bin/gnu/h-x86_64-mingw32/bin/../lib/gcc/nios2-elf/5.3.0/../../../../../H-x86_64-mingw32/nios2-elf/lib/mno-hw-mul\libc.a(lib_a-__call_atexit.o)
                0x000000000000a7f0                __call_exitprocs
 .text          0x000000000000a970       0x34 ../lab5_bsp/\libhal_bsp.a(alt_exit.o)
                0x000000000000a970                _exit
 *(.gnu.warning.*)
 *(.fini)
                [!provide]                        PROVIDE (__etext, ABSOLUTE (.))
                [!provide]                        PROVIDE (_etext, ABSOLUTE (.))
                [!provide]                        PROVIDE (etext, ABSOLUTE (.))
 *(.eh_frame_hdr)
                0x000000000000a9a4                . = ALIGN (0x4)
                [!provide]                        PROVIDE (__preinit_array_start, ABSOLUTE (.))
 *(.preinit_array)
                [!provide]                        PROVIDE (__preinit_array_end, ABSOLUTE (.))
                [!provide]                        PROVIDE (__init_array_start, ABSOLUTE (.))
 *(.init_array)
                [!provide]                        PROVIDE (__init_array_end, ABSOLUTE (.))
                [!provide]                        PROVIDE (__fini_array_start, ABSOLUTE (.))
 *(.fini_array)
                [!provide]                        PROVIDE (__fini_array_end, ABSOLUTE (.))
 *(.eh_frame)
 *(.gcc_except_table .gcc_except_table.*)
 *(.dynamic)
                0x000000000000a9a4                PROVIDE (__CTOR_LIST__, ABSOLUTE (.))
 *(.ctors)
 *(SORT(.ctors.*))
                0x000000000000a9a4                PROVIDE (__CTOR_END__, ABSOLUTE (.))
                0x000000000000a9a4                PROVIDE (__DTOR_LIST__, ABSOLUTE (.))
 *(.dtors)
 *(SORT(.dtors.*))
                0x000000000000a9a4                PROVIDE (__DTOR_END__, ABSOLUTE (.))
 *(.jcr)
                0x000000000000a9a4                . = ALIGN (0x4)

.rodata         0x000000000000a9a4       0x38
                0x000000000000a9a4                PROVIDE (__ram_rodata_start, ABSOLUTE (.))
                0x000000000000a9a4                . = ALIGN (0x4)
 *(.rodata .rodata.* .gnu.linkonce.r.*)
 .rodata        0x000000000000a9a4       0x11 ../lab5_bsp/\libhal_bsp.a(alt_main.o)
 *fill*         0x000000000000a9b5        0x3 
 .rodata        0x000000000000a9b8       0x11 ../lab5_bsp/\libhal_bsp.a(alt_sys_init.o)
 *fill*         0x000000000000a9c9        0x3 
 .rodata        0x000000000000a9cc        0xa ../lab5_bsp/\libhal_bsp.a(alt_dev.o)
 *fill*         0x000000000000a9d6        0x2 
 .rodata.str1.4
                0x000000000000a9d8        0x4 c:/intelfpga_lite/18.1/nios2eds/bin/gnu/h-x86_64-mingw32/bin/../lib/gcc/nios2-elf/5.3.0/../../../../../H-x86_64-mingw32/nios2-elf/lib/mno-hw-mul\libc.a(lib_a-impure.o)
                                          0x2 (size before relaxing)
 *(.rodata1)
                0x000000000000a9dc                . = ALIGN (0x4)
                0x000000000000a9dc                PROVIDE (__ram_rodata_end, ABSOLUTE (.))
                0x000000000000a9a4                PROVIDE (__flash_rodata_start, LOADADDR (.rodata))

.rwdata         0x000000000000a9dc     0x16a8 load address 0x000000000000c084
                0x000000000000a9dc                PROVIDE (__ram_rwdata_start, ABSOLUTE (.))
                0x000000000000a9dc                . = ALIGN (0x4)
 *(.got.plt)
 *(.got)
 *(.data1)
 *(.data .data.* .gnu.linkonce.d.*)
 .data          0x000000000000a9dc        0x0 ../lab5_bsp//obj/HAL/src/crt0.o
 .data          0x000000000000a9dc       0x28 obj/default/lab5.o
                0x000000000000a9dc                hexVal
 .data          0x000000000000aa04        0x0 c:/intelfpga_lite/18.1/nios2eds/bin/gnu/h-x86_64-mingw32/bin/../lib/gcc/nios2-elf/5.3.0/mno-hw-mul\libgcc.a(lib2-divmod.o)
 .data          0x000000000000aa04        0x0 c:/intelfpga_lite/18.1/nios2eds/bin/gnu/h-x86_64-mingw32/bin/../lib/gcc/nios2-elf/5.3.0/mno-hw-mul\libgcc.a(lib2-mul.o)
 .data          0x000000000000aa04        0x0 ../lab5_bsp/\libhal_bsp.a(alt_iic.o)
 .data          0x000000000000aa04        0x0 ../lab5_bsp/\libhal_bsp.a(alt_iic_isr_register.o)
 .data          0x000000000000aa04        0x0 ../lab5_bsp/\libhal_bsp.a(alt_irq_entry.o)
 .data          0x000000000000aa04        0x0 ../lab5_bsp/\libhal_bsp.a(alt_irq_handler.o)
 .data          0x000000000000aa04        0x0 ../lab5_bsp/\libhal_bsp.a(alt_irq_vars.o)
 .data          0x000000000000aa04        0x0 ../lab5_bsp/\libhal_bsp.a(alt_load.o)
 .data          0x000000000000aa04        0x0 ../lab5_bsp/\libhal_bsp.a(alt_main.o)
 .data          0x000000000000aa04     0x1060 ../lab5_bsp/\libhal_bsp.a(alt_sys_init.o)
 .data          0x000000000000ba64        0x0 ../lab5_bsp/\libhal_bsp.a(altera_avalon_jtag_uart_fd.o)
 .data          0x000000000000ba64        0x0 ../lab5_bsp/\libhal_bsp.a(altera_avalon_jtag_uart_init.o)
 .data          0x000000000000ba64        0x0 ../lab5_bsp/\libhal_bsp.a(altera_avalon_jtag_uart_ioctl.o)
 .data          0x000000000000ba64        0x0 ../lab5_bsp/\libhal_bsp.a(altera_avalon_jtag_uart_read.o)
 .data          0x000000000000ba64        0x0 ../lab5_bsp/\libhal_bsp.a(altera_avalon_jtag_uart_write.o)
 .data          0x000000000000ba64        0x0 ../lab5_bsp/\libhal_bsp.a(alt_alarm_start.o)
 .data          0x000000000000ba64        0x0 ../lab5_bsp/\libhal_bsp.a(alt_close.o)
 .data          0x000000000000ba64        0x0 ../lab5_bsp/\libhal_bsp.a(alt_dcache_flush_all.o)
 .data          0x000000000000ba64      0x1a8 ../lab5_bsp/\libhal_bsp.a(alt_dev.o)
                0x000000000000ba64                alt_dev_null
                0x000000000000ba8c                alt_fd_list
 .data          0x000000000000bc0c        0x0 ../lab5_bsp/\libhal_bsp.a(alt_dev_llist_insert.o)
 .data          0x000000000000bc0c        0x0 ../lab5_bsp/\libhal_bsp.a(alt_do_ctors.o)
 .data          0x000000000000bc0c        0x0 ../lab5_bsp/\libhal_bsp.a(alt_do_dtors.o)
 .data          0x000000000000bc0c        0x0 ../lab5_bsp/\libhal_bsp.a(alt_errno.o)
 .data          0x000000000000bc0c        0x0 ../lab5_bsp/\libhal_bsp.a(alt_exception_entry.o)
 .data          0x000000000000bc0c        0x0 ../lab5_bsp/\libhal_bsp.a(alt_icache_flush_all.o)
 .data          0x000000000000bc0c        0x0 ../lab5_bsp/\libhal_bsp.a(alt_instruction_exception_entry.o)
 .data          0x000000000000bc0c        0x0 ../lab5_bsp/\libhal_bsp.a(alt_io_redirect.o)
 .data          0x000000000000bc0c        0x0 ../lab5_bsp/\libhal_bsp.a(alt_open.o)
 .data          0x000000000000bc0c        0x0 ../lab5_bsp/\libhal_bsp.a(alt_release_fd.o)
 .data          0x000000000000bc0c        0x0 ../lab5_bsp/\libhal_bsp.a(alt_tick.o)
 .data          0x000000000000bc0c        0x0 ../lab5_bsp/\libhal_bsp.a(altera_nios2_gen2_irq.o)
 .data          0x000000000000bc0c        0x0 ../lab5_bsp/\libhal_bsp.a(alt_find_dev.o)
 .data          0x000000000000bc0c        0x0 ../lab5_bsp/\libhal_bsp.a(alt_find_file.o)
 .data          0x000000000000bc0c        0x0 ../lab5_bsp/\libhal_bsp.a(alt_get_fd.o)
 .data          0x000000000000bc0c        0x0 c:/intelfpga_lite/18.1/nios2eds/bin/gnu/h-x86_64-mingw32/bin/../lib/gcc/nios2-elf/5.3.0/../../../../../H-x86_64-mingw32/nios2-elf/lib/mno-hw-mul\libc.a(lib_a-atexit.o)
 .data          0x000000000000bc0c        0x0 c:/intelfpga_lite/18.1/nios2eds/bin/gnu/h-x86_64-mingw32/bin/../lib/gcc/nios2-elf/5.3.0/../../../../../H-x86_64-mingw32/nios2-elf/lib/mno-hw-mul\libc.a(lib_a-exit.o)
 .data          0x000000000000bc0c        0x0 c:/intelfpga_lite/18.1/nios2eds/bin/gnu/h-x86_64-mingw32/bin/../lib/gcc/nios2-elf/5.3.0/../../../../../H-x86_64-mingw32/nios2-elf/lib/mno-hw-mul\libc.a(lib_a-impure.o)
 .data.impure_data
                0x000000000000bc0c      0x424 c:/intelfpga_lite/18.1/nios2eds/bin/gnu/h-x86_64-mingw32/bin/../lib/gcc/nios2-elf/5.3.0/../../../../../H-x86_64-mingw32/nios2-elf/lib/mno-hw-mul\libc.a(lib_a-impure.o)
 .data          0x000000000000c030        0x0 c:/intelfpga_lite/18.1/nios2eds/bin/gnu/h-x86_64-mingw32/bin/../lib/gcc/nios2-elf/5.3.0/../../../../../H-x86_64-mingw32/nios2-elf/lib/mno-hw-mul\libc.a(lib_a-int_errno.o)
 .data          0x000000000000c030        0x0 c:/intelfpga_lite/18.1/nios2eds/bin/gnu/h-x86_64-mingw32/bin/../lib/gcc/nios2-elf/5.3.0/../../../../../H-x86_64-mingw32/nios2-elf/lib/mno-hw-mul\libc.a(lib_a-memcmp.o)
 .data          0x000000000000c030        0x0 c:/intelfpga_lite/18.1/nios2eds/bin/gnu/h-x86_64-mingw32/bin/../lib/gcc/nios2-elf/5.3.0/../../../../../H-x86_64-mingw32/nios2-elf/lib/mno-hw-mul\libc.a(lib_a-memcpy.o)
 .data          0x000000000000c030        0x0 c:/intelfpga_lite/18.1/nios2eds/bin/gnu/h-x86_64-mingw32/bin/../lib/gcc/nios2-elf/5.3.0/../../../../../H-x86_64-mingw32/nios2-elf/lib/mno-hw-mul\libc.a(lib_a-strlen.o)
 .data          0x000000000000c030        0x0 c:/intelfpga_lite/18.1/nios2eds/bin/gnu/h-x86_64-mingw32/bin/../lib/gcc/nios2-elf/5.3.0/../../../../../H-x86_64-mingw32/nios2-elf/lib/mno-hw-mul\libc.a(lib_a-__atexit.o)
 .data          0x000000000000c030        0x0 c:/intelfpga_lite/18.1/nios2eds/bin/gnu/h-x86_64-mingw32/bin/../lib/gcc/nios2-elf/5.3.0/../../../../../H-x86_64-mingw32/nios2-elf/lib/mno-hw-mul\libc.a(lib_a-__call_atexit.o)
 .data          0x000000000000c030        0x0 ../lab5_bsp/\libhal_bsp.a(alt_exit.o)
                0x0000000000014030                _gp = ABSOLUTE ((. + 0x8000))
                [!provide]                        PROVIDE (gp, _gp)
 *(.rwdata .rwdata.*)
 *(.sdata .sdata.* .gnu.linkonce.s.*)
 .sdata         0x000000000000c030       0x28 obj/default/lab5.o
                0x000000000000c030                hex0_ptr
                0x000000000000c034                hex1_ptr
                0x000000000000c038                hex2_ptr
                0x000000000000c03c                hex4_ptr
                0x000000000000c040                hex5_ptr
                0x000000000000c044                pushbutton_ptr
                0x000000000000c048                switch_ptr
                0x000000000000c04c                servo_ptr
                0x000000000000c050                currentMin
                0x000000000000c054                currentMax
 .sdata         0x000000000000c058        0x4 ../lab5_bsp/\libhal_bsp.a(alt_irq_vars.o)
                0x000000000000c058                alt_priority_mask
 .sdata         0x000000000000c05c       0x14 ../lab5_bsp/\libhal_bsp.a(alt_dev.o)
                0x000000000000c05c                alt_fs_list
                0x000000000000c064                alt_dev_list
                0x000000000000c06c                alt_max_fd
 .sdata         0x000000000000c070        0x4 ../lab5_bsp/\libhal_bsp.a(alt_errno.o)
                0x000000000000c070                alt_errno
 .sdata         0x000000000000c074        0x8 ../lab5_bsp/\libhal_bsp.a(alt_tick.o)
                0x000000000000c074                alt_alarm_list
 .sdata._global_impure_ptr
                0x000000000000c07c        0x4 c:/intelfpga_lite/18.1/nios2eds/bin/gnu/h-x86_64-mingw32/bin/../lib/gcc/nios2-elf/5.3.0/../../../../../H-x86_64-mingw32/nios2-elf/lib/mno-hw-mul\libc.a(lib_a-impure.o)
                0x000000000000c07c                _global_impure_ptr
 .sdata._impure_ptr
                0x000000000000c080        0x4 c:/intelfpga_lite/18.1/nios2eds/bin/gnu/h-x86_64-mingw32/bin/../lib/gcc/nios2-elf/5.3.0/../../../../../H-x86_64-mingw32/nios2-elf/lib/mno-hw-mul\libc.a(lib_a-impure.o)
                0x000000000000c080                _impure_ptr
 *(.sdata2 .sdata2.* .gnu.linkonce.s2.*)
                0x000000000000c084                . = ALIGN (0x4)
                0x000000000000c084                _edata = ABSOLUTE (.)
                [!provide]                        PROVIDE (edata, ABSOLUTE (.))
                0x000000000000c084                PROVIDE (__ram_rwdata_end, ABSOLUTE (.))
                0x000000000000c084                PROVIDE (__flash_rwdata_start, LOADADDR (.rwdata))

.bss            0x000000000000d72c      0x124
                0x000000000000d72c                __bss_start = ABSOLUTE (.)
                [!provide]                        PROVIDE (__sbss_start, ABSOLUTE (.))
                [!provide]                        PROVIDE (___sbss_start, ABSOLUTE (.))
 *(.dynsbss)
 *(.sbss .sbss.* .gnu.linkonce.sb.*)
 .sbss          0x000000000000d72c        0x1 obj/default/lab5.o
                0x000000000000d72c                switchVal
 *fill*         0x000000000000d72d        0x3 
 .sbss          0x000000000000d730        0x4 ../lab5_bsp/\libhal_bsp.a(alt_irq_vars.o)
                0x000000000000d730                alt_irq_active
 .sbss          0x000000000000d734        0xc ../lab5_bsp/\libhal_bsp.a(alt_main.o)
                0x000000000000d734                alt_argc
                0x000000000000d738                alt_argv
                0x000000000000d73c                alt_envp
 .sbss          0x000000000000d740        0x4 ../lab5_bsp/\libhal_bsp.a(alt_instruction_exception_entry.o)
                0x000000000000d740                alt_instruction_exception_handler
 .sbss          0x000000000000d744        0x8 ../lab5_bsp/\libhal_bsp.a(alt_tick.o)
                0x000000000000d744                _alt_tick_rate
                0x000000000000d748                _alt_nticks
 .sbss          0x000000000000d74c        0x4 c:/intelfpga_lite/18.1/nios2eds/bin/gnu/h-x86_64-mingw32/bin/../lib/gcc/nios2-elf/5.3.0/../../../../../H-x86_64-mingw32/nios2-elf/lib/mno-hw-mul\libc.a(lib_a-int_errno.o)
                0x000000000000d74c                errno
 *(.sbss2 .sbss2.* .gnu.linkonce.sb2.*)
 *(.scommon)
                [!provide]                        PROVIDE (__sbss_end, ABSOLUTE (.))
                [!provide]                        PROVIDE (___sbss_end, ABSOLUTE (.))
 *(.dynbss)
 *(.bss .bss.* .gnu.linkonce.b.*)
 .bss           0x000000000000d750        0x0 ../lab5_bsp//obj/HAL/src/crt0.o
 .bss           0x000000000000d750        0x0 obj/default/lab5.o
 .bss           0x000000000000d750        0x0 c:/intelfpga_lite/18.1/nios2eds/bin/gnu/h-x86_64-mingw32/bin/../lib/gcc/nios2-elf/5.3.0/mno-hw-mul\libgcc.a(lib2-divmod.o)
 .bss           0x000000000000d750        0x0 c:/intelfpga_lite/18.1/nios2eds/bin/gnu/h-x86_64-mingw32/bin/../lib/gcc/nios2-elf/5.3.0/mno-hw-mul\libgcc.a(lib2-mul.o)
 .bss           0x000000000000d750        0x0 ../lab5_bsp/\libhal_bsp.a(alt_iic.o)
 .bss           0x000000000000d750        0x0 ../lab5_bsp/\libhal_bsp.a(alt_iic_isr_register.o)
 .bss           0x000000000000d750        0x0 ../lab5_bsp/\libhal_bsp.a(alt_irq_entry.o)
 .bss           0x000000000000d750        0x0 ../lab5_bsp/\libhal_bsp.a(alt_irq_handler.o)
 .bss           0x000000000000d750        0x0 ../lab5_bsp/\libhal_bsp.a(alt_irq_vars.o)
 .bss           0x000000000000d750        0x0 ../lab5_bsp/\libhal_bsp.a(alt_load.o)
 .bss           0x000000000000d750        0x0 ../lab5_bsp/\libhal_bsp.a(alt_main.o)
 .bss           0x000000000000d750        0x0 ../lab5_bsp/\libhal_bsp.a(alt_sys_init.o)
 .bss           0x000000000000d750        0x0 ../lab5_bsp/\libhal_bsp.a(altera_avalon_jtag_uart_fd.o)
 .bss           0x000000000000d750        0x0 ../lab5_bsp/\libhal_bsp.a(altera_avalon_jtag_uart_init.o)
 .bss           0x000000000000d750        0x0 ../lab5_bsp/\libhal_bsp.a(altera_avalon_jtag_uart_ioctl.o)
 .bss           0x000000000000d750        0x0 ../lab5_bsp/\libhal_bsp.a(altera_avalon_jtag_uart_read.o)
 .bss           0x000000000000d750        0x0 ../lab5_bsp/\libhal_bsp.a(altera_avalon_jtag_uart_write.o)
 .bss           0x000000000000d750        0x0 ../lab5_bsp/\libhal_bsp.a(alt_alarm_start.o)
 .bss           0x000000000000d750        0x0 ../lab5_bsp/\libhal_bsp.a(alt_close.o)
 .bss           0x000000000000d750        0x0 ../lab5_bsp/\libhal_bsp.a(alt_dcache_flush_all.o)
 .bss           0x000000000000d750        0x0 ../lab5_bsp/\libhal_bsp.a(alt_dev.o)
 .bss           0x000000000000d750        0x0 ../lab5_bsp/\libhal_bsp.a(alt_dev_llist_insert.o)
 .bss           0x000000000000d750        0x0 ../lab5_bsp/\libhal_bsp.a(alt_do_ctors.o)
 .bss           0x000000000000d750        0x0 ../lab5_bsp/\libhal_bsp.a(alt_do_dtors.o)
 .bss           0x000000000000d750        0x0 ../lab5_bsp/\libhal_bsp.a(alt_errno.o)
 .bss           0x000000000000d750        0x0 ../lab5_bsp/\libhal_bsp.a(alt_exception_entry.o)
 .bss           0x000000000000d750        0x0 ../lab5_bsp/\libhal_bsp.a(alt_icache_flush_all.o)
 .bss           0x000000000000d750        0x0 ../lab5_bsp/\libhal_bsp.a(alt_instruction_exception_entry.o)
 .bss           0x000000000000d750        0x0 ../lab5_bsp/\libhal_bsp.a(alt_io_redirect.o)
 .bss           0x000000000000d750        0x0 ../lab5_bsp/\libhal_bsp.a(alt_open.o)
 .bss           0x000000000000d750        0x0 ../lab5_bsp/\libhal_bsp.a(alt_release_fd.o)
 .bss           0x000000000000d750        0x0 ../lab5_bsp/\libhal_bsp.a(alt_tick.o)
 .bss           0x000000000000d750        0x0 ../lab5_bsp/\libhal_bsp.a(altera_nios2_gen2_irq.o)
 .bss           0x000000000000d750        0x0 ../lab5_bsp/\libhal_bsp.a(alt_find_dev.o)
 .bss           0x000000000000d750        0x0 ../lab5_bsp/\libhal_bsp.a(alt_find_file.o)
 .bss           0x000000000000d750        0x0 ../lab5_bsp/\libhal_bsp.a(alt_get_fd.o)
 .bss           0x000000000000d750        0x0 c:/intelfpga_lite/18.1/nios2eds/bin/gnu/h-x86_64-mingw32/bin/../lib/gcc/nios2-elf/5.3.0/../../../../../H-x86_64-mingw32/nios2-elf/lib/mno-hw-mul\libc.a(lib_a-atexit.o)
 .bss           0x000000000000d750        0x0 c:/intelfpga_lite/18.1/nios2eds/bin/gnu/h-x86_64-mingw32/bin/../lib/gcc/nios2-elf/5.3.0/../../../../../H-x86_64-mingw32/nios2-elf/lib/mno-hw-mul\libc.a(lib_a-exit.o)
 .bss           0x000000000000d750        0x0 c:/intelfpga_lite/18.1/nios2eds/bin/gnu/h-x86_64-mingw32/bin/../lib/gcc/nios2-elf/5.3.0/../../../../../H-x86_64-mingw32/nios2-elf/lib/mno-hw-mul\libc.a(lib_a-impure.o)
 .bss           0x000000000000d750        0x0 c:/intelfpga_lite/18.1/nios2eds/bin/gnu/h-x86_64-mingw32/bin/../lib/gcc/nios2-elf/5.3.0/../../../../../H-x86_64-mingw32/nios2-elf/lib/mno-hw-mul\libc.a(lib_a-int_errno.o)
 .bss           0x000000000000d750        0x0 c:/intelfpga_lite/18.1/nios2eds/bin/gnu/h-x86_64-mingw32/bin/../lib/gcc/nios2-elf/5.3.0/../../../../../H-x86_64-mingw32/nios2-elf/lib/mno-hw-mul\libc.a(lib_a-memcmp.o)
 .bss           0x000000000000d750        0x0 c:/intelfpga_lite/18.1/nios2eds/bin/gnu/h-x86_64-mingw32/bin/../lib/gcc/nios2-elf/5.3.0/../../../../../H-x86_64-mingw32/nios2-elf/lib/mno-hw-mul\libc.a(lib_a-memcpy.o)
 .bss           0x000000000000d750        0x0 c:/intelfpga_lite/18.1/nios2eds/bin/gnu/h-x86_64-mingw32/bin/../lib/gcc/nios2-elf/5.3.0/../../../../../H-x86_64-mingw32/nios2-elf/lib/mno-hw-mul\libc.a(lib_a-strlen.o)
 .bss           0x000000000000d750        0x0 c:/intelfpga_lite/18.1/nios2eds/bin/gnu/h-x86_64-mingw32/bin/../lib/gcc/nios2-elf/5.3.0/../../../../../H-x86_64-mingw32/nios2-elf/lib/mno-hw-mul\libc.a(lib_a-__atexit.o)
 .bss           0x000000000000d750        0x0 c:/intelfpga_lite/18.1/nios2eds/bin/gnu/h-x86_64-mingw32/bin/../lib/gcc/nios2-elf/5.3.0/../../../../../H-x86_64-mingw32/nios2-elf/lib/mno-hw-mul\libc.a(lib_a-__call_atexit.o)
 .bss           0x000000000000d750        0x0 ../lab5_bsp/\libhal_bsp.a(alt_exit.o)
 *(COMMON)
 COMMON         0x000000000000d750      0x100 ../lab5_bsp/\libhal_bsp.a(alt_irq_handler.o)
                0x000000000000d750                alt_irq
                0x000000000000d850                . = ALIGN (0x4)
                0x000000000000d850                __bss_end = ABSOLUTE (.)

.onchip_memory2_0
                0x000000000000d850        0x0
                [!provide]                        PROVIDE (_alt_partition_onchip_memory2_0_start, ABSOLUTE (.))
 *(.onchip_memory2_0 .onchip_memory2_0. onchip_memory2_0.*)
                0x000000000000d850                . = ALIGN (0x4)
                [!provide]                        PROVIDE (_alt_partition_onchip_memory2_0_end, ABSOLUTE (.))
                0x000000000000d850                _end = ABSOLUTE (.)
                0x000000000000d850                end = ABSOLUTE (.)
                0x000000000000d850                __alt_stack_base = ABSOLUTE (.)
                [!provide]                        PROVIDE (_alt_partition_onchip_memory2_0_load_addr, LOADADDR (.onchip_memory2_0))

.stab
 *(.stab)

.stabstr
 *(.stabstr)

.stab.excl
 *(.stab.excl)

.stab.exclstr
 *(.stab.exclstr)

.stab.index
 *(.stab.index)

.stab.indexstr
 *(.stab.indexstr)

.comment        0x0000000000000000       0x23
 *(.comment)
 .comment       0x0000000000000000       0x23 obj/default/lab5.o
                                         0x24 (size before relaxing)
 .comment       0x0000000000000023       0x24 c:/intelfpga_lite/18.1/nios2eds/bin/gnu/h-x86_64-mingw32/bin/../lib/gcc/nios2-elf/5.3.0/mno-hw-mul\libgcc.a(lib2-divmod.o)
 .comment       0x0000000000000023       0x24 c:/intelfpga_lite/18.1/nios2eds/bin/gnu/h-x86_64-mingw32/bin/../lib/gcc/nios2-elf/5.3.0/mno-hw-mul\libgcc.a(lib2-mul.o)
 .comment       0x0000000000000023       0x24 ../lab5_bsp/\libhal_bsp.a(alt_iic.o)
 .comment       0x0000000000000023       0x24 ../lab5_bsp/\libhal_bsp.a(alt_iic_isr_register.o)
 .comment       0x0000000000000023       0x24 ../lab5_bsp/\libhal_bsp.a(alt_irq_handler.o)
 .comment       0x0000000000000023       0x24 ../lab5_bsp/\libhal_bsp.a(alt_irq_vars.o)
 .comment       0x0000000000000023       0x24 ../lab5_bsp/\libhal_bsp.a(alt_load.o)
 .comment       0x0000000000000023       0x24 ../lab5_bsp/\libhal_bsp.a(alt_main.o)
 .comment       0x0000000000000023       0x24 ../lab5_bsp/\libhal_bsp.a(alt_sys_init.o)
 .comment       0x0000000000000023       0x24 ../lab5_bsp/\libhal_bsp.a(altera_avalon_jtag_uart_fd.o)
 .comment       0x0000000000000023       0x24 ../lab5_bsp/\libhal_bsp.a(altera_avalon_jtag_uart_init.o)
 .comment       0x0000000000000023       0x24 ../lab5_bsp/\libhal_bsp.a(altera_avalon_jtag_uart_ioctl.o)
 .comment       0x0000000000000023       0x24 ../lab5_bsp/\libhal_bsp.a(altera_avalon_jtag_uart_read.o)
 .comment       0x0000000000000023       0x24 ../lab5_bsp/\libhal_bsp.a(altera_avalon_jtag_uart_write.o)
 .comment       0x0000000000000023       0x24 ../lab5_bsp/\libhal_bsp.a(alt_alarm_start.o)
 .comment       0x0000000000000023       0x24 ../lab5_bsp/\libhal_bsp.a(alt_close.o)
 .comment       0x0000000000000023       0x24 ../lab5_bsp/\libhal_bsp.a(alt_dcache_flush_all.o)
 .comment       0x0000000000000023       0x24 ../lab5_bsp/\libhal_bsp.a(alt_dev.o)
 .comment       0x0000000000000023       0x24 ../lab5_bsp/\libhal_bsp.a(alt_dev_llist_insert.o)
 .comment       0x0000000000000023       0x24 ../lab5_bsp/\libhal_bsp.a(alt_do_ctors.o)
 .comment       0x0000000000000023       0x24 ../lab5_bsp/\libhal_bsp.a(alt_do_dtors.o)
 .comment       0x0000000000000023       0x24 ../lab5_bsp/\libhal_bsp.a(alt_errno.o)
 .comment       0x0000000000000023       0x24 ../lab5_bsp/\libhal_bsp.a(alt_icache_flush_all.o)
 .comment       0x0000000000000023       0x24 ../lab5_bsp/\libhal_bsp.a(alt_instruction_exception_entry.o)
 .comment       0x0000000000000023       0x24 ../lab5_bsp/\libhal_bsp.a(alt_io_redirect.o)
 .comment       0x0000000000000023       0x24 ../lab5_bsp/\libhal_bsp.a(alt_open.o)
 .comment       0x0000000000000023       0x24 ../lab5_bsp/\libhal_bsp.a(alt_release_fd.o)
 .comment       0x0000000000000023       0x24 ../lab5_bsp/\libhal_bsp.a(alt_tick.o)
 .comment       0x0000000000000023       0x24 ../lab5_bsp/\libhal_bsp.a(altera_nios2_gen2_irq.o)
 .comment       0x0000000000000023       0x24 ../lab5_bsp/\libhal_bsp.a(alt_find_dev.o)
 .comment       0x0000000000000023       0x24 ../lab5_bsp/\libhal_bsp.a(alt_find_file.o)
 .comment       0x0000000000000023       0x24 ../lab5_bsp/\libhal_bsp.a(alt_get_fd.o)
 .comment       0x0000000000000023       0x24 c:/intelfpga_lite/18.1/nios2eds/bin/gnu/h-x86_64-mingw32/bin/../lib/gcc/nios2-elf/5.3.0/../../../../../H-x86_64-mingw32/nios2-elf/lib/mno-hw-mul\libc.a(lib_a-atexit.o)
 .comment       0x0000000000000023       0x24 c:/intelfpga_lite/18.1/nios2eds/bin/gnu/h-x86_64-mingw32/bin/../lib/gcc/nios2-elf/5.3.0/../../../../../H-x86_64-mingw32/nios2-elf/lib/mno-hw-mul\libc.a(lib_a-exit.o)
 .comment       0x0000000000000023       0x24 c:/intelfpga_lite/18.1/nios2eds/bin/gnu/h-x86_64-mingw32/bin/../lib/gcc/nios2-elf/5.3.0/../../../../../H-x86_64-mingw32/nios2-elf/lib/mno-hw-mul\libc.a(lib_a-impure.o)
 .comment       0x0000000000000023       0x24 c:/intelfpga_lite/18.1/nios2eds/bin/gnu/h-x86_64-mingw32/bin/../lib/gcc/nios2-elf/5.3.0/../../../../../H-x86_64-mingw32/nios2-elf/lib/mno-hw-mul\libc.a(lib_a-int_errno.o)
 .comment       0x0000000000000023       0x24 c:/intelfpga_lite/18.1/nios2eds/bin/gnu/h-x86_64-mingw32/bin/../lib/gcc/nios2-elf/5.3.0/../../../../../H-x86_64-mingw32/nios2-elf/lib/mno-hw-mul\libc.a(lib_a-memcmp.o)
 .comment       0x0000000000000023       0x24 c:/intelfpga_lite/18.1/nios2eds/bin/gnu/h-x86_64-mingw32/bin/../lib/gcc/nios2-elf/5.3.0/../../../../../H-x86_64-mingw32/nios2-elf/lib/mno-hw-mul\libc.a(lib_a-memcpy.o)
 .comment       0x0000000000000023       0x24 c:/intelfpga_lite/18.1/nios2eds/bin/gnu/h-x86_64-mingw32/bin/../lib/gcc/nios2-elf/5.3.0/../../../../../H-x86_64-mingw32/nios2-elf/lib/mno-hw-mul\libc.a(lib_a-strlen.o)
 .comment       0x0000000000000023       0x24 c:/intelfpga_lite/18.1/nios2eds/bin/gnu/h-x86_64-mingw32/bin/../lib/gcc/nios2-elf/5.3.0/../../../../../H-x86_64-mingw32/nios2-elf/lib/mno-hw-mul\libc.a(lib_a-__atexit.o)
 .comment       0x0000000000000023       0x24 c:/intelfpga_lite/18.1/nios2eds/bin/gnu/h-x86_64-mingw32/bin/../lib/gcc/nios2-elf/5.3.0/../../../../../H-x86_64-mingw32/nios2-elf/lib/mno-hw-mul\libc.a(lib_a-__call_atexit.o)
 .comment       0x0000000000000023       0x24 ../lab5_bsp/\libhal_bsp.a(alt_exit.o)

.debug
 *(.debug)

.line
 *(.line)

.debug_srcinfo
 *(.debug_srcinfo)

.debug_sfnames
 *(.debug_sfnames)

.debug_aranges  0x0000000000000000      0x5d8
 *(.debug_aranges)
 .debug_aranges
                0x0000000000000000       0x28 ../lab5_bsp//obj/HAL/src/crt0.o
 .debug_aranges
                0x0000000000000028       0x20 obj/default/lab5.o
 .debug_aranges
                0x0000000000000048       0x20 c:/intelfpga_lite/18.1/nios2eds/bin/gnu/h-x86_64-mingw32/bin/../lib/gcc/nios2-elf/5.3.0/mno-hw-mul\libgcc.a(lib2-divmod.o)
 .debug_aranges
                0x0000000000000068       0x20 c:/intelfpga_lite/18.1/nios2eds/bin/gnu/h-x86_64-mingw32/bin/../lib/gcc/nios2-elf/5.3.0/mno-hw-mul\libgcc.a(lib2-mul.o)
 .debug_aranges
                0x0000000000000088       0x20 ../lab5_bsp/\libhal_bsp.a(alt_iic.o)
 .debug_aranges
                0x00000000000000a8       0x20 ../lab5_bsp/\libhal_bsp.a(alt_iic_isr_register.o)
 .debug_aranges
                0x00000000000000c8       0x30 ../lab5_bsp/\libhal_bsp.a(alt_irq_entry.o)
 .debug_aranges
                0x00000000000000f8       0x20 ../lab5_bsp/\libhal_bsp.a(alt_irq_handler.o)
 .debug_aranges
                0x0000000000000118       0x18 ../lab5_bsp/\libhal_bsp.a(alt_irq_vars.o)
 .debug_aranges
                0x0000000000000130       0x20 ../lab5_bsp/\libhal_bsp.a(alt_load.o)
 .debug_aranges
                0x0000000000000150       0x20 ../lab5_bsp/\libhal_bsp.a(alt_main.o)
 .debug_aranges
                0x0000000000000170       0x20 ../lab5_bsp/\libhal_bsp.a(alt_sys_init.o)
 .debug_aranges
                0x0000000000000190       0x20 ../lab5_bsp/\libhal_bsp.a(altera_avalon_jtag_uart_fd.o)
 .debug_aranges
                0x00000000000001b0       0x20 ../lab5_bsp/\libhal_bsp.a(altera_avalon_jtag_uart_init.o)
 .debug_aranges
                0x00000000000001d0       0x20 ../lab5_bsp/\libhal_bsp.a(altera_avalon_jtag_uart_ioctl.o)
 .debug_aranges
                0x00000000000001f0       0x20 ../lab5_bsp/\libhal_bsp.a(altera_avalon_jtag_uart_read.o)
 .debug_aranges
                0x0000000000000210       0x20 ../lab5_bsp/\libhal_bsp.a(altera_avalon_jtag_uart_write.o)
 .debug_aranges
                0x0000000000000230       0x20 ../lab5_bsp/\libhal_bsp.a(alt_alarm_start.o)
 .debug_aranges
                0x0000000000000250       0x20 ../lab5_bsp/\libhal_bsp.a(alt_close.o)
 .debug_aranges
                0x0000000000000270       0x20 ../lab5_bsp/\libhal_bsp.a(alt_dcache_flush_all.o)
 .debug_aranges
                0x0000000000000290       0x20 ../lab5_bsp/\libhal_bsp.a(alt_dev.o)
 .debug_aranges
                0x00000000000002b0       0x20 ../lab5_bsp/\libhal_bsp.a(alt_dev_llist_insert.o)
 .debug_aranges
                0x00000000000002d0       0x20 ../lab5_bsp/\libhal_bsp.a(alt_do_ctors.o)
 .debug_aranges
                0x00000000000002f0       0x20 ../lab5_bsp/\libhal_bsp.a(alt_do_dtors.o)
 .debug_aranges
                0x0000000000000310       0x18 ../lab5_bsp/\libhal_bsp.a(alt_errno.o)
 .debug_aranges
                0x0000000000000328       0x38 ../lab5_bsp/\libhal_bsp.a(alt_exception_entry.o)
 .debug_aranges
                0x0000000000000360       0x20 ../lab5_bsp/\libhal_bsp.a(alt_icache_flush_all.o)
 .debug_aranges
                0x0000000000000380       0x28 ../lab5_bsp/\libhal_bsp.a(alt_instruction_exception_entry.o)
 .debug_aranges
                0x00000000000003a8       0x20 ../lab5_bsp/\libhal_bsp.a(alt_io_redirect.o)
 .debug_aranges
                0x00000000000003c8       0x20 ../lab5_bsp/\libhal_bsp.a(alt_open.o)
 .debug_aranges
                0x00000000000003e8       0x20 ../lab5_bsp/\libhal_bsp.a(alt_release_fd.o)
 .debug_aranges
                0x0000000000000408       0x20 ../lab5_bsp/\libhal_bsp.a(alt_tick.o)
 .debug_aranges
                0x0000000000000428       0x20 ../lab5_bsp/\libhal_bsp.a(altera_nios2_gen2_irq.o)
 .debug_aranges
                0x0000000000000448       0x20 ../lab5_bsp/\libhal_bsp.a(alt_find_dev.o)
 .debug_aranges
                0x0000000000000468       0x20 ../lab5_bsp/\libhal_bsp.a(alt_find_file.o)
 .debug_aranges
                0x0000000000000488       0x20 ../lab5_bsp/\libhal_bsp.a(alt_get_fd.o)
 .debug_aranges
                0x00000000000004a8       0x20 c:/intelfpga_lite/18.1/nios2eds/bin/gnu/h-x86_64-mingw32/bin/../lib/gcc/nios2-elf/5.3.0/../../../../../H-x86_64-mingw32/nios2-elf/lib/mno-hw-mul\libc.a(lib_a-atexit.o)
 .debug_aranges
                0x00000000000004c8       0x20 c:/intelfpga_lite/18.1/nios2eds/bin/gnu/h-x86_64-mingw32/bin/../lib/gcc/nios2-elf/5.3.0/../../../../../H-x86_64-mingw32/nios2-elf/lib/mno-hw-mul\libc.a(lib_a-exit.o)
 .debug_aranges
                0x00000000000004e8       0x18 c:/intelfpga_lite/18.1/nios2eds/bin/gnu/h-x86_64-mingw32/bin/../lib/gcc/nios2-elf/5.3.0/../../../../../H-x86_64-mingw32/nios2-elf/lib/mno-hw-mul\libc.a(lib_a-impure.o)
 .debug_aranges
                0x0000000000000500       0x18 c:/intelfpga_lite/18.1/nios2eds/bin/gnu/h-x86_64-mingw32/bin/../lib/gcc/nios2-elf/5.3.0/../../../../../H-x86_64-mingw32/nios2-elf/lib/mno-hw-mul\libc.a(lib_a-int_errno.o)
 .debug_aranges
                0x0000000000000518       0x20 c:/intelfpga_lite/18.1/nios2eds/bin/gnu/h-x86_64-mingw32/bin/../lib/gcc/nios2-elf/5.3.0/../../../../../H-x86_64-mingw32/nios2-elf/lib/mno-hw-mul\libc.a(lib_a-memcmp.o)
 .debug_aranges
                0x0000000000000538       0x20 c:/intelfpga_lite/18.1/nios2eds/bin/gnu/h-x86_64-mingw32/bin/../lib/gcc/nios2-elf/5.3.0/../../../../../H-x86_64-mingw32/nios2-elf/lib/mno-hw-mul\libc.a(lib_a-memcpy.o)
 .debug_aranges
                0x0000000000000558       0x20 c:/intelfpga_lite/18.1/nios2eds/bin/gnu/h-x86_64-mingw32/bin/../lib/gcc/nios2-elf/5.3.0/../../../../../H-x86_64-mingw32/nios2-elf/lib/mno-hw-mul\libc.a(lib_a-strlen.o)
 .debug_aranges
                0x0000000000000578       0x20 c:/intelfpga_lite/18.1/nios2eds/bin/gnu/h-x86_64-mingw32/bin/../lib/gcc/nios2-elf/5.3.0/../../../../../H-x86_64-mingw32/nios2-elf/lib/mno-hw-mul\libc.a(lib_a-__atexit.o)
 .debug_aranges
                0x0000000000000598       0x20 c:/intelfpga_lite/18.1/nios2eds/bin/gnu/h-x86_64-mingw32/bin/../lib/gcc/nios2-elf/5.3.0/../../../../../H-x86_64-mingw32/nios2-elf/lib/mno-hw-mul\libc.a(lib_a-__call_atexit.o)
 .debug_aranges
                0x00000000000005b8       0x20 ../lab5_bsp/\libhal_bsp.a(alt_exit.o)

.debug_pubnames
 *(.debug_pubnames)

.debug_info     0x0000000000000000     0x7949
 *(.debug_info .gnu.linkonce.wi.*)
 .debug_info    0x0000000000000000       0x82 ../lab5_bsp//obj/HAL/src/crt0.o
 .debug_info    0x0000000000000082      0x202 obj/default/lab5.o
 .debug_info    0x0000000000000284      0x2c6 c:/intelfpga_lite/18.1/nios2eds/bin/gnu/h-x86_64-mingw32/bin/../lib/gcc/nios2-elf/5.3.0/mno-hw-mul\libgcc.a(lib2-divmod.o)
 .debug_info    0x000000000000054a       0xb4 c:/intelfpga_lite/18.1/nios2eds/bin/gnu/h-x86_64-mingw32/bin/../lib/gcc/nios2-elf/5.3.0/mno-hw-mul\libgcc.a(lib2-mul.o)
 .debug_info    0x00000000000005fe      0x350 ../lab5_bsp/\libhal_bsp.a(alt_iic.o)
 .debug_info    0x000000000000094e      0x1ef ../lab5_bsp/\libhal_bsp.a(alt_iic_isr_register.o)
 .debug_info    0x0000000000000b3d       0x8b ../lab5_bsp/\libhal_bsp.a(alt_irq_entry.o)
 .debug_info    0x0000000000000bc8      0x187 ../lab5_bsp/\libhal_bsp.a(alt_irq_handler.o)
 .debug_info    0x0000000000000d4f       0x88 ../lab5_bsp/\libhal_bsp.a(alt_irq_vars.o)
 .debug_info    0x0000000000000dd7      0x145 ../lab5_bsp/\libhal_bsp.a(alt_load.o)
 .debug_info    0x0000000000000f1c      0x131 ../lab5_bsp/\libhal_bsp.a(alt_main.o)
 .debug_info    0x000000000000104d      0x4c3 ../lab5_bsp/\libhal_bsp.a(alt_sys_init.o)
 .debug_info    0x0000000000001510      0x52e ../lab5_bsp/\libhal_bsp.a(altera_avalon_jtag_uart_fd.o)
 .debug_info    0x0000000000001a3e      0x3a0 ../lab5_bsp/\libhal_bsp.a(altera_avalon_jtag_uart_init.o)
 .debug_info    0x0000000000001dde      0x280 ../lab5_bsp/\libhal_bsp.a(altera_avalon_jtag_uart_ioctl.o)
 .debug_info    0x000000000000205e      0x345 ../lab5_bsp/\libhal_bsp.a(altera_avalon_jtag_uart_read.o)
 .debug_info    0x00000000000023a3      0x340 ../lab5_bsp/\libhal_bsp.a(altera_avalon_jtag_uart_write.o)
 .debug_info    0x00000000000026e3      0x2cc ../lab5_bsp/\libhal_bsp.a(alt_alarm_start.o)
 .debug_info    0x00000000000029af      0x321 ../lab5_bsp/\libhal_bsp.a(alt_close.o)
 .debug_info    0x0000000000002cd0       0x92 ../lab5_bsp/\libhal_bsp.a(alt_dcache_flush_all.o)
 .debug_info    0x0000000000002d62      0x49c ../lab5_bsp/\libhal_bsp.a(alt_dev.o)
 .debug_info    0x00000000000031fe      0x1a9 ../lab5_bsp/\libhal_bsp.a(alt_dev_llist_insert.o)
 .debug_info    0x00000000000033a7       0x83 ../lab5_bsp/\libhal_bsp.a(alt_do_ctors.o)
 .debug_info    0x000000000000342a       0x83 ../lab5_bsp/\libhal_bsp.a(alt_do_dtors.o)
 .debug_info    0x00000000000034ad       0xa6 ../lab5_bsp/\libhal_bsp.a(alt_errno.o)
 .debug_info    0x0000000000003553       0x91 ../lab5_bsp/\libhal_bsp.a(alt_exception_entry.o)
 .debug_info    0x00000000000035e4       0x92 ../lab5_bsp/\libhal_bsp.a(alt_icache_flush_all.o)
 .debug_info    0x0000000000003676      0x1e7 ../lab5_bsp/\libhal_bsp.a(alt_instruction_exception_entry.o)
 .debug_info    0x000000000000385d      0x4a5 ../lab5_bsp/\libhal_bsp.a(alt_io_redirect.o)
 .debug_info    0x0000000000003d02      0x3bb ../lab5_bsp/\libhal_bsp.a(alt_open.o)
 .debug_info    0x00000000000040bd      0x2b0 ../lab5_bsp/\libhal_bsp.a(alt_release_fd.o)
 .debug_info    0x000000000000436d      0x299 ../lab5_bsp/\libhal_bsp.a(alt_tick.o)
 .debug_info    0x0000000000004606       0x92 ../lab5_bsp/\libhal_bsp.a(altera_nios2_gen2_irq.o)
 .debug_info    0x0000000000004698      0x2e9 ../lab5_bsp/\libhal_bsp.a(alt_find_dev.o)
 .debug_info    0x0000000000004981      0x2e6 ../lab5_bsp/\libhal_bsp.a(alt_find_file.o)
 .debug_info    0x0000000000004c67      0x310 ../lab5_bsp/\libhal_bsp.a(alt_get_fd.o)
 .debug_info    0x0000000000004f77       0xfe c:/intelfpga_lite/18.1/nios2eds/bin/gnu/h-x86_64-mingw32/bin/../lib/gcc/nios2-elf/5.3.0/../../../../../H-x86_64-mingw32/nios2-elf/lib/mno-hw-mul\libc.a(lib_a-atexit.o)
 .debug_info    0x0000000000005075      0x8e4 c:/intelfpga_lite/18.1/nios2eds/bin/gnu/h-x86_64-mingw32/bin/../lib/gcc/nios2-elf/5.3.0/../../../../../H-x86_64-mingw32/nios2-elf/lib/mno-hw-mul\libc.a(lib_a-exit.o)
 .debug_info    0x0000000000005959      0x8a1 c:/intelfpga_lite/18.1/nios2eds/bin/gnu/h-x86_64-mingw32/bin/../lib/gcc/nios2-elf/5.3.0/../../../../../H-x86_64-mingw32/nios2-elf/lib/mno-hw-mul\libc.a(lib_a-impure.o)
 .debug_info    0x00000000000061fa       0x8a c:/intelfpga_lite/18.1/nios2eds/bin/gnu/h-x86_64-mingw32/bin/../lib/gcc/nios2-elf/5.3.0/../../../../../H-x86_64-mingw32/nios2-elf/lib/mno-hw-mul\libc.a(lib_a-int_errno.o)
 .debug_info    0x0000000000006284      0x11a c:/intelfpga_lite/18.1/nios2eds/bin/gnu/h-x86_64-mingw32/bin/../lib/gcc/nios2-elf/5.3.0/../../../../../H-x86_64-mingw32/nios2-elf/lib/mno-hw-mul\libc.a(lib_a-memcmp.o)
 .debug_info    0x000000000000639e      0x144 c:/intelfpga_lite/18.1/nios2eds/bin/gnu/h-x86_64-mingw32/bin/../lib/gcc/nios2-elf/5.3.0/../../../../../H-x86_64-mingw32/nios2-elf/lib/mno-hw-mul\libc.a(lib_a-memcpy.o)
 .debug_info    0x00000000000064e2       0xe2 c:/intelfpga_lite/18.1/nios2eds/bin/gnu/h-x86_64-mingw32/bin/../lib/gcc/nios2-elf/5.3.0/../../../../../H-x86_64-mingw32/nios2-elf/lib/mno-hw-mul\libc.a(lib_a-strlen.o)
 .debug_info    0x00000000000065c4      0x934 c:/intelfpga_lite/18.1/nios2eds/bin/gnu/h-x86_64-mingw32/bin/../lib/gcc/nios2-elf/5.3.0/../../../../../H-x86_64-mingw32/nios2-elf/lib/mno-hw-mul\libc.a(lib_a-__atexit.o)
 .debug_info    0x0000000000006ef8      0x965 c:/intelfpga_lite/18.1/nios2eds/bin/gnu/h-x86_64-mingw32/bin/../lib/gcc/nios2-elf/5.3.0/../../../../../H-x86_64-mingw32/nios2-elf/lib/mno-hw-mul\libc.a(lib_a-__call_atexit.o)
 .debug_info    0x000000000000785d       0xec ../lab5_bsp/\libhal_bsp.a(alt_exit.o)

.debug_abbrev   0x0000000000000000     0x2a7e
 *(.debug_abbrev)
 .debug_abbrev  0x0000000000000000       0x12 ../lab5_bsp//obj/HAL/src/crt0.o
 .debug_abbrev  0x0000000000000012       0xbc obj/default/lab5.o
 .debug_abbrev  0x00000000000000ce      0x10e c:/intelfpga_lite/18.1/nios2eds/bin/gnu/h-x86_64-mingw32/bin/../lib/gcc/nios2-elf/5.3.0/mno-hw-mul\libgcc.a(lib2-divmod.o)
 .debug_abbrev  0x00000000000001dc       0x6f c:/intelfpga_lite/18.1/nios2eds/bin/gnu/h-x86_64-mingw32/bin/../lib/gcc/nios2-elf/5.3.0/mno-hw-mul\libgcc.a(lib2-mul.o)
 .debug_abbrev  0x000000000000024b      0x163 ../lab5_bsp/\libhal_bsp.a(alt_iic.o)
 .debug_abbrev  0x00000000000003ae      0x169 ../lab5_bsp/\libhal_bsp.a(alt_iic_isr_register.o)
 .debug_abbrev  0x0000000000000517       0x12 ../lab5_bsp/\libhal_bsp.a(alt_irq_entry.o)
 .debug_abbrev  0x0000000000000529      0x122 ../lab5_bsp/\libhal_bsp.a(alt_irq_handler.o)
 .debug_abbrev  0x000000000000064b       0x40 ../lab5_bsp/\libhal_bsp.a(alt_irq_vars.o)
 .debug_abbrev  0x000000000000068b       0x9f ../lab5_bsp/\libhal_bsp.a(alt_load.o)
 .debug_abbrev  0x000000000000072a       0xba ../lab5_bsp/\libhal_bsp.a(alt_main.o)
 .debug_abbrev  0x00000000000007e4      0x187 ../lab5_bsp/\libhal_bsp.a(alt_sys_init.o)
 .debug_abbrev  0x000000000000096b      0x127 ../lab5_bsp/\libhal_bsp.a(altera_avalon_jtag_uart_fd.o)
 .debug_abbrev  0x0000000000000a92      0x19e ../lab5_bsp/\libhal_bsp.a(altera_avalon_jtag_uart_init.o)
 .debug_abbrev  0x0000000000000c30      0x111 ../lab5_bsp/\libhal_bsp.a(altera_avalon_jtag_uart_ioctl.o)
 .debug_abbrev  0x0000000000000d41      0x1aa ../lab5_bsp/\libhal_bsp.a(altera_avalon_jtag_uart_read.o)
 .debug_abbrev  0x0000000000000eeb      0x1a8 ../lab5_bsp/\libhal_bsp.a(altera_avalon_jtag_uart_write.o)
 .debug_abbrev  0x0000000000001093      0x162 ../lab5_bsp/\libhal_bsp.a(alt_alarm_start.o)
 .debug_abbrev  0x00000000000011f5      0x11f ../lab5_bsp/\libhal_bsp.a(alt_close.o)
 .debug_abbrev  0x0000000000001314       0x42 ../lab5_bsp/\libhal_bsp.a(alt_dcache_flush_all.o)
 .debug_abbrev  0x0000000000001356       0xd9 ../lab5_bsp/\libhal_bsp.a(alt_dev.o)
 .debug_abbrev  0x000000000000142f      0x114 ../lab5_bsp/\libhal_bsp.a(alt_dev_llist_insert.o)
 .debug_abbrev  0x0000000000001543       0x79 ../lab5_bsp/\libhal_bsp.a(alt_do_ctors.o)
 .debug_abbrev  0x00000000000015bc       0x79 ../lab5_bsp/\libhal_bsp.a(alt_do_dtors.o)
 .debug_abbrev  0x0000000000001635       0x5a ../lab5_bsp/\libhal_bsp.a(alt_errno.o)
 .debug_abbrev  0x000000000000168f       0x12 ../lab5_bsp/\libhal_bsp.a(alt_exception_entry.o)
 .debug_abbrev  0x00000000000016a1       0x42 ../lab5_bsp/\libhal_bsp.a(alt_icache_flush_all.o)
 .debug_abbrev  0x00000000000016e3       0xdc ../lab5_bsp/\libhal_bsp.a(alt_instruction_exception_entry.o)
 .debug_abbrev  0x00000000000017bf      0x114 ../lab5_bsp/\libhal_bsp.a(alt_io_redirect.o)
 .debug_abbrev  0x00000000000018d3      0x148 ../lab5_bsp/\libhal_bsp.a(alt_open.o)
 .debug_abbrev  0x0000000000001a1b       0xde ../lab5_bsp/\libhal_bsp.a(alt_release_fd.o)
 .debug_abbrev  0x0000000000001af9      0x15a ../lab5_bsp/\libhal_bsp.a(alt_tick.o)
 .debug_abbrev  0x0000000000001c53       0x42 ../lab5_bsp/\libhal_bsp.a(altera_nios2_gen2_irq.o)
 .debug_abbrev  0x0000000000001c95       0xf0 ../lab5_bsp/\libhal_bsp.a(alt_find_dev.o)
 .debug_abbrev  0x0000000000001d85       0xf0 ../lab5_bsp/\libhal_bsp.a(alt_find_file.o)
 .debug_abbrev  0x0000000000001e75      0x10d ../lab5_bsp/\libhal_bsp.a(alt_get_fd.o)
 .debug_abbrev  0x0000000000001f82       0xaa c:/intelfpga_lite/18.1/nios2eds/bin/gnu/h-x86_64-mingw32/bin/../lib/gcc/nios2-elf/5.3.0/../../../../../H-x86_64-mingw32/nios2-elf/lib/mno-hw-mul\libc.a(lib_a-atexit.o)
 .debug_abbrev  0x000000000000202c      0x1e5 c:/intelfpga_lite/18.1/nios2eds/bin/gnu/h-x86_64-mingw32/bin/../lib/gcc/nios2-elf/5.3.0/../../../../../H-x86_64-mingw32/nios2-elf/lib/mno-hw-mul\libc.a(lib_a-exit.o)
 .debug_abbrev  0x0000000000002211      0x18f c:/intelfpga_lite/18.1/nios2eds/bin/gnu/h-x86_64-mingw32/bin/../lib/gcc/nios2-elf/5.3.0/../../../../../H-x86_64-mingw32/nios2-elf/lib/mno-hw-mul\libc.a(lib_a-impure.o)
 .debug_abbrev  0x00000000000023a0       0x37 c:/intelfpga_lite/18.1/nios2eds/bin/gnu/h-x86_64-mingw32/bin/../lib/gcc/nios2-elf/5.3.0/../../../../../H-x86_64-mingw32/nios2-elf/lib/mno-hw-mul\libc.a(lib_a-int_errno.o)
 .debug_abbrev  0x00000000000023d7       0x7f c:/intelfpga_lite/18.1/nios2eds/bin/gnu/h-x86_64-mingw32/bin/../lib/gcc/nios2-elf/5.3.0/../../../../../H-x86_64-mingw32/nios2-elf/lib/mno-hw-mul\libc.a(lib_a-memcmp.o)
 .debug_abbrev  0x0000000000002456       0xa3 c:/intelfpga_lite/18.1/nios2eds/bin/gnu/h-x86_64-mingw32/bin/../lib/gcc/nios2-elf/5.3.0/../../../../../H-x86_64-mingw32/nios2-elf/lib/mno-hw-mul\libc.a(lib_a-memcpy.o)
 .debug_abbrev  0x00000000000024f9       0x90 c:/intelfpga_lite/18.1/nios2eds/bin/gnu/h-x86_64-mingw32/bin/../lib/gcc/nios2-elf/5.3.0/../../../../../H-x86_64-mingw32/nios2-elf/lib/mno-hw-mul\libc.a(lib_a-strlen.o)
 .debug_abbrev  0x0000000000002589      0x21e c:/intelfpga_lite/18.1/nios2eds/bin/gnu/h-x86_64-mingw32/bin/../lib/gcc/nios2-elf/5.3.0/../../../../../H-x86_64-mingw32/nios2-elf/lib/mno-hw-mul\libc.a(lib_a-__atexit.o)
 .debug_abbrev  0x00000000000027a7      0x22e c:/intelfpga_lite/18.1/nios2eds/bin/gnu/h-x86_64-mingw32/bin/../lib/gcc/nios2-elf/5.3.0/../../../../../H-x86_64-mingw32/nios2-elf/lib/mno-hw-mul\libc.a(lib_a-__call_atexit.o)
 .debug_abbrev  0x00000000000029d5       0xa9 ../lab5_bsp/\libhal_bsp.a(alt_exit.o)

.debug_line     0x0000000000000000     0x2a99
 *(.debug_line)
 .debug_line    0x0000000000000000       0x66 ../lab5_bsp//obj/HAL/src/crt0.o
 .debug_line    0x0000000000000066       0x80 obj/default/lab5.o
 .debug_line    0x00000000000000e6      0x105 c:/intelfpga_lite/18.1/nios2eds/bin/gnu/h-x86_64-mingw32/bin/../lib/gcc/nios2-elf/5.3.0/mno-hw-mul\libgcc.a(lib2-divmod.o)
 .debug_line    0x00000000000001eb       0x80 c:/intelfpga_lite/18.1/nios2eds/bin/gnu/h-x86_64-mingw32/bin/../lib/gcc/nios2-elf/5.3.0/mno-hw-mul\libgcc.a(lib2-mul.o)
 .debug_line    0x000000000000026b       0xeb ../lab5_bsp/\libhal_bsp.a(alt_iic.o)
 .debug_line    0x0000000000000356       0xdb ../lab5_bsp/\libhal_bsp.a(alt_iic_isr_register.o)
 .debug_line    0x0000000000000431       0x6b ../lab5_bsp/\libhal_bsp.a(alt_irq_entry.o)
 .debug_line    0x000000000000049c       0xaa ../lab5_bsp/\libhal_bsp.a(alt_irq_handler.o)
 .debug_line    0x0000000000000546       0x50 ../lab5_bsp/\libhal_bsp.a(alt_irq_vars.o)
 .debug_line    0x0000000000000596       0x8e ../lab5_bsp/\libhal_bsp.a(alt_load.o)
 .debug_line    0x0000000000000624       0xa4 ../lab5_bsp/\libhal_bsp.a(alt_main.o)
 .debug_line    0x00000000000006c8      0x137 ../lab5_bsp/\libhal_bsp.a(alt_sys_init.o)
 .debug_line    0x00000000000007ff      0x12f ../lab5_bsp/\libhal_bsp.a(altera_avalon_jtag_uart_fd.o)
 .debug_line    0x000000000000092e      0x18b ../lab5_bsp/\libhal_bsp.a(altera_avalon_jtag_uart_init.o)
 .debug_line    0x0000000000000ab9      0x131 ../lab5_bsp/\libhal_bsp.a(altera_avalon_jtag_uart_ioctl.o)
 .debug_line    0x0000000000000bea      0x171 ../lab5_bsp/\libhal_bsp.a(altera_avalon_jtag_uart_read.o)
 .debug_line    0x0000000000000d5b      0x170 ../lab5_bsp/\libhal_bsp.a(altera_avalon_jtag_uart_write.o)
 .debug_line    0x0000000000000ecb       0xf9 ../lab5_bsp/\libhal_bsp.a(alt_alarm_start.o)
 .debug_line    0x0000000000000fc4      0x165 ../lab5_bsp/\libhal_bsp.a(alt_close.o)
 .debug_line    0x0000000000001129       0x51 ../lab5_bsp/\libhal_bsp.a(alt_dcache_flush_all.o)
 .debug_line    0x000000000000117a       0xf8 ../lab5_bsp/\libhal_bsp.a(alt_dev.o)
 .debug_line    0x0000000000001272       0xcf ../lab5_bsp/\libhal_bsp.a(alt_dev_llist_insert.o)
 .debug_line    0x0000000000001341       0x59 ../lab5_bsp/\libhal_bsp.a(alt_do_ctors.o)
 .debug_line    0x000000000000139a       0x59 ../lab5_bsp/\libhal_bsp.a(alt_do_dtors.o)
 .debug_line    0x00000000000013f3       0x51 ../lab5_bsp/\libhal_bsp.a(alt_errno.o)
 .debug_line    0x0000000000001444       0xb3 ../lab5_bsp/\libhal_bsp.a(alt_exception_entry.o)
 .debug_line    0x00000000000014f7       0x4f ../lab5_bsp/\libhal_bsp.a(alt_icache_flush_all.o)
 .debug_line    0x0000000000001546       0xb9 ../lab5_bsp/\libhal_bsp.a(alt_instruction_exception_entry.o)
 .debug_line    0x00000000000015ff      0x135 ../lab5_bsp/\libhal_bsp.a(alt_io_redirect.o)
 .debug_line    0x0000000000001734      0x12b ../lab5_bsp/\libhal_bsp.a(alt_open.o)
 .debug_line    0x000000000000185f       0xb0 ../lab5_bsp/\libhal_bsp.a(alt_release_fd.o)
 .debug_line    0x000000000000190f       0xff ../lab5_bsp/\libhal_bsp.a(alt_tick.o)
 .debug_line    0x0000000000001a0e       0x51 ../lab5_bsp/\libhal_bsp.a(altera_nios2_gen2_irq.o)
 .debug_line    0x0000000000001a5f       0xb5 ../lab5_bsp/\libhal_bsp.a(alt_find_dev.o)
 .debug_line    0x0000000000001b14       0xd1 ../lab5_bsp/\libhal_bsp.a(alt_find_file.o)
 .debug_line    0x0000000000001be5       0xd7 ../lab5_bsp/\libhal_bsp.a(alt_get_fd.o)
 .debug_line    0x0000000000001cbc       0xe7 c:/intelfpga_lite/18.1/nios2eds/bin/gnu/h-x86_64-mingw32/bin/../lib/gcc/nios2-elf/5.3.0/../../../../../H-x86_64-mingw32/nios2-elf/lib/mno-hw-mul\libc.a(lib_a-atexit.o)
 .debug_line    0x0000000000001da3      0x1fc c:/intelfpga_lite/18.1/nios2eds/bin/gnu/h-x86_64-mingw32/bin/../lib/gcc/nios2-elf/5.3.0/../../../../../H-x86_64-mingw32/nios2-elf/lib/mno-hw-mul\libc.a(lib_a-exit.o)
 .debug_line    0x0000000000001f9f      0x160 c:/intelfpga_lite/18.1/nios2eds/bin/gnu/h-x86_64-mingw32/bin/../lib/gcc/nios2-elf/5.3.0/../../../../../H-x86_64-mingw32/nios2-elf/lib/mno-hw-mul\libc.a(lib_a-impure.o)
 .debug_line    0x00000000000020ff       0x5f c:/intelfpga_lite/18.1/nios2eds/bin/gnu/h-x86_64-mingw32/bin/../lib/gcc/nios2-elf/5.3.0/../../../../../H-x86_64-mingw32/nios2-elf/lib/mno-hw-mul\libc.a(lib_a-int_errno.o)
 .debug_line    0x000000000000215e      0x176 c:/intelfpga_lite/18.1/nios2eds/bin/gnu/h-x86_64-mingw32/bin/../lib/gcc/nios2-elf/5.3.0/../../../../../H-x86_64-mingw32/nios2-elf/lib/mno-hw-mul\libc.a(lib_a-memcmp.o)
 .debug_line    0x00000000000022d4      0x18c c:/intelfpga_lite/18.1/nios2eds/bin/gnu/h-x86_64-mingw32/bin/../lib/gcc/nios2-elf/5.3.0/../../../../../H-x86_64-mingw32/nios2-elf/lib/mno-hw-mul\libc.a(lib_a-memcpy.o)
 .debug_line    0x0000000000002460      0x16f c:/intelfpga_lite/18.1/nios2eds/bin/gnu/h-x86_64-mingw32/bin/../lib/gcc/nios2-elf/5.3.0/../../../../../H-x86_64-mingw32/nios2-elf/lib/mno-hw-mul\libc.a(lib_a-strlen.o)
 .debug_line    0x00000000000025cf      0x21f c:/intelfpga_lite/18.1/nios2eds/bin/gnu/h-x86_64-mingw32/bin/../lib/gcc/nios2-elf/5.3.0/../../../../../H-x86_64-mingw32/nios2-elf/lib/mno-hw-mul\libc.a(lib_a-__atexit.o)
 .debug_line    0x00000000000027ee      0x23a c:/intelfpga_lite/18.1/nios2eds/bin/gnu/h-x86_64-mingw32/bin/../lib/gcc/nios2-elf/5.3.0/../../../../../H-x86_64-mingw32/nios2-elf/lib/mno-hw-mul\libc.a(lib_a-__call_atexit.o)
 .debug_line    0x0000000000002a28       0x71 ../lab5_bsp/\libhal_bsp.a(alt_exit.o)

.debug_frame    0x0000000000000000      0xb4c
 *(.debug_frame)
 .debug_frame   0x0000000000000000       0x84 obj/default/lab5.o
 .debug_frame   0x0000000000000084       0x50 c:/intelfpga_lite/18.1/nios2eds/bin/gnu/h-x86_64-mingw32/bin/../lib/gcc/nios2-elf/5.3.0/mno-hw-mul\libgcc.a(lib2-divmod.o)
 .debug_frame   0x00000000000000d4       0x20 c:/intelfpga_lite/18.1/nios2eds/bin/gnu/h-x86_64-mingw32/bin/../lib/gcc/nios2-elf/5.3.0/mno-hw-mul\libgcc.a(lib2-mul.o)
 .debug_frame   0x00000000000000f4       0xa4 ../lab5_bsp/\libhal_bsp.a(alt_iic.o)
 .debug_frame   0x0000000000000198       0x38 ../lab5_bsp/\libhal_bsp.a(alt_iic_isr_register.o)
 .debug_frame   0x00000000000001d0       0x38 ../lab5_bsp/\libhal_bsp.a(alt_irq_handler.o)
 .debug_frame   0x0000000000000208       0x5c ../lab5_bsp/\libhal_bsp.a(alt_load.o)
 .debug_frame   0x0000000000000264       0x2c ../lab5_bsp/\libhal_bsp.a(alt_main.o)
 .debug_frame   0x0000000000000290       0x88 ../lab5_bsp/\libhal_bsp.a(alt_sys_init.o)
 .debug_frame   0x0000000000000318       0xb0 ../lab5_bsp/\libhal_bsp.a(altera_avalon_jtag_uart_fd.o)
 .debug_frame   0x00000000000003c8       0xa4 ../lab5_bsp/\libhal_bsp.a(altera_avalon_jtag_uart_init.o)
 .debug_frame   0x000000000000046c       0x34 ../lab5_bsp/\libhal_bsp.a(altera_avalon_jtag_uart_ioctl.o)
 .debug_frame   0x00000000000004a0       0x38 ../lab5_bsp/\libhal_bsp.a(altera_avalon_jtag_uart_read.o)
 .debug_frame   0x00000000000004d8       0x38 ../lab5_bsp/\libhal_bsp.a(altera_avalon_jtag_uart_write.o)
 .debug_frame   0x0000000000000510       0x34 ../lab5_bsp/\libhal_bsp.a(alt_alarm_start.o)
 .debug_frame   0x0000000000000544       0x60 ../lab5_bsp/\libhal_bsp.a(alt_close.o)
 .debug_frame   0x00000000000005a4       0x34 ../lab5_bsp/\libhal_bsp.a(alt_dcache_flush_all.o)
 .debug_frame   0x00000000000005d8       0x34 ../lab5_bsp/\libhal_bsp.a(alt_dev.o)
 .debug_frame   0x000000000000060c       0x60 ../lab5_bsp/\libhal_bsp.a(alt_dev_llist_insert.o)
 .debug_frame   0x000000000000066c       0x38 ../lab5_bsp/\libhal_bsp.a(alt_do_ctors.o)
 .debug_frame   0x00000000000006a4       0x38 ../lab5_bsp/\libhal_bsp.a(alt_do_dtors.o)
 .debug_frame   0x00000000000006dc       0x34 ../lab5_bsp/\libhal_bsp.a(alt_icache_flush_all.o)
 .debug_frame   0x0000000000000710       0x5c ../lab5_bsp/\libhal_bsp.a(alt_instruction_exception_entry.o)
 .debug_frame   0x000000000000076c       0x64 ../lab5_bsp/\libhal_bsp.a(alt_io_redirect.o)
 .debug_frame   0x00000000000007d0       0x8c ../lab5_bsp/\libhal_bsp.a(alt_open.o)
 .debug_frame   0x000000000000085c       0x3c ../lab5_bsp/\libhal_bsp.a(alt_release_fd.o)
 .debug_frame   0x0000000000000898       0x5c ../lab5_bsp/\libhal_bsp.a(alt_tick.o)
 .debug_frame   0x00000000000008f4       0x34 ../lab5_bsp/\libhal_bsp.a(altera_nios2_gen2_irq.o)
 .debug_frame   0x0000000000000928       0x38 ../lab5_bsp/\libhal_bsp.a(alt_find_dev.o)
 .debug_frame   0x0000000000000960       0x38 ../lab5_bsp/\libhal_bsp.a(alt_find_file.o)
 .debug_frame   0x0000000000000998       0x3c ../lab5_bsp/\libhal_bsp.a(alt_get_fd.o)
 .debug_frame   0x00000000000009d4       0x20 c:/intelfpga_lite/18.1/nios2eds/bin/gnu/h-x86_64-mingw32/bin/../lib/gcc/nios2-elf/5.3.0/../../../../../H-x86_64-mingw32/nios2-elf/lib/mno-hw-mul\libc.a(lib_a-atexit.o)
 .debug_frame   0x00000000000009f4       0x28 c:/intelfpga_lite/18.1/nios2eds/bin/gnu/h-x86_64-mingw32/bin/../lib/gcc/nios2-elf/5.3.0/../../../../../H-x86_64-mingw32/nios2-elf/lib/mno-hw-mul\libc.a(lib_a-exit.o)
 .debug_frame   0x0000000000000a1c       0x20 c:/intelfpga_lite/18.1/nios2eds/bin/gnu/h-x86_64-mingw32/bin/../lib/gcc/nios2-elf/5.3.0/../../../../../H-x86_64-mingw32/nios2-elf/lib/mno-hw-mul\libc.a(lib_a-memcmp.o)
 .debug_frame   0x0000000000000a3c       0x38 c:/intelfpga_lite/18.1/nios2eds/bin/gnu/h-x86_64-mingw32/bin/../lib/gcc/nios2-elf/5.3.0/../../../../../H-x86_64-mingw32/nios2-elf/lib/mno-hw-mul\libc.a(lib_a-memcpy.o)
 .debug_frame   0x0000000000000a74       0x20 c:/intelfpga_lite/18.1/nios2eds/bin/gnu/h-x86_64-mingw32/bin/../lib/gcc/nios2-elf/5.3.0/../../../../../H-x86_64-mingw32/nios2-elf/lib/mno-hw-mul\libc.a(lib_a-strlen.o)
 .debug_frame   0x0000000000000a94       0x38 c:/intelfpga_lite/18.1/nios2eds/bin/gnu/h-x86_64-mingw32/bin/../lib/gcc/nios2-elf/5.3.0/../../../../../H-x86_64-mingw32/nios2-elf/lib/mno-hw-mul\libc.a(lib_a-__atexit.o)
 .debug_frame   0x0000000000000acc       0x54 c:/intelfpga_lite/18.1/nios2eds/bin/gnu/h-x86_64-mingw32/bin/../lib/gcc/nios2-elf/5.3.0/../../../../../H-x86_64-mingw32/nios2-elf/lib/mno-hw-mul\libc.a(lib_a-__call_atexit.o)
 .debug_frame   0x0000000000000b20       0x2c ../lab5_bsp/\libhal_bsp.a(alt_exit.o)

.debug_str      0x0000000000000000     0x1ca9
 *(.debug_str)
 .debug_str     0x0000000000000000      0x1b1 obj/default/lab5.o
                                        0x1f7 (size before relaxing)
 .debug_str     0x00000000000001b1      0x187 c:/intelfpga_lite/18.1/nios2eds/bin/gnu/h-x86_64-mingw32/bin/../lib/gcc/nios2-elf/5.3.0/mno-hw-mul\libgcc.a(lib2-divmod.o)
                                        0x1d2 (size before relaxing)
 .debug_str     0x0000000000000338       0x40 c:/intelfpga_lite/18.1/nios2eds/bin/gnu/h-x86_64-mingw32/bin/../lib/gcc/nios2-elf/5.3.0/mno-hw-mul\libgcc.a(lib2-mul.o)
                                        0x193 (size before relaxing)
 .debug_str     0x0000000000000378      0x151 ../lab5_bsp/\libhal_bsp.a(alt_iic.o)
                                        0x252 (size before relaxing)
 .debug_str     0x00000000000004c9       0x4c ../lab5_bsp/\libhal_bsp.a(alt_iic_isr_register.o)
                                        0x1fc (size before relaxing)
 .debug_str     0x0000000000000515       0x3a ../lab5_bsp/\libhal_bsp.a(alt_irq_handler.o)
                                        0x1ab (size before relaxing)
 .debug_str     0x000000000000054f       0x17 ../lab5_bsp/\libhal_bsp.a(alt_irq_vars.o)
                                        0x14e (size before relaxing)
 .debug_str     0x0000000000000566       0xe9 ../lab5_bsp/\libhal_bsp.a(alt_load.o)
                                        0x226 (size before relaxing)
 .debug_str     0x000000000000064f       0x70 ../lab5_bsp/\libhal_bsp.a(alt_main.o)
                                        0x1b1 (size before relaxing)
 .debug_str     0x00000000000006bf      0x1a2 ../lab5_bsp/\libhal_bsp.a(alt_sys_init.o)
                                        0x36c (size before relaxing)
 .debug_str     0x0000000000000861       0xb9 ../lab5_bsp/\libhal_bsp.a(altera_avalon_jtag_uart_fd.o)
                                        0x3b8 (size before relaxing)
 .debug_str     0x000000000000091a       0xd1 ../lab5_bsp/\libhal_bsp.a(altera_avalon_jtag_uart_init.o)
                                        0x34c (size before relaxing)
 .debug_str     0x00000000000009eb       0x4a ../lab5_bsp/\libhal_bsp.a(altera_avalon_jtag_uart_ioctl.o)
                                        0x2a7 (size before relaxing)
 .debug_str     0x0000000000000a35       0x48 ../lab5_bsp/\libhal_bsp.a(altera_avalon_jtag_uart_read.o)
                                        0x2fc (size before relaxing)
 .debug_str     0x0000000000000a7d       0x4a ../lab5_bsp/\libhal_bsp.a(altera_avalon_jtag_uart_write.o)
                                        0x2fd (size before relaxing)
 .debug_str     0x0000000000000ac7       0x59 ../lab5_bsp/\libhal_bsp.a(alt_alarm_start.o)
                                        0x292 (size before relaxing)
 .debug_str     0x0000000000000b20       0x44 ../lab5_bsp/\libhal_bsp.a(alt_close.o)
                                        0x21f (size before relaxing)
 .debug_str     0x0000000000000b64       0x34 ../lab5_bsp/\libhal_bsp.a(alt_dcache_flush_all.o)
                                        0x169 (size before relaxing)
 .debug_str     0x0000000000000b98      0x120 ../lab5_bsp/\libhal_bsp.a(alt_dev.o)
                                        0x319 (size before relaxing)
 .debug_str     0x0000000000000cb8       0x34 ../lab5_bsp/\libhal_bsp.a(alt_dev_llist_insert.o)
                                        0x1e0 (size before relaxing)
 .debug_str     0x0000000000000cec       0x48 ../lab5_bsp/\libhal_bsp.a(alt_do_ctors.o)
                                         0xe4 (size before relaxing)
 .debug_str     0x0000000000000d34       0x4c ../lab5_bsp/\libhal_bsp.a(alt_do_dtors.o)
                                         0xe3 (size before relaxing)
 .debug_str     0x0000000000000d80       0x14 ../lab5_bsp/\libhal_bsp.a(alt_errno.o)
                                        0x159 (size before relaxing)
 .debug_str     0x0000000000000d94       0x34 ../lab5_bsp/\libhal_bsp.a(alt_icache_flush_all.o)
                                        0x169 (size before relaxing)
 .debug_str     0x0000000000000dc8      0x48b ../lab5_bsp/\libhal_bsp.a(alt_instruction_exception_entry.o)
                                        0x5b4 (size before relaxing)
 .debug_str     0x0000000000001253       0x56 ../lab5_bsp/\libhal_bsp.a(alt_io_redirect.o)
                                        0x32a (size before relaxing)
 .debug_str     0x00000000000012a9       0x2f ../lab5_bsp/\libhal_bsp.a(alt_open.o)
                                        0x25f (size before relaxing)
 .debug_str     0x00000000000012d8       0x28 ../lab5_bsp/\libhal_bsp.a(alt_release_fd.o)
                                        0x1e7 (size before relaxing)
 .debug_str     0x0000000000001300       0x4a ../lab5_bsp/\libhal_bsp.a(alt_tick.o)
                                        0x266 (size before relaxing)
 .debug_str     0x000000000000134a       0x3b ../lab5_bsp/\libhal_bsp.a(altera_nios2_gen2_irq.o)
                                        0x170 (size before relaxing)
 .debug_str     0x0000000000001385       0x24 ../lab5_bsp/\libhal_bsp.a(alt_find_dev.o)
                                        0x200 (size before relaxing)
 .debug_str     0x00000000000013a9       0x26 ../lab5_bsp/\libhal_bsp.a(alt_find_file.o)
                                        0x20e (size before relaxing)
 .debug_str     0x00000000000013cf       0x30 ../lab5_bsp/\libhal_bsp.a(alt_get_fd.o)
                                        0x230 (size before relaxing)
 .debug_str     0x00000000000013ff      0x17c c:/intelfpga_lite/18.1/nios2eds/bin/gnu/h-x86_64-mingw32/bin/../lib/gcc/nios2-elf/5.3.0/../../../../../H-x86_64-mingw32/nios2-elf/lib/mno-hw-mul\libc.a(lib_a-atexit.o)
                                        0x221 (size before relaxing)
 .debug_str     0x000000000000157b      0x3b5 c:/intelfpga_lite/18.1/nios2eds/bin/gnu/h-x86_64-mingw32/bin/../lib/gcc/nios2-elf/5.3.0/../../../../../H-x86_64-mingw32/nios2-elf/lib/mno-hw-mul\libc.a(lib_a-exit.o)
                                        0x5be (size before relaxing)
 .debug_str     0x0000000000001930       0xd6 c:/intelfpga_lite/18.1/nios2eds/bin/gnu/h-x86_64-mingw32/bin/../lib/gcc/nios2-elf/5.3.0/../../../../../H-x86_64-mingw32/nios2-elf/lib/mno-hw-mul\libc.a(lib_a-impure.o)
                                        0x5b5 (size before relaxing)
 .debug_str     0x0000000000001a06       0x3f c:/intelfpga_lite/18.1/nios2eds/bin/gnu/h-x86_64-mingw32/bin/../lib/gcc/nios2-elf/5.3.0/../../../../../H-x86_64-mingw32/nios2-elf/lib/mno-hw-mul\libc.a(lib_a-int_errno.o)
                                        0x1dd (size before relaxing)
 .debug_str     0x0000000000001a45       0xda c:/intelfpga_lite/18.1/nios2eds/bin/gnu/h-x86_64-mingw32/bin/../lib/gcc/nios2-elf/5.3.0/../../../../../H-x86_64-mingw32/nios2-elf/lib/mno-hw-mul\libc.a(lib_a-memcmp.o)
                                        0x1e4 (size before relaxing)
 .debug_str     0x0000000000001b1f       0x6b c:/intelfpga_lite/18.1/nios2eds/bin/gnu/h-x86_64-mingw32/bin/../lib/gcc/nios2-elf/5.3.0/../../../../../H-x86_64-mingw32/nios2-elf/lib/mno-hw-mul\libc.a(lib_a-memcpy.o)
                                        0x20b (size before relaxing)
 .debug_str     0x0000000000001b8a       0x51 c:/intelfpga_lite/18.1/nios2eds/bin/gnu/h-x86_64-mingw32/bin/../lib/gcc/nios2-elf/5.3.0/../../../../../H-x86_64-mingw32/nios2-elf/lib/mno-hw-mul\libc.a(lib_a-strlen.o)
                                        0x1f7 (size before relaxing)
 .debug_str     0x0000000000001bdb       0x3f c:/intelfpga_lite/18.1/nios2eds/bin/gnu/h-x86_64-mingw32/bin/../lib/gcc/nios2-elf/5.3.0/../../../../../H-x86_64-mingw32/nios2-elf/lib/mno-hw-mul\libc.a(lib_a-__atexit.o)
                                        0x5f6 (size before relaxing)
 .debug_str     0x0000000000001c1a       0x65 c:/intelfpga_lite/18.1/nios2eds/bin/gnu/h-x86_64-mingw32/bin/../lib/gcc/nios2-elf/5.3.0/../../../../../H-x86_64-mingw32/nios2-elf/lib/mno-hw-mul\libc.a(lib_a-__call_atexit.o)
                                        0x5e2 (size before relaxing)
 .debug_str     0x0000000000001c7f       0x2a ../lab5_bsp/\libhal_bsp.a(alt_exit.o)
                                        0x165 (size before relaxing)

.debug_loc      0x0000000000000000      0xcd1
 *(.debug_loc)
 .debug_loc     0x0000000000000000      0x4ce c:/intelfpga_lite/18.1/nios2eds/bin/gnu/h-x86_64-mingw32/bin/../lib/gcc/nios2-elf/5.3.0/mno-hw-mul\libgcc.a(lib2-divmod.o)
 .debug_loc     0x00000000000004ce       0x93 c:/intelfpga_lite/18.1/nios2eds/bin/gnu/h-x86_64-mingw32/bin/../lib/gcc/nios2-elf/5.3.0/mno-hw-mul\libgcc.a(lib2-mul.o)
 .debug_loc     0x0000000000000561       0x2c c:/intelfpga_lite/18.1/nios2eds/bin/gnu/h-x86_64-mingw32/bin/../lib/gcc/nios2-elf/5.3.0/../../../../../H-x86_64-mingw32/nios2-elf/lib/mno-hw-mul\libc.a(lib_a-atexit.o)
 .debug_loc     0x000000000000058d       0x1e c:/intelfpga_lite/18.1/nios2eds/bin/gnu/h-x86_64-mingw32/bin/../lib/gcc/nios2-elf/5.3.0/../../../../../H-x86_64-mingw32/nios2-elf/lib/mno-hw-mul\libc.a(lib_a-exit.o)
 .debug_loc     0x00000000000005ab      0x126 c:/intelfpga_lite/18.1/nios2eds/bin/gnu/h-x86_64-mingw32/bin/../lib/gcc/nios2-elf/5.3.0/../../../../../H-x86_64-mingw32/nios2-elf/lib/mno-hw-mul\libc.a(lib_a-memcmp.o)
 .debug_loc     0x00000000000006d1      0x266 c:/intelfpga_lite/18.1/nios2eds/bin/gnu/h-x86_64-mingw32/bin/../lib/gcc/nios2-elf/5.3.0/../../../../../H-x86_64-mingw32/nios2-elf/lib/mno-hw-mul\libc.a(lib_a-memcpy.o)
 .debug_loc     0x0000000000000937       0x47 c:/intelfpga_lite/18.1/nios2eds/bin/gnu/h-x86_64-mingw32/bin/../lib/gcc/nios2-elf/5.3.0/../../../../../H-x86_64-mingw32/nios2-elf/lib/mno-hw-mul\libc.a(lib_a-strlen.o)
 .debug_loc     0x000000000000097e      0x185 c:/intelfpga_lite/18.1/nios2eds/bin/gnu/h-x86_64-mingw32/bin/../lib/gcc/nios2-elf/5.3.0/../../../../../H-x86_64-mingw32/nios2-elf/lib/mno-hw-mul\libc.a(lib_a-__atexit.o)
 .debug_loc     0x0000000000000b03      0x1ce c:/intelfpga_lite/18.1/nios2eds/bin/gnu/h-x86_64-mingw32/bin/../lib/gcc/nios2-elf/5.3.0/../../../../../H-x86_64-mingw32/nios2-elf/lib/mno-hw-mul\libc.a(lib_a-__call_atexit.o)

.debug_macinfo
 *(.debug_macinfo)

.debug_weaknames
 *(.debug_weaknames)

.debug_funcnames
 *(.debug_funcnames)

.debug_typenames
 *(.debug_typenames)

.debug_varnames
 *(.debug_varnames)

.debug_alt_sim_info
                0x0000000000000000       0x10
 *(.debug_alt_sim_info)
 .debug_alt_sim_info
                0x0000000000000000       0x10 ../lab5_bsp//obj/HAL/src/crt0.o
                0x0000000000010000                __alt_data_end = 0x10000
                0x0000000000010000                PROVIDE (__alt_stack_pointer, __alt_data_end)
                [!provide]                        PROVIDE (__alt_stack_limit, __alt_stack_base)
                [!provide]                        PROVIDE (__alt_heap_start, end)
                [!provide]                        PROVIDE (__alt_heap_limit, 0x10000)
OUTPUT(lab5.elf elf32-littlenios2)

.debug_ranges   0x0000000000000000      0x1d8
 .debug_ranges  0x0000000000000000       0x20 ../lab5_bsp//obj/HAL/src/crt0.o
 .debug_ranges  0x0000000000000020       0x60 c:/intelfpga_lite/18.1/nios2eds/bin/gnu/h-x86_64-mingw32/bin/../lib/gcc/nios2-elf/5.3.0/mno-hw-mul\libgcc.a(lib2-divmod.o)
 .debug_ranges  0x0000000000000080       0x28 ../lab5_bsp/\libhal_bsp.a(alt_irq_entry.o)
 .debug_ranges  0x00000000000000a8       0x10 ../lab5_bsp/\libhal_bsp.a(alt_irq_handler.o)
 .debug_ranges  0x00000000000000b8       0x30 ../lab5_bsp/\libhal_bsp.a(altera_avalon_jtag_uart_init.o)
 .debug_ranges  0x00000000000000e8       0x18 ../lab5_bsp/\libhal_bsp.a(altera_avalon_jtag_uart_read.o)
 .debug_ranges  0x0000000000000100       0x30 ../lab5_bsp/\libhal_bsp.a(alt_exception_entry.o)
 .debug_ranges  0x0000000000000130       0x18 ../lab5_bsp/\libhal_bsp.a(alt_instruction_exception_entry.o)
 .debug_ranges  0x0000000000000148       0x10 c:/intelfpga_lite/18.1/nios2eds/bin/gnu/h-x86_64-mingw32/bin/../lib/gcc/nios2-elf/5.3.0/../../../../../H-x86_64-mingw32/nios2-elf/lib/mno-hw-mul\libc.a(lib_a-atexit.o)
 .debug_ranges  0x0000000000000158       0x10 c:/intelfpga_lite/18.1/nios2eds/bin/gnu/h-x86_64-mingw32/bin/../lib/gcc/nios2-elf/5.3.0/../../../../../H-x86_64-mingw32/nios2-elf/lib/mno-hw-mul\libc.a(lib_a-exit.o)
 .debug_ranges  0x0000000000000168       0x10 c:/intelfpga_lite/18.1/nios2eds/bin/gnu/h-x86_64-mingw32/bin/../lib/gcc/nios2-elf/5.3.0/../../../../../H-x86_64-mingw32/nios2-elf/lib/mno-hw-mul\libc.a(lib_a-memcmp.o)
 .debug_ranges  0x0000000000000178       0x10 c:/intelfpga_lite/18.1/nios2eds/bin/gnu/h-x86_64-mingw32/bin/../lib/gcc/nios2-elf/5.3.0/../../../../../H-x86_64-mingw32/nios2-elf/lib/mno-hw-mul\libc.a(lib_a-memcpy.o)
 .debug_ranges  0x0000000000000188       0x10 c:/intelfpga_lite/18.1/nios2eds/bin/gnu/h-x86_64-mingw32/bin/../lib/gcc/nios2-elf/5.3.0/../../../../../H-x86_64-mingw32/nios2-elf/lib/mno-hw-mul\libc.a(lib_a-strlen.o)
 .debug_ranges  0x0000000000000198       0x10 c:/intelfpga_lite/18.1/nios2eds/bin/gnu/h-x86_64-mingw32/bin/../lib/gcc/nios2-elf/5.3.0/../../../../../H-x86_64-mingw32/nios2-elf/lib/mno-hw-mul\libc.a(lib_a-__atexit.o)
 .debug_ranges  0x00000000000001a8       0x30 c:/intelfpga_lite/18.1/nios2eds/bin/gnu/h-x86_64-mingw32/bin/../lib/gcc/nios2-elf/5.3.0/../../../../../H-x86_64-mingw32/nios2-elf/lib/mno-hw-mul\libc.a(lib_a-__call_atexit.o)
