Assembler report for Audio_Demo
Sat Mar 28 20:48:26 2026
Quartus Prime Version 18.1.0 Build 625 09/12/2018 SJ Lite Edition


---------------------
; Table of Contents ;
---------------------
  1. Legal Notice
  2. Assembler Summary
  3. Assembler Settings
  4. Assembler Encrypted IP Cores Summary
  5. Assembler Generated Files
  6. Assembler Device Options: C:/Users/a9284/Documents/GitHub/CPET-561/Demos/Audio_Demo/Audio_Demo_quartus/output_files/Audio_Demo.sof
  7. Assembler Messages



----------------
; Legal Notice ;
----------------
Copyright (C) 2018  Intel Corporation. All rights reserved.
Your use of Intel Corporation's design tools, logic functions 
and other software and tools, and its AMPP partner logic 
functions, and any output files from any of the foregoing 
(including device programming or simulation files), and any 
associated documentation or information are expressly subject 
to the terms and conditions of the Intel Program License 
Subscription Agreement, the Intel Quartus Prime License Agreement,
the Intel FPGA IP License Agreement, or other applicable license
agreement, including, without limitation, that your use is for
the sole purpose of programming logic devices manufactured by
Intel and sold by Intel or its authorized distributors.  Please
refer to the applicable agreement for further details.



+---------------------------------------------------------------+
; Assembler Summary                                             ;
+-----------------------+---------------------------------------+
; Assembler Status      ; Successful - Sat Mar 28 20:48:26 2026 ;
; Revision Name         ; Audio_Demo                            ;
; Top-level Entity Name ; audio_demo                            ;
; Family                ; Cyclone V                             ;
; Device                ; 5CSEMA5F31C6                          ;
+-----------------------+---------------------------------------+


+----------------------------------+
; Assembler Settings               ;
+--------+---------+---------------+
; Option ; Setting ; Default Value ;
+--------+---------+---------------+


+------------------------------------------------+
; Assembler Encrypted IP Cores Summary           ;
+--------+------------------------+--------------+
; Vendor ; IP Core Name           ; License Type ;
+--------+------------------------+--------------+
; Altera ; Signal Tap (6AF7 BCE1) ; Licensed     ;
; Altera ; Signal Tap (6AF7 BCEC) ; Licensed     ;
+--------+------------------------+--------------+


+----------------------------------------------------------------------------------------------------------+
; Assembler Generated Files                                                                                ;
+----------------------------------------------------------------------------------------------------------+
; File Name                                                                                                ;
+----------------------------------------------------------------------------------------------------------+
; C:/Users/a9284/Documents/GitHub/CPET-561/Demos/Audio_Demo/Audio_Demo_quartus/output_files/Audio_Demo.sof ;
+----------------------------------------------------------------------------------------------------------+


+------------------------------------------------------------------------------------------------------------------------------------+
; Assembler Device Options: C:/Users/a9284/Documents/GitHub/CPET-561/Demos/Audio_Demo/Audio_Demo_quartus/output_files/Audio_Demo.sof ;
+----------------+-------------------------------------------------------------------------------------------------------------------+
; Option         ; Setting                                                                                                           ;
+----------------+-------------------------------------------------------------------------------------------------------------------+
; JTAG usercode  ; 0x025488AB                                                                                                        ;
; Checksum       ; 0x025488AB                                                                                                        ;
+----------------+-------------------------------------------------------------------------------------------------------------------+


+--------------------+
; Assembler Messages ;
+--------------------+
Info: *******************************************************************
Info: Running Quartus Prime Assembler
    Info: Version 18.1.0 Build 625 09/12/2018 SJ Lite Edition
    Info: Processing started: Sat Mar 28 20:48:16 2026
Info: Command: quartus_asm --read_settings_files=off --write_settings_files=off Audio_Demo -c Audio_Demo
Warning (18236): Number of processors has not been specified which may cause overloading on shared machines.  Set the global assignment NUM_PARALLEL_PROCESSORS in your QSF to an appropriate value for best performance.
Info (115030): Assembler is generating device programming files
Info: Quartus Prime Assembler was successful. 0 errors, 1 warning
    Info: Peak virtual memory: 4892 megabytes
    Info: Processing ended: Sat Mar 28 20:48:26 2026
    Info: Elapsed time: 00:00:10
    Info: Total CPU time (on all processors): 00:00:09


