02:35:40 **** Build of configuration Nios II for project custom_component_demo ****
make all 
Info: Building ../custom_component_demo_bsp/
C:/intelFPGA_lite/18.1/nios2eds/bin/gnu/H-x86_64-mingw32/bin/make --no-print-directory -C ../custom_component_demo_bsp/
[BSP build complete]
Info: Compiling custom_component_demo.c to obj/default/custom_component_demo.o
nios2-elf-gcc -xc -MP -MMD -c -I../custom_component_demo_bsp//HAL/inc -I../custom_component_demo_bsp/ -I../custom_component_demo_bsp//drivers/inc  -pipe -D__hal__ -DALT_NO_INSTRUCTION_EMULATION -DALT_SINGLE_THREADED    -O0 -g -Wall   -mno-hw-div -mno-hw-mul -mno-hw-mulx -mgpopt=global  -o obj/default/custom_component_demo.o custom_component_demo.c
Info: Linking custom_component_demo.elf
nios2-elf-g++  -T'../custom_component_demo_bsp//linker.x' -msys-crt0='../custom_component_demo_bsp//obj/HAL/src/crt0.o' -msys-lib=hal_bsp -L../custom_component_demo_bsp/   -Wl,-Map=custom_component_demo.map   -O0 -g -Wall   -mno-hw-div -mno-hw-mul -mno-hw-mulx -mgpopt=global  -o custom_component_demo.elf obj/default/custom_component_demo.o -lm -msys-lib=m
nios2-elf-insert custom_component_demo.elf --thread_model hal --cpu_name nios2_gen2_0 --qsys true --simulation_enabled false --id 48 --sidp 0x11028 --timestamp 1770965846 --stderr_dev jtag_uart_0 --stdin_dev jtag_uart_0 --stdout_dev jtag_uart_0 --sopc_system_name nios_system --quartus_project_dir "C:/Users/a9284/Documents/GitHub/CPET-561/Demos/cc_demo" --jdi ../..//output_files/custom_component_demo.jdi --sopcinfo C:/Users/a9284/Documents/GitHub/CPET-561/Demos/cc_demo/software/custom_component_demo_bsp/../../nios_system.sopcinfo
Info: (custom_component_demo.elf) 15 KBytes program size (code + initialized data).
Info:                             11 KBytes free for stack + heap.
Info: Creating custom_component_demo.objdump
nios2-elf-objdump --disassemble --syms --all-header --source custom_component_demo.elf >custom_component_demo.objdump
[custom_component_demo build complete]
02:35:53 **** Build of configuration Nios II for project custom_component_demo ****
make all 
Info: Building ../custom_component_demo_bsp/
C:/intelFPGA_lite/18.1/nios2eds/bin/gnu/H-x86_64-mingw32/bin/make --no-print-directory -C ../custom_component_demo_bsp/
[BSP build complete]
[custom_component_demo build complete]
02:35:56 **** Incremental Build of configuration Nios II for project custom_component_demo ****
make all 
Info: Building ../custom_component_demo_bsp/
C:/intelFPGA_lite/18.1/nios2eds/bin/gnu/H-x86_64-mingw32/bin/make --no-print-directory -C ../custom_component_demo_bsp/
[BSP build complete]
[custom_component_demo build complete]
02:49:25 **** Incremental Build of configuration Nios II for project custom_component_demo ****
make all 
Info: Building ../custom_component_demo_bsp/
C:/intelFPGA_lite/18.1/nios2eds/bin/gnu/H-x86_64-mingw32/bin/make --no-print-directory -C ../custom_component_demo_bsp/
[BSP build complete]
[custom_component_demo build complete]
03:00:44 **** Incremental Build of configuration Nios II for project custom_component_demo ****
make all 
Info: Building ../custom_component_demo_bsp/
C:/intelFPGA_lite/18.1/nios2eds/bin/gnu/H-x86_64-mingw32/bin/make --no-print-directory -C ../custom_component_demo_bsp/
[BSP build complete]
[custom_component_demo build complete]
